$ bun run generate-routes
$ node scripts/generate-redirects.js

🔧 Generating routing files from Route Registry...

✅ Route Registry validation passed
   86 routes defined
✅ Generated _redirects file from Route Registry
   10 dynamic routes, 72 static routes
✅ Generated _routes.json file from Route Registry
   Excluded 6 routes from Cloudflare Functions

✨ Routing files generated successfully!

$ (bun run lint || true) && bun run knip:report && vite build
$ eslint src/

C:\Users\Split Lease\Documents\Split Lease\app\src\TestContractsPage.jsx
    1:8   warning  'React' is defined but never used. Allowed unused vars must match /^_/u           no-unused-vars
  470:14  warning  'error' is defined but never used. Allowed unused caught errors must match /^_/u  no-unused-vars
  600:23  warning  `"` can be escaped with `&quot;`, `&ldquo;`, `&#34;`, `&rdquo;`                   react/no-unescaped-entities
  600:41  warning  `"` can be escaped with `&quot;`, `&ldquo;`, `&#34;`, `&rdquo;`                   react/no-unescaped-entities

C:\Users\Split Lease\Documents\Split Lease\app\src\__tests__\integration\auth-flow.test.js
   18:3   warning  'clearAuthData' is defined but never used. Allowed unused vars must match /^_/u              no-unused-vars
   19:3   warning  'getAuthToken' is defined but never used. Allowed unused vars must match /^_/u               no-unused-vars
   20:3   warning  'getSessionId' is defined but never used. Allowed unused vars must match /^_/u               no-unused-vars
   21:3   warning  'getUserType' is defined but never used. Allowed unused vars must match /^_/u                no-unused-vars
  106:7   warning  'originalLocation' is assigned a value but never used. Allowed unused vars must match /^_/u  no-unused-vars
  107:7   warning  'originalCookie' is assigned a value but never used. Allowed unused vars must match /^_/u    no-unused-vars
  488:13  warning  'secureStorage' is assigned a value but never used. Allowed unused vars must match /^_/u     no-unused-vars

C:\Users\Split Lease\Documents\Split Lease\app\src\__tests__\integration\notificationPreferences.integration.test.jsx
  19:3   warning  'toggleChannelInArray' is defined but never used. Allowed unused vars must match /^_/u  no-unused-vars
  80:25  warning  'column' is defined but never used. Allowed unused args must match /^_/u                no-unused-vars
  80:33  warning  'value' is defined but never used. Allowed unused args must match /^_/u                 no-unused-vars
  94:37  warning  'table' is defined but never used. Allowed unused args must match /^_/u                 no-unused-vars

C:\Users\Split Lease\Documents\Split Lease\app\src\__tests__\integration\pricing\end-to-end-pricing-workflow.integration.test.js
   20:10  warning  'PRICING_CONSTANTS' is defined but never used. Allowed unused vars must match /^_/u          no-unused-vars
   33:7   warning  'mockEdgeFunction' is assigned a value but never used. Allowed unused vars must match /^_/u  no-unused-vars
  442:70  warning  'data' is defined but never used. Allowed unused args must match /^_/u                       no-unused-vars
  447:13  warning  'result' is assigned a value but never used. Allowed unused vars must match /^_/u            no-unused-vars

C:\Users\Split Lease\Documents\Split Lease\app\src\__tests__\integration\pricing\pricing-workflow-regression.integration.test.js
   14:32  warning  'vi' is defined but never used. Allowed unused vars must match /^_/u                      no-unused-vars
   14:36  warning  'beforeEach' is defined but never used. Allowed unused vars must match /^_/u              no-unused-vars
  602:13  warning  'legacyListing' is assigned a value but never used. Allowed unused vars must match /^_/u  no-unused-vars

C:\Users\Split Lease\Documents\Split Lease\app\src\__tests__\integration\property-search.test.js
  12:10  warning  'renderHook' is defined but never used. Allowed unused vars must match /^_/u  no-unused-vars
  12:22  warning  'act' is defined but never used. Allowed unused vars must match /^_/u         no-unused-vars
  12:27  warning  'waitFor' is defined but never used. Allowed unused vars must match /^_/u     no-unused-vars

C:\Users\Split Lease\Documents\Split Lease\app\src\hooks\useAuthenticatedUser.js
  20:40  warning  'requireGuest' is assigned a value but never used. Allowed unused args must match /^_/u  no-unused-vars
  20:62  warning  'requireHost' is assigned a value but never used. Allowed unused args must match /^_/u   no-unused-vars

C:\Users\Split Lease\Documents\Split Lease\app\src\hooks\useBiddingRealtime.js
  184:6  warning  React Hook useEffect has missing dependencies: 'handleBidInsert', 'handleParticipantUpdate', and 'handleSessionUpdate'. Either include them or remove the dependency array  react-hooks/exhaustive-deps
  300:6  warning  React Hook useCallback has a missing dependency: 'setMaxAutoBid'. Either include it or remove the dependency array                                                          react-hooks/exhaustive-deps

C:\Users\Split Lease\Documents\Split Lease\app\src\hooks\useDeviceDetection.test.js
  18:7  warning  'originalOntouchstart' is assigned a value but never used. Allowed unused vars must match /^_/u    no-unused-vars
  19:7  warning  'originalMaxTouchPoints' is assigned a value but never used. Allowed unused vars must match /^_/u  no-unused-vars

C:\Users\Split Lease\Documents\Split Lease\app\src\hooks\useImageCarousel.test.js
  1:36  warning  'beforeEach' is defined but never used. Allowed unused vars must match /^_/u  no-unused-vars

C:\Users\Split Lease\Documents\Split Lease\app\src\hooks\useProposalButtonStates.js
  10:61  warning  React Hook useMemo has a missing dependency: 'params'. Either include it or remove the dependency array  react-hooks/exhaustive-deps

C:\Users\Split Lease\Documents\Split Lease\app\src\islands\modals\CancelProposalModal.stories.jsx
  205:24   warning  `"` can be escaped with `&quot;`, `&ldquo;`, `&#34;`, `&rdquo;`  react/no-unescaped-entities
  205:40   warning  `"` can be escaped with `&quot;`, `&ldquo;`, `&#34;`, `&rdquo;`  react/no-unescaped-entities
  206:26   warning  `"` can be escaped with `&quot;`, `&ldquo;`, `&#34;`, `&rdquo;`  react/no-unescaped-entities
  206:96   warning  `"` can be escaped with `&quot;`, `&ldquo;`, `&#34;`, `&rdquo;`  react/no-unescaped-entities
  208:33   warning  `"` can be escaped with `&quot;`, `&ldquo;`, `&#34;`, `&rdquo;`  react/no-unescaped-entities
  208:45   warning  `"` can be escaped with `&quot;`, `&ldquo;`, `&#34;`, `&rdquo;`  react/no-unescaped-entities
  215:24   warning  `"` can be escaped with `&quot;`, `&ldquo;`, `&#34;`, `&rdquo;`  react/no-unescaped-entities
  215:40   warning  `"` can be escaped with `&quot;`, `&ldquo;`, `&#34;`, `&rdquo;`  react/no-unescaped-entities
  216:26   warning  `"` can be escaped with `&quot;`, `&ldquo;`, `&#34;`, `&rdquo;`  react/no-unescaped-entities
  216:95   warning  `"` can be escaped with `&quot;`, `&ldquo;`, `&#34;`, `&rdquo;`  react/no-unescaped-entities
  218:33   warning  `"` can be escaped with `&quot;`, `&ldquo;`, `&#34;`, `&rdquo;`  react/no-unescaped-entities
  218:45   warning  `"` can be escaped with `&quot;`, `&ldquo;`, `&#34;`, `&rdquo;`  react/no-unescaped-entities
  225:24   warning  `"` can be escaped with `&quot;`, `&ldquo;`, `&#34;`, `&rdquo;`  react/no-unescaped-entities
  225:45   warning  `"` can be escaped with `&quot;`, `&ldquo;`, `&#34;`, `&rdquo;`  react/no-unescaped-entities
  226:26   warning  `"` can be escaped with `&quot;`, `&ldquo;`, `&#34;`, `&rdquo;`  react/no-unescaped-entities
  226:68   warning  `'` can be escaped with `&apos;`, `&lsquo;`, `&#39;`, `&rsquo;`  react/no-unescaped-entities
  226:107  warning  `"` can be escaped with `&quot;`, `&ldquo;`, `&#34;`, `&rdquo;`  react/no-unescaped-entities

C:\Users\Split Lease\Documents\Split Lease\app\src\islands\modals\CompareTermsModal.jsx
  192:5  warning  'isCancelling' is assigned a value but never used. Allowed unused vars must match /^_/u  no-unused-vars
  200:5  warning  'listingInfo' is assigned a value but never used. Allowed unused vars must match /^_/u   no-unused-vars

C:\Users\Split Lease\Documents\Split Lease\app\src\islands\modals\EditPhoneNumberModal.stories.jsx
  71:15  warning  `'` can be escaped with `&apos;`, `&lsquo;`, `&#39;`, `&rsquo;`  react/no-unescaped-entities

C:\Users\Split Lease\Documents\Split Lease\app\src\islands\modals\FullscreenProposalMapModal.jsx
   30:10  warning  'COLORS' is defined but never used. Allowed unused vars must match /^_/u                                                     no-unused-vars
   31:10  warning  'formatPrice' is defined but never used. Allowed unused vars must match /^_/u                                                no-unused-vars
  151:6   warning  React Hook useCallback has a missing dependency: 'updateMarkerHighlights'. Either include it or remove the dependency array  react-hooks/exhaustive-deps

C:\Users\Split Lease\Documents\Split Lease\app\src\islands\modals\GuestEditingProposalModal.jsx
   28:26  warning  'ChevronRight' is defined but never used. Allowed unused vars must match /^_/u                           no-unused-vars
  170:3   warning  'onCheckInSelect' is defined but never used. Allowed unused args must match /^_/u                        no-unused-vars
  171:3   warning  'onCheckOutSelect' is defined but never used. Allowed unused args must match /^_/u                       no-unused-vars
  180:9   warning  'dayToDayOption' is assigned a value but never used. Allowed unused vars must match /^_/u                no-unused-vars
  190:9   warning  'isCheckInDay' is assigned a value but never used. Allowed unused vars must match /^_/u                  no-unused-vars
  194:9   warning  'isCheckOutDay' is assigned a value but never used. Allowed unused vars must match /^_/u                 no-unused-vars
  547:46  warning  'e' is defined but never used. Allowed unused caught errors must match /^_/u                             no-unused-vars
  617:10  warning  'isPriceBreakdownVisible' is assigned a value but never used. Allowed unused vars must match /^_/u       no-unused-vars
  638:9   warning  'showBreakdownDetails' is assigned a value but never used. Allowed unused vars must match /^_/u          no-unused-vars
  640:9   warning  'isPristine' is assigned a value but never used. Allowed unused vars must match /^_/u                    no-unused-vars
  801:9   warning  'handleInitiateCancelProposal' is assigned a value but never used. Allowed unused vars must match /^_/u  no-unused-vars
  944:24  warning  `'` can be escaped with `&apos;`, `&lsquo;`, `&#39;`, `&rsquo;`                                          react/no-unescaped-entities

C:\Users\Split Lease\Documents\Split Lease\app\src\islands\modals\GuestProfileModal.jsx
  109:47  warning  'Icon' is defined but never used. Allowed unused args must match /^_/u  no-unused-vars

C:\Users\Split Lease\Documents\Split Lease\app\src\islands\modals\MapModal.stories.jsx
  203:15  warning  `"` can be escaped with `&quot;`, `&ldquo;`, `&#34;`, `&rdquo;`  react/no-unescaped-entities
  203:28  warning  `"` can be escaped with `&quot;`, `&ldquo;`, `&#34;`, `&rdquo;`  react/no-unescaped-entities

C:\Users\Split Lease\Documents\Split Lease\app\src\islands\modals\ProposalDetailsModal.jsx
  27:6  warning  React Hook useEffect has a missing dependency: 'loadHouseRules'. Either include it or remove the dependency array  react-hooks/exhaustive-deps

C:\Users\Split Lease\Documents\Split Lease\app\src\islands\modals\ProposalSuccessModal.jsx
  209:19  warning  `'` can be escaped with `&apos;`, `&lsquo;`, `&#39;`, `&rsquo;`  react/no-unescaped-entities
  222:19  warning  `'` can be escaped with `&apos;`, `&lsquo;`, `&#39;`, `&rsquo;`  react/no-unescaped-entities

C:\Users\Split Lease\Documents\Split Lease\app\src\islands\modals\ProposalSuccessModal.stories.jsx
  239:87  warning  `'` can be escaped with `&apos;`, `&lsquo;`, `&#39;`, `&rsquo;`  react/no-unescaped-entities
  322:87  warning  `'` can be escaped with `&apos;`, `&lsquo;`, `&#39;`, `&rsquo;`  react/no-unescaped-entities

C:\Users\Split Lease\Documents\Split Lease\app\src\islands\modals\useCompareTermsModalLogic.js
   17:29  warning  'useEffect' is defined but never used. Allowed unused vars must match /^_/u  no-unused-vars
  388:45  warning  'reason' is defined but never used. Allowed unused args must match /^_/u     no-unused-vars

C:\Users\Split Lease\Documents\Split Lease\app\src\islands\pages\AboutUsPage\AboutUsPage.jsx
  155:17   warning  `'` can be escaped with `&apos;`, `&lsquo;`, `&#39;`, `&rsquo;`  react/no-unescaped-entities
  155:104  warning  `'` can be escaped with `&apos;`, `&lsquo;`, `&#39;`, `&rsquo;`  react/no-unescaped-entities
  202:33   warning  `'` can be escaped with `&apos;`, `&lsquo;`, `&#39;`, `&rsquo;`  react/no-unescaped-entities
  208:163  warning  `'` can be escaped with `&apos;`, `&lsquo;`, `&#39;`, `&rsquo;`  react/no-unescaped-entities
  216:198  warning  `'` can be escaped with `&apos;`, `&lsquo;`, `&#39;`, `&rsquo;`  react/no-unescaped-entities
  216:239  warning  `'` can be escaped with `&apos;`, `&lsquo;`, `&#39;`, `&rsquo;`  react/no-unescaped-entities

C:\Users\Split Lease\Documents\Split Lease\app\src\islands\pages\AccountProfilePage\AccountProfilePage.jsx
   12:8   warning  'React' is defined but never used. Allowed unused vars must match /^_/u     no-unused-vars
  210:26  warning  'newPhone' is defined but never used. Allowed unused args must match /^_/u  no-unused-vars

C:\Users\Split Lease\Documents\Split Lease\app\src\islands\pages\AccountProfilePage\components\EditorView.jsx
  8:8  warning  'React' is defined but never used. Allowed unused vars must match /^_/u  no-unused-vars

C:\Users\Split Lease\Documents\Split Lease\app\src\islands\pages\AccountProfilePage\components\ProfileSidebar.jsx
   11:8   warning  'React' is defined but never used. Allowed unused vars must match /^_/u          no-unused-vars
   16:17  warning  'X' is defined but never used. Allowed unused vars must match /^_/u              no-unused-vars
  141:19  warning  'Icon' is assigned a value but never used. Allowed unused vars must match /^_/u  no-unused-vars

C:\Users\Split Lease\Documents\Split Lease\app\src\islands\pages\AccountProfilePage\components\PublicView.jsx
  10:8  warning  'React' is defined but never used. Allowed unused vars must match /^_/u          no-unused-vars
  34:3  warning  'verifications' is defined but never used. Allowed unused args must match /^_/u  no-unused-vars

C:\Users\Split Lease\Documents\Split Lease\app\src\islands\pages\AccountProfilePage\components\ReferralBanner.jsx
  8:8  warning  'React' is defined but never used. Allowed unused vars must match /^_/u  no-unused-vars

C:\Users\Split Lease\Documents\Split Lease\app\src\islands\pages\AccountProfilePage\components\ReferralModal.jsx
  15:8  warning  'React' is defined but never used. Allowed unused vars must match /^_/u  no-unused-vars

C:\Users\Split Lease\Documents\Split Lease\app\src\islands\pages\AccountProfilePage\components\RentalApplicationCard.jsx
  13:8   warning  'React' is defined but never used. Allowed unused vars must match /^_/u  no-unused-vars
  61:18  warning  `'` can be escaped with `&apos;`, `&lsquo;`, `&#39;`, `&rsquo;`          react/no-unescaped-entities

C:\Users\Split Lease\Documents\Split Lease\app\src\islands\pages\AccountProfilePage\components\cards\AboutCard.jsx
  8:8  warning  'React' is defined but never used. Allowed unused vars must match /^_/u  no-unused-vars

C:\Users\Split Lease\Documents\Split Lease\app\src\islands\pages\AccountProfilePage\components\cards\AccountSettingsCard.jsx
  8:8  warning  'React' is defined but never used. Allowed unused vars must match /^_/u  no-unused-vars

C:\Users\Split Lease\Documents\Split Lease\app\src\islands\pages\AccountProfilePage\components\cards\BasicInfoCard.jsx
  13:8  warning  'React' is defined but never used. Allowed unused vars must match /^_/u  no-unused-vars

C:\Users\Split Lease\Documents\Split Lease\app\src\islands\pages\AccountProfilePage\components\cards\ListingsCard.jsx
    9:8   warning  'React' is defined but never used. Allowed unused vars must match /^_/u  no-unused-vars
  169:19  warning  `'` can be escaped with `&apos;`, `&lsquo;`, `&#39;`, `&rsquo;`          react/no-unescaped-entities

C:\Users\Split Lease\Documents\Split Lease\app\src\islands\pages\AccountProfilePage\components\cards\MyRequirementsCard.jsx
  8:8  warning  'React' is defined but never used. Allowed unused vars must match /^_/u  no-unused-vars

C:\Users\Split Lease\Documents\Split Lease\app\src\islands\pages\AccountProfilePage\components\cards\ReasonsCard.jsx
  10:8  warning  'React' is defined but never used. Allowed unused vars must match /^_/u  no-unused-vars

C:\Users\Split Lease\Documents\Split Lease\app\src\islands\pages\AccountProfilePage\components\cards\RequirementsCard.jsx
  8:8  warning  'React' is defined but never used. Allowed unused vars must match /^_/u  no-unused-vars

C:\Users\Split Lease\Documents\Split Lease\app\src\islands\pages\AccountProfilePage\components\cards\ScheduleCard.jsx
  8:8  warning  'React' is defined but never used. Allowed unused vars must match /^_/u  no-unused-vars

C:\Users\Split Lease\Documents\Split Lease\app\src\islands\pages\AccountProfilePage\components\cards\ScheduleCommuteCard.jsx
  10:8  warning  'React' is defined but never used. Allowed unused vars must match /^_/u                      no-unused-vars
  34:9  warning  'selectedDayNames' is assigned a value but never used. Allowed unused vars must match /^_/u  no-unused-vars

C:\Users\Split Lease\Documents\Split Lease\app\src\islands\pages\AccountProfilePage\components\cards\StorageItemsCard.jsx
  10:8  warning  'React' is defined but never used. Allowed unused vars must match /^_/u  no-unused-vars

C:\Users\Split Lease\Documents\Split Lease\app\src\islands\pages\AccountProfilePage\components\cards\TransportCard.jsx
  8:8  warning  'React' is defined but never used. Allowed unused vars must match /^_/u  no-unused-vars

C:\Users\Split Lease\Documents\Split Lease\app\src\islands\pages\AccountProfilePage\components\cards\TrustVerificationCard.jsx
  8:8  warning  'React' is defined but never used. Allowed unused vars must match /^_/u  no-unused-vars

C:\Users\Split Lease\Documents\Split Lease\app\src\islands\pages\AccountProfilePage\components\cards\VideoIntroCard.jsx
   9:8   warning  'React' is defined but never used. Allowed unused vars must match /^_/u   no-unused-vars
  11:17  warning  'Upload' is defined but never used. Allowed unused vars must match /^_/u  no-unused-vars

C:\Users\Split Lease\Documents\Split Lease\app\src\islands\pages\AccountProfilePage\components\cards\WhySplitLeaseCard.jsx
  8:8  warning  'React' is defined but never used. Allowed unused vars must match /^_/u  no-unused-vars

C:\Users\Split Lease\Documents\Split Lease\app\src\islands\pages\AccountProfilePage\components\shared\AvatarWithBadge.jsx
   9:8  warning  'React' is defined but never used. Allowed unused vars must match /^_/u                no-unused-vars
  20:9  warning  'getInitial' is assigned a value but never used. Allowed unused vars must match /^_/u  no-unused-vars

C:\Users\Split Lease\Documents\Split Lease\app\src\islands\pages\AccountProfilePage\components\shared\CoverPhotoEditor.jsx
  8:8  warning  'React' is defined but never used. Allowed unused vars must match /^_/u  no-unused-vars

C:\Users\Split Lease\Documents\Split Lease\app\src\islands\pages\AccountProfilePage\components\shared\DaySelectorPills.jsx
  10:8  warning  'React' is defined but never used. Allowed unused vars must match /^_/u  no-unused-vars

C:\Users\Split Lease\Documents\Split Lease\app\src\islands\pages\AccountProfilePage\components\shared\FixedSaveBar.jsx
  8:8  warning  'React' is defined but never used. Allowed unused vars must match /^_/u  no-unused-vars

C:\Users\Split Lease\Documents\Split Lease\app\src\islands\pages\AccountProfilePage\components\shared\NextActionCard.jsx
  8:8  warning  'React' is defined but never used. Allowed unused vars must match /^_/u  no-unused-vars

C:\Users\Split Lease\Documents\Split Lease\app\src\islands\pages\AccountProfilePage\components\shared\ProfileCard.jsx
  9:8  warning  'React' is defined but never used. Allowed unused vars must match /^_/u  no-unused-vars

C:\Users\Split Lease\Documents\Split Lease\app\src\islands\pages\AccountProfilePage\components\shared\ProfileCard.stories.jsx
  101:16  warning  `'` can be escaped with `&apos;`, `&lsquo;`, `&#39;`, `&rsquo;`  react/no-unescaped-entities

C:\Users\Split Lease\Documents\Split Lease\app\src\islands\pages\AccountProfilePage\components\shared\ProfileStrengthMeter.jsx
  8:8  warning  'React' is defined but never used. Allowed unused vars must match /^_/u  no-unused-vars

C:\Users\Split Lease\Documents\Split Lease\app\src\islands\pages\AccountProfilePage\components\shared\SelectableChip.jsx
  8:8  warning  'React' is defined but never used. Allowed unused vars must match /^_/u  no-unused-vars

C:\Users\Split Lease\Documents\Split Lease\app\src\islands\pages\AccountProfilePage\useAccountProfilePageLogic.js
  1163:6   warning  React Hook useCallback has a missing dependency: 'profileData?._rentalAppId'. Either include it or remove the dependency array  react-hooks/exhaustive-deps
  1535:21  warning  'uploadData' is assigned a value but never used. Allowed unused vars must match /^_/u                                           no-unused-vars

C:\Users\Split Lease\Documents\Split Lease\app\src\islands\pages\AdminThreadsPage\components\ThreadCard.jsx
  24:3  warning  'onViewMessages' is defined but never used. Allowed unused args must match /^_/u  no-unused-vars

C:\Users\Split Lease\Documents\Split Lease\app\src\islands\pages\AdminThreadsPage\useAdminThreadsPageLogic.js
  201:6  warning  React Hook useCallback has a missing dependency: 'showToast'. Either include it or remove the dependency array  react-hooks/exhaustive-deps
  360:6  warning  React Hook useCallback has a missing dependency: 'showToast'. Either include it or remove the dependency array  react-hooks/exhaustive-deps
  406:6  warning  React Hook useCallback has a missing dependency: 'showToast'. Either include it or remove the dependency array  react-hooks/exhaustive-deps

C:\Users\Split Lease\Documents\Split Lease\app\src\islands\pages\AiToolsPage\components\ElevenLabsSection.jsx
  87:40  warning  `"` can be escaped with `&quot;`, `&ldquo;`, `&#34;`, `&rdquo;`  react/no-unescaped-entities
  87:44  warning  `"` can be escaped with `&quot;`, `&ldquo;`, `&#34;`, `&rdquo;`  react/no-unescaped-entities

C:\Users\Split Lease\Documents\Split Lease\app\src\islands\pages\AiToolsPage\components\JingleSection.jsx
  17:3  warning  'selectedVisit' is assigned a value but never used. Allowed unused args must match /^_/u  no-unused-vars

C:\Users\Split Lease\Documents\Split Lease\app\src\islands\pages\AiToolsPage\useAiToolsPageLogic.js
   17:10  warning  'MELODY_PREFERENCES' is defined but never used. Allowed unused vars must match /^_/u   no-unused-vars
   17:30  warning  'CONTENT_PREFERENCES' is defined but never used. Allowed unused vars must match /^_/u  no-unused-vars
  383:13  warning  'result' is assigned a value but never used. Allowed unused vars must match /^_/u      no-unused-vars

C:\Users\Split Lease\Documents\Split Lease\app\src\islands\pages\AuthVerifyPage\AuthVerifyPage.jsx
  45:5  warning  'redirectTo' is assigned a value but never used. Allowed unused vars must match /^_/u  no-unused-vars

C:\Users\Split Lease\Documents\Split Lease\app\src\islands\pages\CareersPage.jsx
    4:10   warning  'SIGNUP_LOGIN_URL' is defined but never used. Allowed unused vars must match /^_/u  no-unused-vars
   29:41   warning  `"` can be escaped with `&quot;`, `&ldquo;`, `&#34;`, `&rdquo;`                     react/no-unescaped-entities
   29:50   warning  `"` can be escaped with `&quot;`, `&ldquo;`, `&#34;`, `&rdquo;`                     react/no-unescaped-entities
   81:48   warning  `"` can be escaped with `&quot;`, `&ldquo;`, `&#34;`, `&rdquo;`                     react/no-unescaped-entities
   81:57   warning  `"` can be escaped with `&quot;`, `&ldquo;`, `&#34;`, `&rdquo;`                     react/no-unescaped-entities
  187:21   warning  `'` can be escaped with `&apos;`, `&lsquo;`, `&#39;`, `&rsquo;`                     react/no-unescaped-entities
  194:15   warning  `'` can be escaped with `&apos;`, `&lsquo;`, `&#39;`, `&rsquo;`                     react/no-unescaped-entities
  195:167  warning  `'` can be escaped with `&apos;`, `&lsquo;`, `&#39;`, `&rsquo;`                     react/no-unescaped-entities
  243:19   warning  `'` can be escaped with `&apos;`, `&lsquo;`, `&#39;`, `&rsquo;`                     react/no-unescaped-entities
  246:173  warning  `'` can be escaped with `&apos;`, `&lsquo;`, `&#39;`, `&rsquo;`                     react/no-unescaped-entities
  273:117  warning  `'` can be escaped with `&apos;`, `&lsquo;`, `&#39;`, `&rsquo;`                     react/no-unescaped-entities
  280:30   warning  `'` can be escaped with `&apos;`, `&lsquo;`, `&#39;`, `&rsquo;`                     react/no-unescaped-entities
  280:66   warning  `'` can be escaped with `&apos;`, `&lsquo;`, `&#39;`, `&rsquo;`                     react/no-unescaped-entities
  331:53   warning  `'` can be escaped with `&apos;`, `&lsquo;`, `&#39;`, `&rsquo;`                     react/no-unescaped-entities
  356:50   warning  `'` can be escaped with `&apos;`, `&lsquo;`, `&#39;`, `&rsquo;`                     react/no-unescaped-entities
  360:17   warning  `'` can be escaped with `&apos;`, `&lsquo;`, `&#39;`, `&rsquo;`                     react/no-unescaped-entities
  361:58   warning  `'` can be escaped with `&apos;`, `&lsquo;`, `&#39;`, `&rsquo;`                     react/no-unescaped-entities
  410:48   warning  `'` can be escaped with `&apos;`, `&lsquo;`, `&#39;`, `&rsquo;`                     react/no-unescaped-entities
  411:45   warning  `'` can be escaped with `&apos;`, `&lsquo;`, `&#39;`, `&rsquo;`                     react/no-unescaped-entities
  413:17   warning  `'` can be escaped with `&apos;`, `&lsquo;`, `&#39;`, `&rsquo;`                     react/no-unescaped-entities
  464:26   warning  `'` can be escaped with `&apos;`, `&lsquo;`, `&#39;`, `&rsquo;`                     react/no-unescaped-entities
  495:77   warning  `'` can be escaped with `&apos;`, `&lsquo;`, `&#39;`, `&rsquo;`                     react/no-unescaped-entities
  548:17   warning  `'` can be escaped with `&apos;`, `&lsquo;`, `&#39;`, `&rsquo;`                     react/no-unescaped-entities
  574:19   warning  `'` can be escaped with `&apos;`, `&lsquo;`, `&#39;`, `&rsquo;`                     react/no-unescaped-entities
  574:119  warning  `'` can be escaped with `&apos;`, `&lsquo;`, `&#39;`, `&rsquo;`                     react/no-unescaped-entities

C:\Users\Split Lease\Documents\Split Lease\app\src\islands\pages\CoHostRequestsPage\components\RequestDetailsModal.jsx
  20:3  warning  'onUpdateStatus' is defined but never used. Allowed unused args must match /^_/u  no-unused-vars

C:\Users\Split Lease\Documents\Split Lease\app\src\islands\pages\CoHostRequestsPage\useCoHostRequestsPageLogic.js
  103:6  warning  React Hook useEffect has missing dependencies: 'fetchRequests' and 'fetchStatistics'. Either include them or remove the dependency array  react-hooks/exhaustive-deps
  108:6  warning  React Hook useEffect has a missing dependency: 'fetchRequests'. Either include it or remove the dependency array                          react-hooks/exhaustive-deps

C:\Users\Split Lease\Documents\Split Lease\app\src\islands\pages\CreateDocumentPage\useCreateDocumentPageLogic.js
   95:6  warning  React Hook useEffect has a missing dependency: 'loadInitialData'. Either include it or remove the dependency array          react-hooks/exhaustive-deps
  142:6  warning  React Hook useEffect has a missing dependency: 'formState.documentTitle'. Either include it or remove the dependency array  react-hooks/exhaustive-deps

C:\Users\Split Lease\Documents\Split Lease\app\src\islands\pages\CreateSuggestedProposalPage\components\ProposalConfig.jsx
  8:10  warning  'DAY_NAMES' is defined but never used. Allowed unused vars must match /^_/u  no-unused-vars

C:\Users\Split Lease\Documents\Split Lease\app\src\islands\pages\CreateSuggestedProposalPage\useCreateSuggestedProposalLogic.js
   12:21  warning  'getDayName' is defined but never used. Allowed unused vars must match /^_/u                                              no-unused-vars
  313:34  warning  React Hook useCallback received a function whose dependencies are unknown. Pass an inline function instead                react-hooks/exhaustive-deps
  416:32  warning  React Hook useCallback received a function whose dependencies are unknown. Pass an inline function instead                react-hooks/exhaustive-deps
  721:6   warning  React Hook useCallback has an unnecessary dependency: 'proposalStatus'. Either exclude it or remove the dependency array  react-hooks/exhaustive-deps

C:\Users\Split Lease\Documents\Split Lease\app\src\islands\pages\ExperienceResponsesPage\useExperienceResponsesPageLogic.js
   22:10  warning  'checkAuthStatus' is defined but never used. Allowed unused vars must match /^_/u                               no-unused-vars
  126:6   warning  React Hook useCallback has a missing dependency: 'showToast'. Either include it or remove the dependency array  react-hooks/exhaustive-deps

C:\Users\Split Lease\Documents\Split Lease\app\src\islands\pages\FAQPage.jsx
  233:14  warning  `'` can be escaped with `&apos;`, `&lsquo;`, `&#39;`, `&rsquo;`  react/no-unescaped-entities
  246:45  warning  `'` can be escaped with `&apos;`, `&lsquo;`, `&#39;`, `&rsquo;`  react/no-unescaped-entities

C:\Users\Split Lease\Documents\Split Lease\app\src\islands\pages\FavoriteListingsPage\FavoriteListingsPage.jsx
   14:8   warning  'FavoriteButton' is defined but never used. Allowed unused vars must match /^_/u                no-unused-vars
   21:34  warning  'removeFromFavorites' is defined but never used. Allowed unused vars must match /^_/u           no-unused-vars
   40:10  warning  'formatHostName' is defined but never used. Allowed unused vars must match /^_/u                no-unused-vars
  151:10  warning  'PageTitleSection' is defined but never used. Allowed unused vars must match /^_/u              no-unused-vars
  674:9   warning  'handleOpenInfoModal' is assigned a value but never used. Allowed unused vars must match /^_/u  no-unused-vars

C:\Users\Split Lease\Documents\Split Lease\app\src\islands\pages\FavoriteListingsPage\components\FavoritesCardV2.jsx
   15:38  warning  'listingId' is defined but never used. Allowed unused args must match /^_/u                      no-unused-vars
   15:49  warning  'userId' is defined but never used. Allowed unused args must match /^_/u                         no-unused-vars
  164:29  warning  'setCurrentPhotoIndex' is assigned a value but never used. Allowed unused vars must match /^_/u  no-unused-vars

C:\Users\Split Lease\Documents\Split Lease\app\src\islands\pages\FavoriteListingsPage\components\FavoritesCardV3.jsx
  236:3   warning  'onMapClick' is defined but never used. Allowed unused args must match /^_/u              no-unused-vars
  237:3   warning  'userId' is defined but never used. Allowed unused args must match /^_/u                  no-unused-vars
  242:11  warning  'isMobile' is assigned a value but never used. Allowed unused vars must match /^_/u       no-unused-vars
  242:21  warning  'isSmallMobile' is assigned a value but never used. Allowed unused vars must match /^_/u  no-unused-vars
  242:36  warning  'isTouchDevice' is assigned a value but never used. Allowed unused vars must match /^_/u  no-unused-vars
  259:9   warning  'aiInsight' is assigned a value but never used. Allowed unused vars must match /^_/u      no-unused-vars

C:\Users\Split Lease\Documents\Split Lease\app\src\islands\pages\FavoriteListingsPage\components\SplitScheduleSelector.jsx
  43:6  warning  React Hook useEffect has a missing dependency: 'calculateSelectedDays'. Either include it or remove the dependency array  react-hooks/exhaustive-deps

C:\Users\Split Lease\Documents\Split Lease\app\src\islands\pages\GuestExperienceReviewPage\GuestExperienceReviewPage.jsx
  10:8  warning  'React' is defined but never used. Allowed unused vars must match /^_/u  no-unused-vars

C:\Users\Split Lease\Documents\Split Lease\app\src\islands\pages\GuestExperienceReviewPage\components\NavigationButtons.jsx
  5:8  warning  'React' is defined but never used. Allowed unused vars must match /^_/u       no-unused-vars
  9:3  warning  'totalSteps' is defined but never used. Allowed unused args must match /^_/u  no-unused-vars

C:\Users\Split Lease\Documents\Split Lease\app\src\islands\pages\GuestExperienceReviewPage\components\StepIndicator.jsx
  10:8  warning  'React' is defined but never used. Allowed unused vars must match /^_/u  no-unused-vars

C:\Users\Split Lease\Documents\Split Lease\app\src\islands\pages\GuestExperienceReviewPage\steps\AdditionalServiceStep.jsx
  5:8  warning  'React' is defined but never used. Allowed unused vars must match /^_/u  no-unused-vars

C:\Users\Split Lease\Documents\Split Lease\app\src\islands\pages\GuestExperienceReviewPage\steps\ChallengeStep.jsx
   5:8   warning  'React' is defined but never used. Allowed unused vars must match /^_/u  no-unused-vars
  15:11  warning  `'` can be escaped with `&apos;`, `&lsquo;`, `&#39;`, `&rsquo;`          react/no-unescaped-entities

C:\Users\Split Lease\Documents\Split Lease\app\src\islands\pages\GuestExperienceReviewPage\steps\ChangeStep.jsx
  5:8  warning  'React' is defined but never used. Allowed unused vars must match /^_/u  no-unused-vars

C:\Users\Split Lease\Documents\Split Lease\app\src\islands\pages\GuestExperienceReviewPage\steps\ExperienceStep.jsx
  5:8  warning  'React' is defined but never used. Allowed unused vars must match /^_/u  no-unused-vars

C:\Users\Split Lease\Documents\Split Lease\app\src\islands\pages\GuestExperienceReviewPage\steps\FeelingsStep.jsx
  5:8  warning  'React' is defined but never used. Allowed unused vars must match /^_/u  no-unused-vars

C:\Users\Split Lease\Documents\Split Lease\app\src\islands\pages\GuestExperienceReviewPage\steps\NameStep.jsx
  5:8  warning  'React' is defined but never used. Allowed unused vars must match /^_/u  no-unused-vars

C:\Users\Split Lease\Documents\Split Lease\app\src\islands\pages\GuestExperienceReviewPage\steps\RecommendStep.jsx
  5:8  warning  'React' is defined but never used. Allowed unused vars must match /^_/u  no-unused-vars

C:\Users\Split Lease\Documents\Split Lease\app\src\islands\pages\GuestExperienceReviewPage\steps\ServiceStep.jsx
  5:8  warning  'React' is defined but never used. Allowed unused vars must match /^_/u  no-unused-vars

C:\Users\Split Lease\Documents\Split Lease\app\src\islands\pages\GuestExperienceReviewPage\steps\ShareAndReferralStep.jsx
    5:8   warning  'React' is defined but never used. Allowed unused vars must match /^_/u  no-unused-vars
   43:27  warning  `'` can be escaped with `&apos;`, `&lsquo;`, `&#39;`, `&rsquo;`          react/no-unescaped-entities
  114:81  warning  `'` can be escaped with `&apos;`, `&lsquo;`, `&#39;`, `&rsquo;`          react/no-unescaped-entities

C:\Users\Split Lease\Documents\Split Lease\app\src\islands\pages\GuestExperienceReviewPage\steps\StaffAndQuestionsStep.jsx
   5:8   warning  'React' is defined but never used. Allowed unused vars must match /^_/u  no-unused-vars
  11:47  warning  `'` can be escaped with `&apos;`, `&lsquo;`, `&#39;`, `&rsquo;`          react/no-unescaped-entities

C:\Users\Split Lease\Documents\Split Lease\app\src\islands\pages\GuestExperienceReviewPage\steps\WelcomeStep.jsx
  5:8  warning  'React' is defined but never used. Allowed unused vars must match /^_/u  no-unused-vars

C:\Users\Split Lease\Documents\Split Lease\app\src\islands\pages\GuestExperienceReviewPage\useGuestExperienceReviewPageLogic.js
   86:6   warning  React Hook useCallback has a missing dependency: 'handleSubmitSurvey'. Either include it or remove the dependency array  react-hooks/exhaustive-deps
  322:48  warning  'surveyId' is defined but never used. Allowed unused args must match /^_/u                                               no-unused-vars
  324:21  warning  'session' is assigned a value but never used. Allowed unused vars must match /^_/u                                       no-unused-vars
  363:56  warning  'surveyId' is defined but never used. Allowed unused args must match /^_/u                                               no-unused-vars
  402:48  warning  'surveyId' is defined but never used. Allowed unused args must match /^_/u                                               no-unused-vars

C:\Users\Split Lease\Documents\Split Lease\app\src\islands\pages\GuestLeasesPage.jsx
   79:17  warning  `'` can be escaped with `&apos;`, `&lsquo;`, `&#39;`, `&rsquo;`  react/no-unescaped-entities
  177:35  warning  `'` can be escaped with `&apos;`, `&lsquo;`, `&#39;`, `&rsquo;`  react/no-unescaped-entities

C:\Users\Split Lease\Documents\Split Lease\app\src\islands\pages\GuestProposalsPage.jsx
  74:19  warning  `'` can be escaped with `&apos;`, `&lsquo;`, `&#39;`, `&rsquo;`  react/no-unescaped-entities

C:\Users\Split Lease\Documents\Split Lease\app\src\islands\pages\GuestRelationshipsDashboard\GuestRelationshipsDashboard.jsx
  116:5  warning  'allArticles' is assigned a value but never used. Allowed unused vars must match /^_/u  no-unused-vars

C:\Users\Split Lease\Documents\Split Lease\app\src\islands\pages\GuestRelationshipsDashboard\useGuestRelationshipsDashboardLogic.js
  200:6   warning  React Hook useEffect has a missing dependency: 'loadGuestDetails'. Either include it or remove the dependency array  react-hooks/exhaustive-deps
  233:30  warning  React Hook useCallback received a function whose dependencies are unknown. Pass an inline function instead           react-hooks/exhaustive-deps
  253:31  warning  React Hook useCallback received a function whose dependencies are unknown. Pass an inline function instead           react-hooks/exhaustive-deps
  273:31  warning  React Hook useCallback received a function whose dependencies are unknown. Pass an inline function instead           react-hooks/exhaustive-deps
  497:33  warning  'proposalId' is defined but never used. Allowed unused args must match /^_/u                                         no-unused-vars
  529:40  warning  'userIds' is defined but never used. Allowed unused args must match /^_/u                                            no-unused-vars
  542:36  warning  'listingId' is defined but never used. Allowed unused args must match /^_/u                                          no-unused-vars

C:\Users\Split Lease\Documents\Split Lease\app\src\islands\pages\GuestSimulationPage\components\StepProgress.jsx
  14:40  warning  'currentStep' is defined but never used. Allowed unused args must match /^_/u  no-unused-vars

C:\Users\Split Lease\Documents\Split Lease\app\src\islands\pages\GuestSimulationPage\useGuestSimulationLogic.js
  491:6  warning  React Hook useCallback has a missing dependency: 'simulationData'. Either include it or remove the dependency array  react-hooks/exhaustive-deps

C:\Users\Split Lease\Documents\Split Lease\app\src\islands\pages\GuestSuccessPage.jsx
   84:36  warning  The ref value 'cardRef.current' will likely have changed by the time this effect cleanup function runs. If this ref points to a node rendered by React, copy 'cardRef.current' to a variable inside the effect, and use that variable in the cleanup function  react-hooks/exhaustive-deps
  107:45  warning  `"` can be escaped with `&quot;`, `&ldquo;`, `&#34;`, `&rdquo;`                                                                                                                                                                                                react/no-unescaped-entities
  107:59  warning  `"` can be escaped with `&quot;`, `&ldquo;`, `&#34;`, `&rdquo;`                                                                                                                                                                                                react/no-unescaped-entities

C:\Users\Split Lease\Documents\Split Lease\app\src\islands\pages\HelpCenterCategoryPage.jsx
  71:78  warning  `'` can be escaped with `&apos;`, `&lsquo;`, `&#39;`, `&rsquo;`  react/no-unescaped-entities
  71:99  warning  `'` can be escaped with `&apos;`, `&lsquo;`, `&#39;`, `&rsquo;`  react/no-unescaped-entities

C:\Users\Split Lease\Documents\Split Lease\app\src\islands\pages\HelpCenterPage.jsx
    2:79   warning  'ChevronRight' is defined but never used. Allowed unused vars must match /^_/u  no-unused-vars
  145:91   warning  `"` can be escaped with `&quot;`, `&ldquo;`, `&#34;`, `&rdquo;`                 react/no-unescaped-entities
  145:105  warning  `"` can be escaped with `&quot;`, `&ldquo;`, `&#34;`, `&rdquo;`                 react/no-unescaped-entities
  216:35   warning  `'` can be escaped with `&apos;`, `&lsquo;`, `&#39;`, `&rsquo;`                 react/no-unescaped-entities
  216:51   warning  `'` can be escaped with `&apos;`, `&lsquo;`, `&#39;`, `&rsquo;`                 react/no-unescaped-entities
  217:49   warning  `'` can be escaped with `&apos;`, `&lsquo;`, `&#39;`, `&rsquo;`                 react/no-unescaped-entities
  232:45   warning  `'` can be escaped with `&apos;`, `&lsquo;`, `&#39;`, `&rsquo;`                 react/no-unescaped-entities

C:\Users\Split Lease\Documents\Split Lease\app\src\islands\pages\HomePage.jsx
   48:35  warning  'onMoreDetails' is defined but never used. Allowed unused args must match /^_/u          no-unused-vars
  324:17  warning  `'` can be escaped with `&apos;`, `&lsquo;`, `&#39;`, `&rsquo;`                          react/no-unescaped-entities
  355:10  warning  'manhattanId' is assigned a value but never used. Allowed unused vars must match /^_/u   no-unused-vars
  692:10  warning  'selectedDays' is assigned a value but never used. Allowed unused vars must match /^_/u  no-unused-vars

C:\Users\Split Lease\Documents\Split Lease\app\src\islands\pages\HostExperienceReviewPage\HostExperienceReviewPage.jsx
  1:8  warning  'React' is defined but never used. Allowed unused vars must match /^_/u  no-unused-vars

C:\Users\Split Lease\Documents\Split Lease\app\src\islands\pages\HostExperienceReviewPage\components\NavigationButtons.jsx
  1:8  warning  'React' is defined but never used. Allowed unused vars must match /^_/u  no-unused-vars

C:\Users\Split Lease\Documents\Split Lease\app\src\islands\pages\HostExperienceReviewPage\components\StepProgress.jsx
  1:8  warning  'React' is defined but never used. Allowed unused vars must match /^_/u  no-unused-vars

C:\Users\Split Lease\Documents\Split Lease\app\src\islands\pages\HostExperienceReviewPage\components\steps\AdditionalServiceStep.jsx
  1:8  warning  'React' is defined but never used. Allowed unused vars must match /^_/u  no-unused-vars

C:\Users\Split Lease\Documents\Split Lease\app\src\islands\pages\HostExperienceReviewPage\components\steps\ChallengeImpactStep.jsx
  1:8  warning  'React' is defined but never used. Allowed unused vars must match /^_/u  no-unused-vars

C:\Users\Split Lease\Documents\Split Lease\app\src\islands\pages\HostExperienceReviewPage\components\steps\ExperienceStep.jsx
  1:8  warning  'React' is defined but never used. Allowed unused vars must match /^_/u  no-unused-vars

C:\Users\Split Lease\Documents\Split Lease\app\src\islands\pages\HostExperienceReviewPage\components\steps\NameStep.jsx
  1:8  warning  'React' is defined but never used. Allowed unused vars must match /^_/u  no-unused-vars

C:\Users\Split Lease\Documents\Split Lease\app\src\islands\pages\HostExperienceReviewPage\components\steps\PriorChallengeStep.jsx
  1:8  warning  'React' is defined but never used. Allowed unused vars must match /^_/u  no-unused-vars

C:\Users\Split Lease\Documents\Split Lease\app\src\islands\pages\HostExperienceReviewPage\components\steps\PublicShareStep.jsx
  1:8  warning  'React' is defined but never used. Allowed unused vars must match /^_/u        no-unused-vars
  9:3  warning  'fieldErrors' is defined but never used. Allowed unused args must match /^_/u  no-unused-vars

C:\Users\Split Lease\Documents\Split Lease\app\src\islands\pages\HostExperienceReviewPage\components\steps\QuestionsStep.jsx
  1:8  warning  'React' is defined but never used. Allowed unused vars must match /^_/u  no-unused-vars

C:\Users\Split Lease\Documents\Split Lease\app\src\islands\pages\HostExperienceReviewPage\components\steps\RecommendationStep.jsx
  1:8  warning  'React' is defined but never used. Allowed unused vars must match /^_/u        no-unused-vars
  9:3  warning  'fieldErrors' is defined but never used. Allowed unused args must match /^_/u  no-unused-vars

C:\Users\Split Lease\Documents\Split Lease\app\src\islands\pages\HostExperienceReviewPage\components\steps\ThankSomeoneStep.jsx
  1:8  warning  'React' is defined but never used. Allowed unused vars must match /^_/u  no-unused-vars

C:\Users\Split Lease\Documents\Split Lease\app\src\islands\pages\HostExperienceReviewPage\components\steps\WhatChangedStep.jsx
  1:8  warning  'React' is defined but never used. Allowed unused vars must match /^_/u  no-unused-vars

C:\Users\Split Lease\Documents\Split Lease\app\src\islands\pages\HostExperienceReviewPage\components\steps\WhatStoodOutStep.jsx
  1:8  warning  'React' is defined but never used. Allowed unused vars must match /^_/u  no-unused-vars

C:\Users\Split Lease\Documents\Split Lease\app\src\islands\pages\HostGuaranteePage.jsx
   72:24   warning  `'` can be escaped with `&apos;`, `&lsquo;`, `&#39;`, `&rsquo;`  react/no-unescaped-entities
   72:135  warning  `'` can be escaped with `&apos;`, `&lsquo;`, `&#39;`, `&rsquo;`  react/no-unescaped-entities
   84:60   warning  `'` can be escaped with `&apos;`, `&lsquo;`, `&#39;`, `&rsquo;`  react/no-unescaped-entities
   84:74   warning  `'` can be escaped with `&apos;`, `&lsquo;`, `&#39;`, `&rsquo;`  react/no-unescaped-entities
  139:31   warning  `'` can be escaped with `&apos;`, `&lsquo;`, `&#39;`, `&rsquo;`  react/no-unescaped-entities
  152:35   warning  `'` can be escaped with `&apos;`, `&lsquo;`, `&#39;`, `&rsquo;`  react/no-unescaped-entities
  232:28   warning  `'` can be escaped with `&apos;`, `&lsquo;`, `&#39;`, `&rsquo;`  react/no-unescaped-entities

C:\Users\Split Lease\Documents\Split Lease\app\src\islands\pages\HostLeasesPage\components\DateChangeSection.jsx
  6:8  warning  'React' is defined but never used. Allowed unused vars must match /^_/u  no-unused-vars

C:\Users\Split Lease\Documents\Split Lease\app\src\islands\pages\HostLeasesPage\components\EmptyState.jsx
  6:8  warning  'React' is defined but never used. Allowed unused vars must match /^_/u  no-unused-vars

C:\Users\Split Lease\Documents\Split Lease\app\src\islands\pages\HostLeasesPage\components\GuestInfoSection.jsx
   7:8  warning  'React' is defined but never used. Allowed unused vars must match /^_/u                  no-unused-vars
  47:5  warning  'profilePhoto' is assigned a value but never used. Allowed unused vars must match /^_/u  no-unused-vars

C:\Users\Split Lease\Documents\Split Lease\app\src\islands\pages\HostLeasesPage\components\LeaseCard.jsx
  11:8   warning  'React' is defined but never used. Allowed unused vars must match /^_/u           no-unused-vars
  12:34  warning  'User' is defined but never used. Allowed unused vars must match /^_/u            no-unused-vars
  12:62  warning  'FileText' is defined but never used. Allowed unused vars must match /^_/u        no-unused-vars
  15:3   warning  'formatFullDate' is defined but never used. Allowed unused vars must match /^_/u  no-unused-vars

C:\Users\Split Lease\Documents\Split Lease\app\src\islands\pages\HostLeasesPage\components\ListingTabs.jsx
  7:8  warning  'React' is defined but never used. Allowed unused vars must match /^_/u  no-unused-vars

C:\Users\Split Lease\Documents\Split Lease\app\src\islands\pages\HostLeasesPage\components\PaymentRecordsTable.jsx
  7:8  warning  'React' is defined but never used. Allowed unused vars must match /^_/u  no-unused-vars

C:\Users\Split Lease\Documents\Split Lease\app\src\islands\pages\HostLeasesPage\components\PdfLinksRow.jsx
  10:8  warning  'React' is defined but never used. Allowed unused vars must match /^_/u                    no-unused-vars
  62:9  warning  'hasAnyDocument' is assigned a value but never used. Allowed unused vars must match /^_/u  no-unused-vars

C:\Users\Split Lease\Documents\Split Lease\app\src\islands\pages\HostLeasesPage\components\StaysTable.jsx
  7:8  warning  'React' is defined but never used. Allowed unused vars must match /^_/u  no-unused-vars

C:\Users\Split Lease\Documents\Split Lease\app\src\islands\pages\HostLeasesPage\index.jsx
   25:10  warning  'useState' is defined but never used. Allowed unused vars must match /^_/u                        no-unused-vars
   78:5   warning  'user' is assigned a value but never used. Allowed unused vars must match /^_/u                   no-unused-vars
  101:5   warning  'handleExpandSection' is assigned a value but never used. Allowed unused vars must match /^_/u    no-unused-vars
  102:5   warning  'handleCollapseSection' is assigned a value but never used. Allowed unused vars must match /^_/u  no-unused-vars

C:\Users\Split Lease\Documents\Split Lease\app\src\islands\pages\HostLeasesPage\modals\DateChangeDetailModal.jsx
  6:8  warning  'React' is defined but never used. Allowed unused vars must match /^_/u  no-unused-vars

C:\Users\Split Lease\Documents\Split Lease\app\src\islands\pages\HostLeasesPage\modals\GuestReviewModal.jsx
  6:8  warning  'React' is defined but never used. Allowed unused vars must match /^_/u  no-unused-vars

C:\Users\Split Lease\Documents\Split Lease\app\src\islands\pages\HostLeasesPage\useHostLeasesPageLogic.js
  320:6   warning  React Hook useEffect has a missing dependency: 'loadHostData'. Either include it or remove the dependency array    react-hooks/exhaustive-deps
  556:15  warning  'data' is assigned a value but never used. Allowed unused vars must match /^_/u                                    no-unused-vars
  591:15  warning  'data' is assigned a value but never used. Allowed unused vars must match /^_/u                                    no-unused-vars
  783:6   warning  React Hook useCallback has a missing dependency: 'loadHostData'. Either include it or remove the dependency array  react-hooks/exhaustive-deps

C:\Users\Split Lease\Documents\Split Lease\app\src\islands\pages\HostOverviewPage\HostOverviewPage.jsx
  212:27  warning  `'` can be escaped with `&apos;`, `&lsquo;`, `&#39;`, `&rsquo;`  react/no-unescaped-entities
  245:27  warning  `'` can be escaped with `&apos;`, `&lsquo;`, `&#39;`, `&rsquo;`  react/no-unescaped-entities

C:\Users\Split Lease\Documents\Split Lease\app\src\islands\pages\HostOverviewPage\components\HostOverviewButton.jsx
  12:8  warning  'React' is defined but never used. Allowed unused vars must match /^_/u  no-unused-vars

C:\Users\Split Lease\Documents\Split Lease\app\src\islands\pages\HostOverviewPage\components\HostOverviewCards.jsx
   11:8    warning  'React' is defined but never used. Allowed unused vars must match /^_/u              no-unused-vars
   31:10   warning  'formatCurrency' is defined but never used. Allowed unused vars must match /^_/u     no-unused-vars
   40:116  warning  'isMobile' is assigned a value but never used. Allowed unused args must match /^_/u  no-unused-vars
  213:75   warning  'isMobile' is assigned a value but never used. Allowed unused args must match /^_/u  no-unused-vars

C:\Users\Split Lease\Documents\Split Lease\app\src\islands\pages\HostOverviewPage\components\HostOverviewModals.jsx
  15:8  warning  'React' is defined but never used. Allowed unused vars must match /^_/u  no-unused-vars

C:\Users\Split Lease\Documents\Split Lease\app\src\islands\pages\HostOverviewPage\components\HostOverviewToast.jsx
  16:8  warning  'React' is defined but never used. Allowed unused vars must match /^_/u                                         no-unused-vars
  38:6  warning  React Hook useEffect has a missing dependency: 'handleClose'. Either include it or remove the dependency array  react-hooks/exhaustive-deps

C:\Users\Split Lease\Documents\Split Lease\app\src\islands\pages\HostOverviewPage\useHostOverviewPageLogic.js
   18:68  warning  'getAvatarUrl' is defined but never used. Allowed unused vars must match /^_/u                                    no-unused-vars
  117:9   warning  'fetchUserData' is assigned a value but never used. Allowed unused vars must match /^_/u                          no-unused-vars
  783:17  warning  'data' is assigned a value but never used. Allowed unused vars must match /^_/u                                   no-unused-vars
  833:6   warning  React Hook useCallback has a missing dependency: 'user?.email'. Either include it or remove the dependency array  react-hooks/exhaustive-deps

C:\Users\Split Lease\Documents\Split Lease\app\src\islands\pages\HostProposalsPage\AISummaryCard.jsx
  13:8  warning  'React' is defined but never used. Allowed unused vars must match /^_/u  no-unused-vars

C:\Users\Split Lease\Documents\Split Lease\app\src\islands\pages\HostProposalsPage\ActionButtonsRow.jsx
  13:8  warning  'React' is defined but never used. Allowed unused vars must match /^_/u               no-unused-vars
  94:3  warning  'onRequestRentalApp' is defined but never used. Allowed unused args must match /^_/u  no-unused-vars

C:\Users\Split Lease\Documents\Split Lease\app\src\islands\pages\HostProposalsPage\CollapsibleProposalCard.jsx
  12:8  warning  'React' is defined but never used. Allowed unused vars must match /^_/u  no-unused-vars

C:\Users\Split Lease\Documents\Split Lease\app\src\islands\pages\HostProposalsPage\DayPillsRow.jsx
  15:8  warning  'React' is defined but never used. Allowed unused vars must match /^_/u  no-unused-vars

C:\Users\Split Lease\Documents\Split Lease\app\src\islands\pages\HostProposalsPage\EmptyState.jsx
  25:13  warning  `'` can be escaped with `&apos;`, `&lsquo;`, `&#39;`, `&rsquo;`  react/no-unescaped-entities

C:\Users\Split Lease\Documents\Split Lease\app\src\islands\pages\HostProposalsPage\GuestInfoCard.jsx
  12:8  warning  'React' is defined but never used. Allowed unused vars must match /^_/u  no-unused-vars

C:\Users\Split Lease\Documents\Split Lease\app\src\islands\pages\HostProposalsPage\InfoGrid.jsx
  15:8  warning  'React' is defined but never used. Allowed unused vars must match /^_/u  no-unused-vars

C:\Users\Split Lease\Documents\Split Lease\app\src\islands\pages\HostProposalsPage\ListingPillSelector.jsx
  9:8  warning  'React' is defined but never used. Allowed unused vars must match /^_/u  no-unused-vars

C:\Users\Split Lease\Documents\Split Lease\app\src\islands\pages\HostProposalsPage\NarrativeProposalBody.jsx
  44:69  warning  'arr' is defined but never used. Allowed unused args must match /^_/u     no-unused-vars
  47:89  warning  'subarr' is defined but never used. Allowed unused args must match /^_/u  no-unused-vars

C:\Users\Split Lease\Documents\Split Lease\app\src\islands\pages\HostProposalsPage\PricingRow.jsx
  15:8  warning  'React' is defined but never used. Allowed unused vars must match /^_/u  no-unused-vars

C:\Users\Split Lease\Documents\Split Lease\app\src\islands\pages\HostProposalsPage\ProgressTrackerV7.jsx
  13:8  warning  'React' is defined but never used. Allowed unused vars must match /^_/u  no-unused-vars

C:\Users\Split Lease\Documents\Split Lease\app\src\islands\pages\HostProposalsPage\ProposalCard.jsx
  146:9  warning  'hostCompensation' is assigned a value but never used. Allowed unused vars must match /^_/u      no-unused-vars
  148:9  warning  'counterOfferHappened' is assigned a value but never used. Allowed unused vars must match /^_/u  no-unused-vars

C:\Users\Split Lease\Documents\Split Lease\app\src\islands\pages\HostProposalsPage\ProposalCardBody.jsx
  20:8  warning  'React' is defined but never used. Allowed unused vars must match /^_/u  no-unused-vars

C:\Users\Split Lease\Documents\Split Lease\app\src\islands\pages\HostProposalsPage\ProposalCardHeader.jsx
  13:8  warning  'React' is defined but never used. Allowed unused vars must match /^_/u  no-unused-vars

C:\Users\Split Lease\Documents\Split Lease\app\src\islands\pages\HostProposalsPage\ProposalDetailsModal.jsx
   16:72  warning  'PROGRESS_THRESHOLDS' is defined but never used. Allowed unused vars must match /^_/u  no-unused-vars
   18:27  warning  'getUsualOrder' is defined but never used. Allowed unused vars must match /^_/u        no-unused-vars
   19:10  warning  'getVMButtonText' is defined but never used. Allowed unused vars must match /^_/u      no-unused-vars
   19:27  warning  'getVMButtonStyle' is defined but never used. Allowed unused vars must match /^_/u     no-unused-vars
   30:16  warning  'usualOrder' is assigned a value but never used. Allowed unused vars must match /^_/u  no-unused-vars
   99:9   warning  'statusInfo' is assigned a value but never used. Allowed unused vars must match /^_/u  no-unused-vars
  104:9   warning  'isPending' is assigned a value but never used. Allowed unused vars must match /^_/u   no-unused-vars
  384:52  warning  `'` can be escaped with `&apos;`, `&lsquo;`, `&#39;`, `&rsquo;`                        react/no-unescaped-entities
  605:61  warning  `'` can be escaped with `&apos;`, `&lsquo;`, `&#39;`, `&rsquo;`                        react/no-unescaped-entities

C:\Users\Split Lease\Documents\Split Lease\app\src\islands\pages\HostProposalsPage\ProposalListSection.jsx
  13:8  warning  'React' is defined but never used. Allowed unused vars must match /^_/u  no-unused-vars

C:\Users\Split Lease\Documents\Split Lease\app\src\islands\pages\HostProposalsPage\QuickLinksRow.jsx
  11:8  warning  'React' is defined but never used. Allowed unused vars must match /^_/u  no-unused-vars

C:\Users\Split Lease\Documents\Split Lease\app\src\islands\pages\HostProposalsPage\StatusBanner.jsx
  13:8  warning  'React' is defined but never used. Allowed unused vars must match /^_/u  no-unused-vars

C:\Users\Split Lease\Documents\Split Lease\app\src\islands\pages\HostProposalsPage\formatters.js
  140:9  warning  'totalNights' is assigned a value but never used. Allowed unused vars must match /^_/u  no-unused-vars

C:\Users\Split Lease\Documents\Split Lease\app\src\islands\pages\HostProposalsPage\index.jsx
  220:5  warning  'handleEditListing' is assigned a value but never used. Allowed unused vars must match /^_/u                                                                                                                                                                    no-unused-vars
  251:9  warning  The 'handleListingChange' conditional could make the dependencies of useCallback Hook (at line 354) change on every render. Move it inside the useCallback callback. Alternatively, wrap the initialization of 'handleListingChange' in its own useMemo() Hook  react-hooks/exhaustive-deps
  339:7  warning  React Hook useMemo has a missing dependency: 'handleProposalClick'. Either include it or remove the dependency array                                                                                                                                            react-hooks/exhaustive-deps

C:\Users\Split Lease\Documents\Split Lease\app\src\islands\pages\HostProposalsPage\useHostProposalsPageLogic.js
    19:10  warning  'getVMStateInfo' is defined but never used. Allowed unused vars must match /^_/u                                                  no-unused-vars
    19:26  warning  'VM_STATES' is defined but never used. Allowed unused vars must match /^_/u                                                       no-unused-vars
   326:6   warning  React Hook useEffect has missing dependencies: 'loadHostData' and 'skipAuth'. Either include them or remove the dependency array  react-hooks/exhaustive-deps
   708:6   warning  React Hook useCallback has a missing dependency: 'fetchProposalsForListing'. Either include it or remove the dependency array     react-hooks/exhaustive-deps
   736:15  warning  'data' is assigned a value but never used. Allowed unused vars must match /^_/u                                                   no-unused-vars
   815:6   warning  React Hook useCallback has a missing dependency: 'fetchProposalsForListing'. Either include it or remove the dependency array     react-hooks/exhaustive-deps
   914:13  warning  'originalTotalPrice' is assigned a value but never used. Allowed unused vars must match /^_/u                                     no-unused-vars
   915:13  warning  'originalFourWeekRent' is assigned a value but never used. Allowed unused vars must match /^_/u                                   no-unused-vars
   996:15  warning  'data' is assigned a value but never used. Allowed unused vars must match /^_/u                                                   no-unused-vars
  1027:6   warning  React Hook useCallback has a missing dependency: 'fetchProposalsForListing'. Either include it or remove the dependency array     react-hooks/exhaustive-deps
  1035:15  warning  'data' is assigned a value but never used. Allowed unused vars must match /^_/u                                                   no-unused-vars
  1063:6   warning  React Hook useCallback has a missing dependency: 'fetchProposalsForListing'. Either include it or remove the dependency array     react-hooks/exhaustive-deps
  1089:11  warning  'guestName' is assigned a value but never used. Allowed unused vars must match /^_/u                                              no-unused-vars
  1194:6   warning  React Hook useCallback has a missing dependency: 'fetchProposalsForListing'. Either include it or remove the dependency array     react-hooks/exhaustive-deps
  1223:6   warning  React Hook useCallback has a missing dependency: 'loadHostData'. Either include it or remove the dependency array                 react-hooks/exhaustive-deps

C:\Users\Split Lease\Documents\Split Lease\app\src\islands\pages\HostSuccessPage.jsx
   63:36  warning  The ref value 'cardRef.current' will likely have changed by the time this effect cleanup function runs. If this ref points to a node rendered by React, copy 'cardRef.current' to a variable inside the effect, and use that variable in the cleanup function  react-hooks/exhaustive-deps
   91:17  warning  `'` can be escaped with `&apos;`, `&lsquo;`, `&#39;`, `&rsquo;`                                                                                                                                                                                                react/no-unescaped-entities
  144:53  warning  `'` can be escaped with `&apos;`, `&lsquo;`, `&#39;`, `&rsquo;`                                                                                                                                                                                                react/no-unescaped-entities

C:\Users\Split Lease\Documents\Split Lease\app\src\islands\pages\HouseManualPage\HouseManualPage.jsx
  157:5  warning  'existingManual' is assigned a value but never used. Allowed unused vars must match /^_/u   no-unused-vars
  158:5  warning  'isLoadingManual' is assigned a value but never used. Allowed unused vars must match /^_/u  no-unused-vars

C:\Users\Split Lease\Documents\Split Lease\app\src\islands\pages\InternalEmergencyPage\components\CommunicationPanel.jsx
  8:8  warning  'React' is defined but never used. Allowed unused vars must match /^_/u  no-unused-vars

C:\Users\Split Lease\Documents\Split Lease\app\src\islands\pages\InternalEmergencyPage\components\EmergencyDetails.jsx
  8:8  warning  'React' is defined but never used. Allowed unused vars must match /^_/u  no-unused-vars

C:\Users\Split Lease\Documents\Split Lease\app\src\islands\pages\InternalEmergencyPage\components\EmergencyList.jsx
  8:8  warning  'React' is defined but never used. Allowed unused vars must match /^_/u  no-unused-vars

C:\Users\Split Lease\Documents\Split Lease\app\src\islands\pages\InternalEmergencyPage\useInternalEmergencyPageLogic.js
   25:10  warning  'checkAuthStatus' is defined but never used. Allowed unused vars must match /^_/u                                                             no-unused-vars
   56:6   warning  React Hook useEffect has a missing dependency: 'loadInitialData'. Either include it or remove the dependency array                            react-hooks/exhaustive-deps
   94:6   warning  React Hook useEffect has missing dependencies: 'error', 'loadEmergencies', and 'loading'. Either include them or remove the dependency array  react-hooks/exhaustive-deps
  104:6   warning  React Hook useCallback has a missing dependency: 'showAlert'. Either include it or remove the dependency array                                react-hooks/exhaustive-deps
  121:6   warning  React Hook useCallback has a missing dependency: 'showAlert'. Either include it or remove the dependency array                                react-hooks/exhaustive-deps
  158:6   warning  React Hook useCallback has a missing dependency: 'showAlert'. Either include it or remove the dependency array                                react-hooks/exhaustive-deps
  180:6   warning  React Hook useCallback has a missing dependency: 'showAlert'. Either include it or remove the dependency array                                react-hooks/exhaustive-deps
  196:6   warning  React Hook useCallback has a missing dependency: 'showAlert'. Either include it or remove the dependency array                                react-hooks/exhaustive-deps
  215:6   warning  React Hook useCallback has a missing dependency: 'showAlert'. Either include it or remove the dependency array                                react-hooks/exhaustive-deps
  234:6   warning  React Hook useCallback has a missing dependency: 'showAlert'. Either include it or remove the dependency array                                react-hooks/exhaustive-deps

C:\Users\Split Lease\Documents\Split Lease\app\src\islands\pages\InternalTestPage.jsx
  357:87   warning  `"` can be escaped with `&quot;`, `&ldquo;`, `&#34;`, `&rdquo;`  react/no-unescaped-entities
  357:112  warning  `"` can be escaped with `&quot;`, `&ldquo;`, `&#34;`, `&rdquo;`  react/no-unescaped-entities

C:\Users\Split Lease\Documents\Split Lease\app\src\islands\pages\ListWithUsPage.jsx
    7:10   warning  'SIGNUP_LOGIN_URL' is defined but never used. Allowed unused vars must match /^_/u  no-unused-vars
  104:166  warning  `'` can be escaped with `&apos;`, `&lsquo;`, `&#39;`, `&rsquo;`                     react/no-unescaped-entities
  137:96   warning  `'` can be escaped with `&apos;`, `&lsquo;`, `&#39;`, `&rsquo;`                     react/no-unescaped-entities
  151:95   warning  `'` can be escaped with `&apos;`, `&lsquo;`, `&#39;`, `&rsquo;`                     react/no-unescaped-entities
  276:32   warning  `"` can be escaped with `&quot;`, `&ldquo;`, `&#34;`, `&rdquo;`                     react/no-unescaped-entities
  276:44   warning  `"` can be escaped with `&quot;`, `&ldquo;`, `&#34;`, `&rdquo;`                     react/no-unescaped-entities

C:\Users\Split Lease\Documents\Split Lease\app\src\islands\pages\ListWithUsPageV2.jsx
  364:23  warning  `'` can be escaped with `&apos;`, `&lsquo;`, `&#39;`, `&rsquo;`  react/no-unescaped-entities
  364:42  warning  `'` can be escaped with `&apos;`, `&lsquo;`, `&#39;`, `&rsquo;`  react/no-unescaped-entities

C:\Users\Split Lease\Documents\Split Lease\app\src\islands\pages\ListingDashboardPage\ListingDashboardPage.jsx
  31:5  warning  'activeTab' is assigned a value but never used. Allowed unused vars must match /^_/u             no-unused-vars
  33:5  warning  'counts' is assigned a value but never used. Allowed unused vars must match /^_/u                no-unused-vars
  41:5  warning  'handleTabChange' is assigned a value but never used. Allowed unused vars must match /^_/u       no-unused-vars
  42:5  warning  'handleCardClick' is assigned a value but never used. Allowed unused vars must match /^_/u       no-unused-vars
  43:5  warning  'handleBackClick' is assigned a value but never used. Allowed unused vars must match /^_/u       no-unused-vars
  44:5  warning  'handleScheduleCohost' is assigned a value but never used. Allowed unused vars must match /^_/u  no-unused-vars
  47:5  warning  'handleImportReviews' is assigned a value but never used. Allowed unused vars must match /^_/u   no-unused-vars
  60:5  warning  'handleEditSection' is assigned a value but never used. Allowed unused vars must match /^_/u     no-unused-vars
  65:5  warning  'handleAIAssistant' is assigned a value but never used. Allowed unused vars must match /^_/u     no-unused-vars

C:\Users\Split Lease\Documents\Split Lease\app\src\islands\pages\ListingDashboardPage\components\AvailabilitySection.jsx
   63:20  warning  'handleEditSection' is assigned a value but never used. Allowed unused vars must match /^_/u  no-unused-vars
  440:26  warning  `'` can be escaped with `&apos;`, `&lsquo;`, `&#39;`, `&rsquo;`                               react/no-unescaped-entities

C:\Users\Split Lease\Documents\Split Lease\app\src\islands\pages\ListingDashboardPage\components\BlockedDateList.jsx
  71:18  warning  `'` can be escaped with `&apos;`, `&lsquo;`, `&#39;`, `&rsquo;`  react/no-unescaped-entities

C:\Users\Split Lease\Documents\Split Lease\app\src\islands\pages\ListingDashboardPage\components\DetailsSection.jsx
  4:7  warning  'HomeIcon' is assigned a value but never used. Allowed unused vars must match /^_/u  no-unused-vars

C:\Users\Split Lease\Documents\Split Lease\app\src\islands\pages\ListingDashboardPage\components\NavigationHeader.jsx
  1:10  warning  'useState' is defined but never used. Allowed unused vars must match /^_/u                no-unused-vars
  5:7   warning  'ArrowLeftIcon' is assigned a value but never used. Allowed unused vars must match /^_/u  no-unused-vars

C:\Users\Split Lease\Documents\Split Lease\app\src\islands\pages\ListingDashboardPage\components\PhotosSection.jsx
  87:9  warning  'onAddPhotos' is assigned a value but never used. Allowed unused vars must match /^_/u      no-unused-vars
  88:9  warning  'onDeletePhoto' is assigned a value but never used. Allowed unused vars must match /^_/u    no-unused-vars
  89:9  warning  'onSetCover' is assigned a value but never used. Allowed unused vars must match /^_/u       no-unused-vars
  90:9  warning  'onReorderPhotos' is assigned a value but never used. Allowed unused vars must match /^_/u  no-unused-vars

C:\Users\Split Lease\Documents\Split Lease\app\src\islands\pages\ListingDashboardPage\components\PricingEditSection.jsx
   1:20  warning  'useEffect' is defined but never used. Allowed unused vars must match /^_/u                 no-unused-vars
   2:8   warning  'HostScheduleSelector' is defined but never used. Allowed unused vars must match /^_/u      no-unused-vars
  11:7   warning  'RENTAL_TYPES' is assigned a value but never used. Allowed unused vars must match /^_/u     no-unused-vars
  33:7   warning  'WEEKLY_PATTERNS' is assigned a value but never used. Allowed unused vars must match /^_/u  no-unused-vars

C:\Users\Split Lease\Documents\Split Lease\app\src\islands\pages\ListingDashboardPage\components\PricingEditSection\MonthlyPricingForm.jsx
   1:8    warning  'React' is defined but never used. Allowed unused vars must match /^_/u  no-unused-vars
  48:41   warning  `'` can be escaped with `&apos;`, `&lsquo;`, `&#39;`, `&rsquo;`          react/no-unescaped-entities
  48:49   warning  `'` can be escaped with `&apos;`, `&lsquo;`, `&#39;`, `&rsquo;`          react/no-unescaped-entities
  49:100  warning  `'` can be escaped with `&apos;`, `&lsquo;`, `&#39;`, `&rsquo;`          react/no-unescaped-entities
  50:84   warning  `'` can be escaped with `&apos;`, `&lsquo;`, `&#39;`, `&rsquo;`          react/no-unescaped-entities

C:\Users\Split Lease\Documents\Split Lease\app\src\islands\pages\ListingDashboardPage\components\PricingEditSection\NightlyPricingForm.jsx
  1:8  warning  'React' is defined but never used. Allowed unused vars must match /^_/u  no-unused-vars

C:\Users\Split Lease\Documents\Split Lease\app\src\islands\pages\ListingDashboardPage\components\PricingEditSection\PricingForm.jsx
  483:33  warning  `'` can be escaped with `&apos;`, `&lsquo;`, `&#39;`, `&rsquo;`  react/no-unescaped-entities
  483:41  warning  `'` can be escaped with `&apos;`, `&lsquo;`, `&#39;`, `&rsquo;`  react/no-unescaped-entities
  485:64  warning  `'` can be escaped with `&apos;`, `&lsquo;`, `&#39;`, `&rsquo;`  react/no-unescaped-entities
  486:72  warning  `'` can be escaped with `&apos;`, `&lsquo;`, `&#39;`, `&rsquo;`  react/no-unescaped-entities

C:\Users\Split Lease\Documents\Split Lease\app\src\islands\pages\ListingDashboardPage\components\PricingEditSection\WeeklyPricingForm.jsx
  1:8  warning  'React' is defined but never used. Allowed unused vars must match /^_/u  no-unused-vars

C:\Users\Split Lease\Documents\Split Lease\app\src\islands\pages\ListingDashboardPage\components\PricingEditSection\usePricingLogic.js
  1:44  warning  'useRef' is defined but never used. Allowed unused vars must match /^_/u  no-unused-vars

C:\Users\Split Lease\Documents\Split Lease\app\src\islands\pages\ListingDashboardPage\components\PricingSection.jsx
  15:9  warning  'onEdit' is assigned a value but never used. Allowed unused vars must match /^_/u  no-unused-vars

C:\Users\Split Lease\Documents\Split Lease\app\src\islands\pages\ListingDashboardPage\useListingDashboardPageLogic.js
  148:6  warning  React Hook useCallback has a missing dependency: 'data'. Either include it or remove the dependency array  react-hooks/exhaustive-deps

C:\Users\Split Lease\Documents\Split Lease\app\src\islands\pages\ListingsOverviewPage\api.js
  53:40  warning  'boroughId' is assigned a value but never used. Allowed unused args must match /^_/u  no-unused-vars

C:\Users\Split Lease\Documents\Split Lease\app\src\islands\pages\ListingsOverviewPage\useListingsOverviewPageLogic.js
   17:10  warning  'checkAuthStatus' is defined but never used. Allowed unused vars must match /^_/u                                no-unused-vars
   17:27  warning  'validateTokenAndFetchUser' is defined but never used. Allowed unused vars must match /^_/u                      no-unused-vars
   18:10  warning  'supabase' is defined but never used. Allowed unused vars must match /^_/u                                       no-unused-vars
  268:6   warning  React Hook useEffect has a missing dependency: 'loadListings'. Either include it or remove the dependency array  react-hooks/exhaustive-deps

C:\Users\Split Lease\Documents\Split Lease\app\src\islands\pages\LocalJourneySection.jsx
  81:28  warning  'index' is defined but never used. Allowed unused args must match /^_/u  no-unused-vars

C:\Users\Split Lease\Documents\Split Lease\app\src\islands\pages\ManageInformationalTextsPage\useManageInformationalTextsPageLogic.js
  75:6  warning  React Hook useEffect has a missing dependency: 'loadEntries'. Either include it or remove the dependency array  react-hooks/exhaustive-deps

C:\Users\Split Lease\Documents\Split Lease\app\src\islands\pages\ManageLeasesPaymentRecordsPage\components\CalendarSection\CalendarDay.jsx
  11:3  warning  'viewMode' is defined but never used. Allowed unused args must match /^_/u  no-unused-vars

C:\Users\Split Lease\Documents\Split Lease\app\src\islands\pages\ManageLeasesPaymentRecordsPage\components\DocumentChangeSection\ChangeRequestCard.jsx
  4:10  warning  'Calendar' is defined but never used. Allowed unused vars must match /^_/u  no-unused-vars

C:\Users\Split Lease\Documents\Split Lease\app\src\islands\pages\ManageLeasesPaymentRecordsPage\components\LeaseDetailsSection\LeaseDetailsSection.jsx
  19:10  warning  'formatDate' is defined but never used. Allowed unused vars must match /^_/u  no-unused-vars

C:\Users\Split Lease\Documents\Split Lease\app\src\islands\pages\ManageLeasesPaymentRecordsPage\components\PaymentRecordsSection\PaymentRecordForm.jsx
  5:10  warning  'Upload' is defined but never used. Allowed unused vars must match /^_/u  no-unused-vars

C:\Users\Split Lease\Documents\Split Lease\app\src\islands\pages\ManageLeasesPaymentRecordsPage\components\PaymentRecordsSection\PaymentRecordsSection.jsx
  13:39  warning  'Trash2' is defined but never used. Allowed unused vars must match /^_/u  no-unused-vars

C:\Users\Split Lease\Documents\Split Lease\app\src\islands\pages\ManageLeasesPaymentRecordsPage\components\StaysSection\StaysSection.jsx
   9:34  warning  'Copy' is defined but never used. Allowed unused vars must match /^_/u  no-unused-vars
  64:19  warning  `"` can be escaped with `&quot;`, `&ldquo;`, `&#34;`, `&rdquo;`         react/no-unescaped-entities
  64:32  warning  `"` can be escaped with `&quot;`, `&ldquo;`, `&#34;`, `&rdquo;`         react/no-unescaped-entities

C:\Users\Split Lease\Documents\Split Lease\app\src\islands\pages\ManageLeasesPaymentRecordsPage\useManageLeasesPageLogic.js
   28:10  warning  'accessToken' is assigned a value but never used. Allowed unused vars must match /^_/u                                            no-unused-vars
   31:20  warning  'setAllUsers' is assigned a value but never used. Allowed unused vars must match /^_/u                                            no-unused-vars
   82:6   warning  React Hook useEffect has a missing dependency: 'fetchLeases'. Either include it or remove the dependency array                    react-hooks/exhaustive-deps
  179:6   warning  React Hook useCallback has a missing dependency: 'fetchLeaseDetails'. Either include it or remove the dependency array            react-hooks/exhaustive-deps
  211:6   warning  React Hook useCallback has a missing dependency: 'fetchDocumentChangeRequests'. Either include it or remove the dependency array  react-hooks/exhaustive-deps

C:\Users\Split Lease\Documents\Split Lease\app\src\islands\pages\ManageRentalApplicationsPage\ManageRentalApplicationsPage.jsx
  14:8  warning  'React' is defined but never used. Allowed unused vars must match /^_/u  no-unused-vars

C:\Users\Split Lease\Documents\Split Lease\app\src\islands\pages\ManageRentalApplicationsPage\components\ApplicationDetailView.jsx
  13:8   warning  'React' is defined but never used. Allowed unused vars must match /^_/u          no-unused-vars
  78:10  warning  'formatAddress' is defined but never used. Allowed unused vars must match /^_/u  no-unused-vars

C:\Users\Split Lease\Documents\Split Lease\app\src\islands\pages\ManageRentalApplicationsPage\components\ApplicationsTable.jsx
  15:8  warning  'React' is defined but never used. Allowed unused vars must match /^_/u  no-unused-vars

C:\Users\Split Lease\Documents\Split Lease\app\src\islands\pages\ManageRentalApplicationsPage\components\SearchFilters.jsx
  11:8  warning  'React' is defined but never used. Allowed unused vars must match /^_/u  no-unused-vars

C:\Users\Split Lease\Documents\Split Lease\app\src\islands\pages\ManageRentalApplicationsPage\modals\EditApplicationModal.jsx
  12:8  warning  'React' is defined but never used. Allowed unused vars must match /^_/u  no-unused-vars

C:\Users\Split Lease\Documents\Split Lease\app\src\islands\pages\ManageVirtualMeetingsPage\ManageVirtualMeetingsPage.jsx
  27:8  warning  'EmptyState' is defined but never used. Allowed unused vars must match /^_/u  no-unused-vars

C:\Users\Split Lease\Documents\Split Lease\app\src\islands\pages\ManageVirtualMeetingsPage\components\AvailabilityCalendar.jsx
  10:3  warning  'formatDateString' is defined but never used. Allowed unused vars must match /^_/u  no-unused-vars

C:\Users\Split Lease\Documents\Split Lease\app\src\islands\pages\ManageVirtualMeetingsPage\components\MeetingCard.jsx
  8:3  warning  'formatRelativeTime' is defined but never used. Allowed unused vars must match /^_/u  no-unused-vars

C:\Users\Split Lease\Documents\Split Lease\app\src\islands\pages\ManageVirtualMeetingsPage\useManageVirtualMeetingsPageLogic.js
  207:6  warning  React Hook useCallback has an unnecessary dependency: 'accessToken'. Either exclude it or remove the dependency array         react-hooks/exhaustive-deps
  224:6  warning  React Hook useCallback has an unnecessary dependency: 'accessToken'. Either exclude it or remove the dependency array         react-hooks/exhaustive-deps
  271:6  warning  React Hook useCallback has a missing dependency: 'handleCloseConfirmModal'. Either include it or remove the dependency array  react-hooks/exhaustive-deps
  302:6  warning  React Hook useCallback has a missing dependency: 'handleCloseEditModal'. Either include it or remove the dependency array     react-hooks/exhaustive-deps
  331:6  warning  React Hook useCallback has a missing dependency: 'handleCloseDeleteModal'. Either include it or remove the dependency array   react-hooks/exhaustive-deps

C:\Users\Split Lease\Documents\Split Lease\app\src\islands\pages\MessageCurationPage\components\ThreadSelector.jsx
  21:3  warning  'getThreadDisplayLabel' is defined but never used. Allowed unused args must match /^_/u  no-unused-vars

C:\Users\Split Lease\Documents\Split Lease\app\src\islands\pages\MessageCurationPage\useMessageCurationPageLogic.js
   92:6   warning  React Hook useEffect has a missing dependency: 'fetchThreads'. Either include it or remove the dependency array                                 react-hooks/exhaustive-deps
   97:6   warning  React Hook useEffect has a missing dependency: 'fetchThreads'. Either include it or remove the dependency array                                 react-hooks/exhaustive-deps
  103:11  warning  'messageId' is assigned a value but never used. Allowed unused vars must match /^_/u                                                            no-unused-vars
  108:6   warning  React Hook useEffect has missing dependencies: 'handleThreadSelect' and 'selectedThreadId'. Either include them or remove the dependency array  react-hooks/exhaustive-deps

C:\Users\Split Lease\Documents\Split Lease\app\src\islands\pages\MessagingPage\MessagingPage.jsx
  224:5  warning  'modalContext' is assigned a value but never used. Allowed unused vars must match /^_/u  no-unused-vars

C:\Users\Split Lease\Documents\Split Lease\app\src\islands\pages\MessagingPage\components\MessageThread.jsx
  11:10  warning  'useEffect' is defined but never used. Allowed unused vars must match /^_/u  no-unused-vars

C:\Users\Split Lease\Documents\Split Lease\app\src\islands\pages\MessagingPage\components\ThreadHeader.jsx
  11:10  warning  'getVirtualMeetingState' is defined but never used. Allowed unused vars must match /^_/u      no-unused-vars
  11:34  warning  'getVMButtonText' is defined but never used. Allowed unused vars must match /^_/u             no-unused-vars
  32:9   warning  'hasVirtualMeeting' is assigned a value but never used. Allowed unused vars must match /^_/u  no-unused-vars

C:\Users\Split Lease\Documents\Split Lease\app\src\islands\pages\MessagingPage\components\ThreadSidebar.jsx
  20:3  warning  'onAction' is defined but never used. Allowed unused args must match /^_/u  no-unused-vars

C:\Users\Split Lease\Documents\Split Lease\app\src\islands\pages\MessagingPage\components\TypingIndicator.jsx
  9:8  warning  'React' is defined but never used. Allowed unused vars must match /^_/u  no-unused-vars

C:\Users\Split Lease\Documents\Split Lease\app\src\islands\pages\MessagingPage\useMessagingPageLogic.js
   341:6  warning  React Hook useEffect has a missing dependency: 'fetchPanelData'. Either include it or remove the dependency array                                                                                                                                                                                   react-hooks/exhaustive-deps
   362:6  warning  React Hook useEffect has a missing dependency: 'handleThreadSelectInternal'. Either include it or remove the dependency array                                                                                                                                                                       react-hooks/exhaustive-deps
   478:6  warning  React Hook useEffect has missing dependencies: 'selectedThread', 'user?.firstName', and 'user?.profilePhoto'. Either include them or remove the dependency array. You can also replace multiple useState variables with useReducer if 'setMessages' needs the current value of 'user.profilePhoto'  react-hooks/exhaustive-deps
  1086:6  warning  React Hook useCallback has a missing dependency: 'sendMessage'. Either include it or remove the dependency array                                                                                                                                                                                    react-hooks/exhaustive-deps

C:\Users\Split Lease\Documents\Split Lease\app\src\islands\pages\ModifyListingsPage\sections\AddressSection.jsx
  37:6   warning  React Hook useEffect has a missing dependency: 'listing'. Either include it or remove the dependency array                                react-hooks/exhaustive-deps
  37:20  warning  React Hook useEffect has a complex expression in the dependency array. Extract it to a separate variable so it can be statically checked  react-hooks/exhaustive-deps

C:\Users\Split Lease\Documents\Split Lease\app\src\islands\pages\ModifyListingsPage\sections\LeaseStylesSection.jsx
  9:35  warning  'FormCheckbox' is defined but never used. Allowed unused vars must match /^_/u  no-unused-vars

C:\Users\Split Lease\Documents\Split Lease\app\src\islands\pages\ModifyListingsPage\sections\RulesSection.jsx
  11:43  warning  'FormInput' is defined but never used. Allowed unused vars must match /^_/u  no-unused-vars

C:\Users\Split Lease\Documents\Split Lease\app\src\islands\pages\ModifyListingsPage\useModifyListingsPageLogic.js
  359:27  warning  React Hook useCallback received a function whose dependencies are unknown. Pass an inline function instead        react-hooks/exhaustive-deps
  413:6   warning  React Hook useCallback has a missing dependency: 'saveChanges'. Either include it or remove the dependency array  react-hooks/exhaustive-deps
  471:30  warning  'sectionId' is defined but never used. Allowed unused args must match /^_/u                                       no-unused-vars

C:\Users\Split Lease\Documents\Split Lease\app\src\islands\pages\NotFoundPage.jsx
  20:25  warning  `'` can be escaped with `&apos;`, `&lsquo;`, `&#39;`, `&rsquo;`  react/no-unescaped-entities
  20:46  warning  `'` can be escaped with `&apos;`, `&lsquo;`, `&#39;`, `&rsquo;`  react/no-unescaped-entities

C:\Users\Split Lease\Documents\Split Lease\app\src\islands\pages\PreviewSplitLeasePage.jsx
   16:68  warning  'getAvatarUrl' is defined but never used. Allowed unused vars must match /^_/u                                                no-unused-vars
   21:3   warning  'calculatePricingBreakdown' is defined but never used. Allowed unused vars must match /^_/u                                   no-unused-vars
   26:3   warning  'isContiguousSelection' is defined but never used. Allowed unused vars must match /^_/u                                       no-unused-vars
   28:3   warning  'calculateCheckInOutDays' is defined but never used. Allowed unused vars must match /^_/u                                     no-unused-vars
   29:3   warning  'getBlockedDatesList' is defined but never used. Allowed unused vars must match /^_/u                                         no-unused-vars
   32:10  warning  'DAY_ABBREVIATIONS' is defined but never used. Allowed unused vars must match /^_/u                                           no-unused-vars
   32:47  warning  'SCHEDULE_PATTERNS' is defined but never used. Allowed unused vars must match /^_/u                                           no-unused-vars
  544:10  warning  'loggedInUserData' is assigned a value but never used. Allowed unused vars must match /^_/u                                   no-unused-vars
  752:6   warning  React Hook useEffect has a missing dependency: 'selectedDayObjects.length'. Either include it or remove the dependency array  react-hooks/exhaustive-deps
  758:9   warning  'priceMessage' is assigned a value but never used. Allowed unused vars must match /^_/u                                       no-unused-vars

C:\Users\Split Lease\Documents\Split Lease\app\src\islands\pages\ProposalManagePage\index.jsx
  20:10  warning  'useState' is defined but never used. Allowed unused vars must match /^_/u  no-unused-vars

C:\Users\Split Lease\Documents\Split Lease\app\src\islands\pages\ProposalManagePage\useProposalManagePageLogic.js
   21:10  warning  'checkAuthStatus' is defined but never used. Allowed unused vars must match /^_/u                                      no-unused-vars
   21:27  warning  'validateTokenAndFetchUser' is defined but never used. Allowed unused vars must match /^_/u                            no-unused-vars
   87:9   warning  'results' is assigned a value but never used. Allowed unused vars must match /^_/u                                     no-unused-vars
  373:6   warning  React Hook useEffect has a missing dependency: 'loadProposals'. Either include it or remove the dependency array       react-hooks/exhaustive-deps
  384:6   warning  React Hook useEffect has a missing dependency: 'filters.proposalId'. Either include it or remove the dependency array  react-hooks/exhaustive-deps
  665:18  warning  'err' is defined but never used. Allowed unused caught errors must match /^_/u                                         no-unused-vars
  674:18  warning  'err' is defined but never used. Allowed unused caught errors must match /^_/u                                         no-unused-vars
  683:20  warning  'err' is defined but never used. Allowed unused caught errors must match /^_/u                                         no-unused-vars

C:\Users\Split Lease\Documents\Split Lease\app\src\islands\pages\QrCodeLandingPage\QrCodeLandingPage.jsx
  16:8  warning  'React' is defined but never used. Allowed unused vars must match /^_/u  no-unused-vars

C:\Users\Split Lease\Documents\Split Lease\app\src\islands\pages\QuickMatchPage.jsx
  1:8  warning  'React' is defined but never used. Allowed unused vars must match /^_/u  no-unused-vars

C:\Users\Split Lease\Documents\Split Lease\app\src\islands\pages\ReferralDemoPage.jsx
  1:8  warning  'React' is defined but never used. Allowed unused vars must match /^_/u  no-unused-vars

C:\Users\Split Lease\Documents\Split Lease\app\src\islands\pages\ReferralLandingPage.jsx
  211:16  warning  `'` can be escaped with `&apos;`, `&lsquo;`, `&#39;`, `&rsquo;`  react/no-unescaped-entities
  215:38  warning  `'` can be escaped with `&apos;`, `&lsquo;`, `&#39;`, `&rsquo;`  react/no-unescaped-entities
  255:26  warning  `'` can be escaped with `&apos;`, `&lsquo;`, `&#39;`, `&rsquo;`  react/no-unescaped-entities

C:\Users\Split Lease\Documents\Split Lease\app\src\islands\pages\ReferralLandingPageV2.jsx
  221:16  warning  `'` can be escaped with `&apos;`, `&lsquo;`, `&#39;`, `&rsquo;`  react/no-unescaped-entities
  265:26  warning  `'` can be escaped with `&apos;`, `&lsquo;`, `&#39;`, `&rsquo;`  react/no-unescaped-entities
  348:44  warning  `'` can be escaped with `&apos;`, `&lsquo;`, `&#39;`, `&rsquo;`  react/no-unescaped-entities

C:\Users\Split Lease\Documents\Split Lease\app\src\islands\pages\ReportEmergencyPage\ReportEmergencyPage.jsx
  13:8  warning  'React' is defined but never used. Allowed unused vars must match /^_/u  no-unused-vars

C:\Users\Split Lease\Documents\Split Lease\app\src\islands\pages\ReportEmergencyPage\useReportEmergencyPageLogic.js
  78:6  warning  React Hook useEffect has a missing dependency: 'loadUserProposals'. Either include it or remove the dependency array  react-hooks/exhaustive-deps

C:\Users\Split Lease\Documents\Split Lease\app\src\islands\pages\ResetPasswordPage.jsx
  13:31  warning  'useCallback' is defined but never used. Allowed unused vars must match /^_/u  no-unused-vars
  78:80  warning  'session' is defined but never used. Allowed unused args must match /^_/u      no-unused-vars

C:\Users\Split Lease\Documents\Split Lease\app\src\islands\pages\ReviewsOverviewPage\ReviewsOverviewPage.jsx
  14:8  warning  'React' is defined but never used. Allowed unused vars must match /^_/u  no-unused-vars

C:\Users\Split Lease\Documents\Split Lease\app\src\islands\pages\ReviewsOverviewPage\components\EmptyState.jsx
  8:8  warning  'React' is defined but never used. Allowed unused vars must match /^_/u  no-unused-vars

C:\Users\Split Lease\Documents\Split Lease\app\src\islands\pages\ReviewsOverviewPage\components\PendingReviewCard.jsx
  8:8  warning  'React' is defined but never used. Allowed unused vars must match /^_/u  no-unused-vars

C:\Users\Split Lease\Documents\Split Lease\app\src\islands\pages\ReviewsOverviewPage\components\RatingBreakdown.jsx
  7:8  warning  'React' is defined but never used. Allowed unused vars must match /^_/u  no-unused-vars

C:\Users\Split Lease\Documents\Split Lease\app\src\islands\pages\ReviewsOverviewPage\components\ReceivedReviewCard.jsx
   7:8   warning  'React' is defined but never used. Allowed unused vars must match /^_/u  no-unused-vars
  60:11  warning  `"` can be escaped with `&quot;`, `&ldquo;`, `&#34;`, `&rdquo;`          react/no-unescaped-entities
  60:30  warning  `"` can be escaped with `&quot;`, `&ldquo;`, `&#34;`, `&rdquo;`          react/no-unescaped-entities

C:\Users\Split Lease\Documents\Split Lease\app\src\islands\pages\ReviewsOverviewPage\components\ReviewStarDisplay.jsx
  8:8  warning  'React' is defined but never used. Allowed unused vars must match /^_/u  no-unused-vars

C:\Users\Split Lease\Documents\Split Lease\app\src\islands\pages\ReviewsOverviewPage\components\SubmittedReviewCard.jsx
   7:8   warning  'React' is defined but never used. Allowed unused vars must match /^_/u  no-unused-vars
  69:11  warning  `"` can be escaped with `&quot;`, `&ldquo;`, `&#34;`, `&rdquo;`          react/no-unescaped-entities
  69:30  warning  `"` can be escaped with `&quot;`, `&ldquo;`, `&#34;`, `&rdquo;`          react/no-unescaped-entities

C:\Users\Split Lease\Documents\Split Lease\app\src\islands\pages\ReviewsOverviewPage\components\TabNavigation.jsx
  8:8  warning  'React' is defined but never used. Allowed unused vars must match /^_/u  no-unused-vars

C:\Users\Split Lease\Documents\Split Lease\app\src\islands\pages\ReviewsOverviewPage\modals\CreateReviewModal.jsx
   8:8   warning  'React' is defined but never used. Allowed unused vars must match /^_/u                 no-unused-vars
  60:10  warning  'currentStep' is assigned a value but never used. Allowed unused vars must match /^_/u  no-unused-vars

C:\Users\Split Lease\Documents\Split Lease\app\src\islands\pages\ReviewsOverviewPage\modals\ViewReviewModal.jsx
    7:8   warning  'React' is defined but never used. Allowed unused vars must match /^_/u  no-unused-vars
  109:18  warning  `"` can be escaped with `&quot;`, `&ldquo;`, `&#34;`, `&rdquo;`          react/no-unescaped-entities
  109:35  warning  `"` can be escaped with `&quot;`, `&ldquo;`, `&#34;`, `&rdquo;`          react/no-unescaped-entities

C:\Users\Split Lease\Documents\Split Lease\app\src\islands\pages\ScheduleDashboard\components\BuyOutPanel.jsx
    20:8   warning  'React' is defined but never used. Allowed unused vars must match /^_/u                       no-unused-vars
    23:10  warning  'calculateTransactionFee' is defined but never used. Allowed unused vars must match /^_/u     no-unused-vars
   138:65  warning  'roommateName' is assigned a value but never used. Allowed unused args must match /^_/u       no-unused-vars
   238:10  warning  'PriceBreakdown' is defined but never used. Allowed unused vars must match /^_/u              no-unused-vars
   310:10  warning  'CounterOfferContent' is defined but never used. Allowed unused vars must match /^_/u         no-unused-vars
   563:33  warning  'icon' is defined but never used. Allowed unused args must match /^_/u                        no-unused-vars
   624:10  warning  'showFees' is assigned a value but never used. Allowed unused vars must match /^_/u           no-unused-vars
   718:9   warning  'handleSwapInstead' is assigned a value but never used. Allowed unused vars must match /^_/u  no-unused-vars
   773:39  warning  `'` can be escaped with `&apos;`, `&lsquo;`, `&#39;`, `&rsquo;`                               react/no-unescaped-entities
   773:55  warning  `'` can be escaped with `&apos;`, `&lsquo;`, `&#39;`, `&rsquo;`                               react/no-unescaped-entities
   793:39  warning  `'` can be escaped with `&apos;`, `&lsquo;`, `&#39;`, `&rsquo;`                               react/no-unescaped-entities
   793:55  warning  `'` can be escaped with `&apos;`, `&lsquo;`, `&#39;`, `&rsquo;`                               react/no-unescaped-entities
   813:39  warning  `'` can be escaped with `&apos;`, `&lsquo;`, `&#39;`, `&rsquo;`                               react/no-unescaped-entities
   813:68  warning  `'` can be escaped with `&apos;`, `&lsquo;`, `&#39;`, `&rsquo;`                               react/no-unescaped-entities
  1003:45  warning  `'` can be escaped with `&apos;`, `&lsquo;`, `&#39;`, `&rsquo;`                               react/no-unescaped-entities

C:\Users\Split Lease\Documents\Split Lease\app\src\islands\pages\ScheduleDashboard\components\BuyoutFormulaSettings.jsx
  17:8  warning  'React' is defined but never used. Allowed unused vars must match /^_/u  no-unused-vars

C:\Users\Split Lease\Documents\Split Lease\app\src\islands\pages\ScheduleDashboard\components\BuyoutPriceVisualization.jsx
   15:8   warning  'React' is defined but never used. Allowed unused vars must match /^_/u       no-unused-vars
  123:13  warning  'd' is assigned a value but never used. Allowed unused vars must match /^_/u  no-unused-vars

C:\Users\Split Lease\Documents\Split Lease\app\src\islands\pages\ScheduleDashboard\components\DashboardModeToggle.jsx
  11:8  warning  'React' is defined but never used. Allowed unused vars must match /^_/u  no-unused-vars

C:\Users\Split Lease\Documents\Split Lease\app\src\islands\pages\ScheduleDashboard\components\FlexibilityBreakdownModal.jsx
  11:8  warning  'React' is defined but never used. Allowed unused vars must match /^_/u  no-unused-vars

C:\Users\Split Lease\Documents\Split Lease\app\src\islands\pages\ScheduleDashboard\components\LeaseInfoBar.jsx
  10:8  warning  'React' is defined but never used. Allowed unused vars must match /^_/u  no-unused-vars

C:\Users\Split Lease\Documents\Split Lease\app\src\islands\pages\ScheduleDashboard\components\RoommateProfileCard.jsx
  12:8  warning  'React' is defined but never used. Allowed unused vars must match /^_/u  no-unused-vars

C:\Users\Split Lease\Documents\Split Lease\app\src\islands\pages\ScheduleDashboard\components\ScheduleCalendar.jsx
  14:8  warning  'React' is defined but never used. Allowed unused vars must match /^_/u  no-unused-vars

C:\Users\Split Lease\Documents\Split Lease\app\src\islands\pages\ScheduleDashboard\data\mockTransactions.js
  19:7  warning  'SHARE_FEE' is assigned a value but never used. Allowed unused vars must match /^_/u  no-unused-vars

C:\Users\Split Lease\Documents\Split Lease\app\src\islands\pages\ScheduleDashboard\index.jsx
   24:8  warning  'React' is defined but never used. Allowed unused vars must match /^_/u                        no-unused-vars
   37:8  warning  'BuyoutPriceVisualization' is defined but never used. Allowed unused vars must match /^_/u     no-unused-vars
  125:5  warning  'defaultRequestType' is assigned a value but never used. Allowed unused vars must match /^_/u  no-unused-vars
  147:5  warning  'isChatOpen' is assigned a value but never used. Allowed unused vars must match /^_/u          no-unused-vars
  164:5  warning  'computedExamples' is assigned a value but never used. Allowed unused vars must match /^_/u    no-unused-vars
  194:5  warning  'handleToggleChat' is assigned a value but never used. Allowed unused vars must match /^_/u    no-unused-vars

C:\Users\Split Lease\Documents\Split Lease\app\src\islands\pages\ScheduleDashboard\state\useScheduleState.js
  22:12  warning  'err' is defined but never used. Allowed unused caught errors must match /^_/u  no-unused-vars

C:\Users\Split Lease\Documents\Split Lease\app\src\islands\pages\ScheduleDashboard\useScheduleDashboardLogic.js
    23:3   warning  'SHARING_MULTIPLIERS' is defined but never used. Allowed unused vars must match /^_/u                                                                         no-unused-vars
    25:3   warning  'calculateSharePrice' is defined but never used. Allowed unused vars must match /^_/u                                                                         no-unused-vars
    26:3   warning  'calculateBuyoutPrice' is defined but never used. Allowed unused vars must match /^_/u                                                                        no-unused-vars
    27:3   warning  'calculatePriceForDate' is defined but never used. Allowed unused vars must match /^_/u                                                                       no-unused-vars
   236:9   warning  'holidays' is assigned a value but never used. Allowed unused vars must match /^_/u                                                                           no-unused-vars
   451:6   warning  React Hook useEffect has a missing dependency: 'ui'. Either include it or remove the dependency array                                                         react-hooks/exhaustive-deps
   489:6   warning  React Hook useEffect has a missing dependency: 'request'. Either include it or remove the dependency array                                                    react-hooks/exhaustive-deps
   588:6   warning  React Hook useCallback has an unnecessary dependency: 'request.isSubmitting'. Either exclude it or remove the dependency array                                react-hooks/exhaustive-deps
   658:6   warning  React Hook useCallback has an unnecessary dependency: 'request.isSubmitting'. Either exclude it or remove the dependency array                                react-hooks/exhaustive-deps
   712:54  warning  'message' is defined but never used. Allowed unused args must match /^_/u                                                                                     no-unused-vars
   784:6   warning  React Hook useCallback has unnecessary dependencies: 'request.isSubmitting' and 'request.swapOfferNight'. Either exclude them or remove the dependency array  react-hooks/exhaustive-deps
   951:6   warning  React Hook useCallback has a missing dependency: 'currentUserId'. Either include it or remove the dependency array                                            react-hooks/exhaustive-deps
   986:6   warning  React Hook useCallback has a missing dependency: 'pricing'. Either include it or remove the dependency array                                                  react-hooks/exhaustive-deps
  1003:6   warning  React Hook useCallback has a missing dependency: 'pricing'. Either include it or remove the dependency array                                                  react-hooks/exhaustive-deps
  1016:6   warning  React Hook useCallback has a missing dependency: 'pricing'. Either include it or remove the dependency array                                                  react-hooks/exhaustive-deps

C:\Users\Split Lease\Documents\Split Lease\app\src\islands\pages\SearchPage.jsx
   36:10  warning  'LISTING_CONFIG' is defined but never used. Allowed unused vars must match /^_/u                                                                                                                                                                                       no-unused-vars
   81:3   warning  'showMessageButton' is defined but never used. Allowed unused args must match /^_/u                                                                                                                                                                                    no-unused-vars
  101:40  warning  The ref value 'sentinelRef.current' will likely have changed by the time this effect cleanup function runs. If this ref points to a node rendered by React, copy 'sentinelRef.current' to a variable inside the effect, and use that variable in the cleanup function  react-hooks/exhaustive-deps
  295:5   warning  'setLoggedInUserData' is assigned a value but never used. Allowed unused vars must match /^_/u                                                                                                                                                                         no-unused-vars
  366:9   warning  'activeFilterCount' is assigned a value but never used. Allowed unused vars must match /^_/u                                                                                                                                                                           no-unused-vars
  441:6   warning  React Hook useMemo has missing dependencies: 'setPriceTier', 'setSelectedBoroughs', 'setSelectedNeighborhoods', and 'setWeekPattern'. Either include them or remove the dependency array                                                                               react-hooks/exhaustive-deps
  494:6   warning  React Hook useEffect has a missing dependency: 'setMenuOpen'. Either include it or remove the dependency array                                                                                                                                                         react-hooks/exhaustive-deps
  595:6   warning  React Hook useCallback has missing dependencies: 'setPriceTier', 'setSelectedBoroughs', 'setSelectedNeighborhoods', 'setSortBy', and 'setWeekPattern'. Either include them or remove the dependency array                                                              react-hooks/exhaustive-deps
  675:16  warning  'err' is defined but never used. Allowed unused caught errors must match /^_/u                                                                                                                                                                                         no-unused-vars
  773:47  warning  'authResult' is defined but never used. Allowed unused args must match /^_/u                                                                                                                                                                                           no-unused-vars

C:\Users\Split Lease\Documents\Split Lease\app\src\islands\pages\SearchPage\components\BoroughFilters.jsx
  34:9  warning  'handleClearAll' is assigned a value but never used. Allowed unused vars must match /^_/u  no-unused-vars

C:\Users\Split Lease\Documents\Split Lease\app\src\islands\pages\SearchPage\components\FilterPanel.jsx
  6:3  warning  'selectedDays' is defined but never used. Allowed unused args must match /^_/u  no-unused-vars
  7:3  warning  'onDaysChange' is defined but never used. Allowed unused args must match /^_/u  no-unused-vars

C:\Users\Split Lease\Documents\Split Lease\app\src\islands\pages\SearchPage\components\ListingsGrid.jsx
  31:40  warning  The ref value 'sentinelRef.current' will likely have changed by the time this effect cleanup function runs. If this ref points to a node rendered by React, copy 'sentinelRef.current' to a variable inside the effect, and use that variable in the cleanup function  react-hooks/exhaustive-deps
  38:31  warning  'index' is defined but never used. Allowed unused args must match /^_/u                                                                                                                                                                                                no-unused-vars

C:\Users\Split Lease\Documents\Split Lease\app\src\islands\pages\SearchPage\components\MobileFilterBar.jsx
  12:3  warning  'favoritesCount' is defined but never used. Allowed unused args must match /^_/u  no-unused-vars

C:\Users\Split Lease\Documents\Split Lease\app\src\islands\pages\SearchPage\components\NeighborhoodFilters.jsx
  35:9  warning  'handleClearAll' is assigned a value but never used. Allowed unused vars must match /^_/u  no-unused-vars

C:\Users\Split Lease\Documents\Split Lease\app\src\islands\pages\SearchPage\components\PropertyCard.jsx
  11:95  warning  'isLoggedIn' is defined but never used. Allowed unused args must match /^_/u                   no-unused-vars
  78:9   warning  'renderAmenityIcons' is assigned a value but never used. Allowed unused vars must match /^_/u  no-unused-vars

C:\Users\Split Lease\Documents\Split Lease\app\src\islands\pages\SelfListingPage.jsx
  1:8  warning  'React' is defined but never used. Allowed unused vars must match /^_/u  no-unused-vars

C:\Users\Split Lease\Documents\Split Lease\app\src\islands\pages\SelfListingPageV2.jsx
  1:8  warning  'React' is defined but never used. Allowed unused vars must match /^_/u  no-unused-vars

C:\Users\Split Lease\Documents\Split Lease\app\src\islands\pages\SendMagicLoginLinksPage\SendMagicLoginLinksPage.jsx
    7:8   warning  'React' is defined but never used. Allowed unused vars must match /^_/u                no-unused-vars
  108:59  warning  `'` can be escaped with `&apos;`, `&lsquo;`, `&#39;`, `&rsquo;`                        react/no-unescaped-entities
  165:37  warning  'listingId' is assigned a value but never used. Allowed unused vars must match /^_/u   no-unused-vars
  165:48  warning  'id' is assigned a value but never used. Allowed unused vars must match /^_/u          no-unused-vars
  189:37  warning  'proposalId' is assigned a value but never used. Allowed unused vars must match /^_/u  no-unused-vars
  213:37  warning  'threadId' is assigned a value but never used. Allowed unused vars must match /^_/u    no-unused-vars

C:\Users\Split Lease\Documents\Split Lease\app\src\islands\pages\SendMagicLoginLinksPage\useSendMagicLoginLinksPageLogic.js
  57:6  warning  React Hook useEffect has a missing dependency: 'loadDestinationPages'. Either include it or remove the dependency array  react-hooks/exhaustive-deps
  66:6  warning  React Hook useEffect has a missing dependency: 'loadUsers'. Either include it or remove the dependency array             react-hooks/exhaustive-deps

C:\Users\Split Lease\Documents\Split Lease\app\src\islands\pages\SimulationAdminPage\useSimulationAdminPageLogic.js
   87:6  warning  React Hook useEffect has missing dependencies: 'fetchStatistics' and 'fetchTesters'. Either include them or remove the dependency array    react-hooks/exhaustive-deps
   92:6  warning  React Hook useEffect has a missing dependency: 'fetchTesters'. Either include it or remove the dependency array                            react-hooks/exhaustive-deps
  107:6  warning  React Hook useEffect has missing dependencies: 'fetchTesterById' and 'selectedTester'. Either include them or remove the dependency array  react-hooks/exhaustive-deps

C:\Users\Split Lease\Documents\Split Lease\app\src\islands\pages\SimulationGuestMobilePage\components\SimulationComplete.jsx
  9:3  warning  'simulationData' is defined but never used. Allowed unused args must match /^_/u  no-unused-vars

C:\Users\Split Lease\Documents\Split Lease\app\src\islands\pages\SimulationGuestMobilePage\components\StepBHouseManual.jsx
  13:3  warning  'houseManual' is defined but never used. Allowed unused args must match /^_/u  no-unused-vars

C:\Users\Split Lease\Documents\Split Lease\app\src\islands\pages\SimulationGuestMobilePage\components\StepFFinish.jsx
  33:29  warning  `'` can be escaped with `&apos;`, `&lsquo;`, `&#39;`, `&rsquo;`  react/no-unescaped-entities

C:\Users\Split Lease\Documents\Split Lease\app\src\islands\pages\SimulationGuestMobilePage\components\StepIndicator.jsx
  8:41  warning  'currentStep' is defined but never used. Allowed unused args must match /^_/u  no-unused-vars

C:\Users\Split Lease\Documents\Split Lease\app\src\islands\pages\SimulationGuestMobilePage\useSimulationGuestMobilePageLogic.js
   25:29  warning  'getNextStepId' is defined but never used. Allowed unused vars must match /^_/u    no-unused-vars
  350:13  warning  'result' is assigned a value but never used. Allowed unused vars must match /^_/u  no-unused-vars
  383:13  warning  'result' is assigned a value but never used. Allowed unused vars must match /^_/u  no-unused-vars
  415:13  warning  'result' is assigned a value but never used. Allowed unused vars must match /^_/u  no-unused-vars

C:\Users\Split Lease\Documents\Split Lease\app\src\islands\pages\SimulationGuestsideDemoPage\SimulationGuestsideDemoPage.jsx
  28:10  warning  'SIMULATION_STEPS' is defined but never used. Allowed unused vars must match /^_/u  no-unused-vars

C:\Users\Split Lease\Documents\Split Lease\app\src\islands\pages\SimulationGuestsideDemoPage\useSimulationGuestsideDemoPageLogic.js
   26:3   warning  'SIMULATION_STEPS' is defined but never used. Allowed unused vars must match /^_/u                                              no-unused-vars
  135:6   warning  React Hook useEffect has a missing dependency: 'simulationState'. Either include it or remove the dependency array              react-hooks/exhaustive-deps
  202:6   warning  React Hook useEffect has a missing dependency: 'restoreProgressFromDatabase'. Either include it or remove the dependency array  react-hooks/exhaustive-deps
  307:21  warning  'rentalAppResult' is assigned a value but never used. Allowed unused vars must match /^_/u                                      no-unused-vars

C:\Users\Split Lease\Documents\Split Lease\app\src\islands\pages\SimulationHostMobilePage\components\SimulationComplete.jsx
  50:18  warning  `"` can be escaped with `&quot;`, `&ldquo;`, `&#34;`, `&rdquo;`  react/no-unescaped-entities
  50:27  warning  `"` can be escaped with `&quot;`, `&ldquo;`, `&#34;`, `&rdquo;`  react/no-unescaped-entities

C:\Users\Split Lease\Documents\Split Lease\app\src\islands\pages\SimulationHostMobilePage\components\StepIndicator.jsx
  14:17  warning  'isPending' is assigned a value but never used. Allowed unused vars must match /^_/u  no-unused-vars

C:\Users\Split Lease\Documents\Split Lease\app\src\islands\pages\SimulationHostMobilePage\useSimulationHostMobilePageLogic.js
   31:3  warning  'getNextStep' is defined but never used. Allowed unused vars must match /^_/u                                                     no-unused-vars
   33:3  warning  'getCompletedSteps' is defined but never used. Allowed unused vars must match /^_/u                                               no-unused-vars
  202:6  warning  React Hook useEffect has a missing dependency: 'simulationState.testGuestName'. Either include it or remove the dependency array  react-hooks/exhaustive-deps
  302:6  warning  React Hook useEffect has a missing dependency: 'loadHostListings'. Either include it or remove the dependency array               react-hooks/exhaustive-deps

C:\Users\Split Lease\Documents\Split Lease\app\src\islands\pages\SimulationHostsideDemoPage\SimulationHostsideDemoPage.jsx
  106:52  warning  `'` can be escaped with `&apos;`, `&lsquo;`, `&#39;`, `&rsquo;`  react/no-unescaped-entities

C:\Users\Split Lease\Documents\Split Lease\app\src\islands\pages\SimulationHostsideDemoPage\components\StepButton.jsx
  13:32  warning  'Circle' is defined but never used. Allowed unused vars must match /^_/u  no-unused-vars

C:\Users\Split Lease\Documents\Split Lease\app\src\islands\pages\SimulationHostsideDemoPage\components\StepIndicator.jsx
  10:17  warning  'Circle' is defined but never used. Allowed unused vars must match /^_/u              no-unused-vars
  30:17  warning  'isPending' is assigned a value but never used. Allowed unused vars must match /^_/u  no-unused-vars

C:\Users\Split Lease\Documents\Split Lease\app\src\islands\pages\UsabilityDataManagementPage\components\AlertOverlay.jsx
  6:8  warning  'React' is defined but never used. Allowed unused vars must match /^_/u  no-unused-vars

C:\Users\Split Lease\Documents\Split Lease\app\src\islands\pages\UsabilityDataManagementPage\components\CalculatedFieldsDisplay.jsx
  6:8  warning  'React' is defined but never used. Allowed unused vars must match /^_/u  no-unused-vars

C:\Users\Split Lease\Documents\Split Lease\app\src\islands\pages\UsabilityDataManagementPage\components\DaySelector.jsx
  6:8  warning  'React' is defined but never used. Allowed unused vars must match /^_/u  no-unused-vars

C:\Users\Split Lease\Documents\Split Lease\app\src\islands\pages\UsabilityDataManagementPage\components\GuestDataSection.jsx
  6:8  warning  'React' is defined but never used. Allowed unused vars must match /^_/u  no-unused-vars

C:\Users\Split Lease\Documents\Split Lease\app\src\islands\pages\UsabilityDataManagementPage\components\HostDataSection.jsx
  6:8  warning  'React' is defined but never used. Allowed unused vars must match /^_/u  no-unused-vars

C:\Users\Split Lease\Documents\Split Lease\app\src\islands\pages\UsabilityDataManagementPage\components\ListingPreview.jsx
  6:8  warning  'React' is defined but never used. Allowed unused vars must match /^_/u  no-unused-vars

C:\Users\Split Lease\Documents\Split Lease\app\src\islands\pages\UsabilityDataManagementPage\components\ProposalConfirmationModal.jsx
  6:8  warning  'React' is defined but never used. Allowed unused vars must match /^_/u  no-unused-vars

C:\Users\Split Lease\Documents\Split Lease\app\src\islands\pages\UsabilityDataManagementPage\components\ProposalCreationSection.jsx
  6:8  warning  'React' is defined but never used. Allowed unused vars must match /^_/u  no-unused-vars

C:\Users\Split Lease\Documents\Split Lease\app\src\islands\pages\UsabilityDataManagementPage\components\ProposalDeletionSection.jsx
  6:8  warning  'React' is defined but never used. Allowed unused vars must match /^_/u  no-unused-vars

C:\Users\Split Lease\Documents\Split Lease\app\src\islands\pages\UsabilityDataManagementPage\useUsabilityDataManagementPageLogic.js
  126:6  warning  React Hook useCallback has a missing dependency: 'showAlertMessage'. Either include it or remove the dependency array  react-hooks/exhaustive-deps
  150:6  warning  React Hook useCallback has a missing dependency: 'showAlertMessage'. Either include it or remove the dependency array  react-hooks/exhaustive-deps
  169:6  warning  React Hook useCallback has a missing dependency: 'showAlertMessage'. Either include it or remove the dependency array  react-hooks/exhaustive-deps
  186:6  warning  React Hook useCallback has a missing dependency: 'showAlertMessage'. Either include it or remove the dependency array  react-hooks/exhaustive-deps
  202:6  warning  React Hook useCallback has a missing dependency: 'showAlertMessage'. Either include it or remove the dependency array  react-hooks/exhaustive-deps
  241:6  warning  React Hook useCallback has a missing dependency: 'showAlertMessage'. Either include it or remove the dependency array  react-hooks/exhaustive-deps
  258:6  warning  React Hook useCallback has a missing dependency: 'showAlertMessage'. Either include it or remove the dependency array  react-hooks/exhaustive-deps
  279:6  warning  React Hook useCallback has a missing dependency: 'showAlertMessage'. Either include it or remove the dependency array  react-hooks/exhaustive-deps
  326:6  warning  React Hook useCallback has a missing dependency: 'showAlertMessage'. Either include it or remove the dependency array  react-hooks/exhaustive-deps
  363:6  warning  React Hook useCallback has a missing dependency: 'showAlertMessage'. Either include it or remove the dependency array  react-hooks/exhaustive-deps
  384:6  warning  React Hook useCallback has a missing dependency: 'showAlertMessage'. Either include it or remove the dependency array  react-hooks/exhaustive-deps

C:\Users\Split Lease\Documents\Split Lease\app\src\islands\pages\VerifyUsersPage.jsx
  469:42  warning  `"` can be escaped with `&quot;`, `&ldquo;`, `&#34;`, `&rdquo;`  react/no-unescaped-entities
  469:57  warning  `"` can be escaped with `&quot;`, `&ldquo;`, `&#34;`, `&rdquo;`  react/no-unescaped-entities
  470:61  warning  `'` can be escaped with `&apos;`, `&lsquo;`, `&#39;`, `&rsquo;`  react/no-unescaped-entities

C:\Users\Split Lease\Documents\Split Lease\app\src\islands\pages\ViewSplitLeasePage_LEGACY\ViewSplitLeasePage.jsx
    21:68  warning  'getUserId' is defined but never used. Allowed unused vars must match /^_/u                                                                                                             no-unused-vars
    24:3   warning  'calculatePricingBreakdown' is defined but never used. Allowed unused vars must match /^_/u                                                                                             no-unused-vars
    32:3   warning  'getBlockedDatesList' is defined but never used. Allowed unused vars must match /^_/u                                                                                                   no-unused-vars
    35:10  warning  'DAY_ABBREVIATIONS' is defined but never used. Allowed unused vars must match /^_/u                                                                                                     no-unused-vars
    35:47  warning  'SCHEDULE_PATTERNS' is defined but never used. Allowed unused vars must match /^_/u                                                                                                     no-unused-vars
    39:10  warning  'toast' is defined but never used. Allowed unused vars must match /^_/u                                                                                                                 no-unused-vars
   554:37  warning  'setCustomScheduleDescription' is assigned a value but never used. Allowed unused vars must match /^_/u                                                                                 no-unused-vars
   555:10  warning  'showCustomScheduleInput' is assigned a value but never used. Allowed unused vars must match /^_/u                                                                                      no-unused-vars
   555:35  warning  'setShowCustomScheduleInput' is assigned a value but never used. Allowed unused vars must match /^_/u                                                                                   no-unused-vars
   636:6   warning  React Hook useEffect has missing dependencies: 'calculateSmartMoveInDate', 'minMoveInDate', 'moveInDate', and 'selectedDayObjects'. Either include them or remove the dependency array  react-hooks/exhaustive-deps
   959:6   warning  React Hook useEffect has a missing dependency: 'selectedDayObjects.length'. Either include it or remove the dependency array                                                            react-hooks/exhaustive-deps
   963:11  warning  'checkInName' is assigned a value but never used. Allowed unused vars must match /^_/u                                                                                                  no-unused-vars
   963:24  warning  'checkOutName' is assigned a value but never used. Allowed unused vars must match /^_/u                                                                                                 no-unused-vars
  1421:9   warning  'handleCommuteClick' is assigned a value but never used. Allowed unused vars must match /^_/u                                                                                           no-unused-vars
  1422:9   warning  'handleAmenitiesClick' is assigned a value but never used. Allowed unused vars must match /^_/u                                                                                         no-unused-vars
  1423:9   warning  'handleHouseRulesClick' is assigned a value but never used. Allowed unused vars must match /^_/u                                                                                        no-unused-vars
  1424:9   warning  'handleMapClick' is assigned a value but never used. Allowed unused vars must match /^_/u                                                                                               no-unused-vars

C:\Users\Split Lease\Documents\Split Lease\app\src\islands\pages\WhySplitLeasePage.jsx
  299:101  warning  `'` can be escaped with `&apos;`, `&lsquo;`, `&#39;`, `&rsquo;`  react/no-unescaped-entities
  312:98   warning  `'` can be escaped with `&apos;`, `&lsquo;`, `&#39;`, `&rsquo;`  react/no-unescaped-entities
  328:69   warning  `"` can be escaped with `&quot;`, `&ldquo;`, `&#34;`, `&rdquo;`  react/no-unescaped-entities
  328:86   warning  `"` can be escaped with `&quot;`, `&ldquo;`, `&#34;`, `&rdquo;`  react/no-unescaped-entities
  328:104  warning  `'` can be escaped with `&apos;`, `&lsquo;`, `&#39;`, `&rsquo;`  react/no-unescaped-entities
  340:93   warning  `'` can be escaped with `&apos;`, `&lsquo;`, `&#39;`, `&rsquo;`  react/no-unescaped-entities
  340:167  warning  `'` can be escaped with `&apos;`, `&lsquo;`, `&#39;`, `&rsquo;`  react/no-unescaped-entities
  357:36   warning  `'` can be escaped with `&apos;`, `&lsquo;`, `&#39;`, `&rsquo;`  react/no-unescaped-entities
  357:90   warning  `'` can be escaped with `&apos;`, `&lsquo;`, `&#39;`, `&rsquo;`  react/no-unescaped-entities
  395:70   warning  `'` can be escaped with `&apos;`, `&lsquo;`, `&#39;`, `&rsquo;`  react/no-unescaped-entities
  401:131  warning  `'` can be escaped with `&apos;`, `&lsquo;`, `&#39;`, `&rsquo;`  react/no-unescaped-entities
  542:17   warning  `'` can be escaped with `&apos;`, `&lsquo;`, `&#39;`, `&rsquo;`  react/no-unescaped-entities
  589:49   warning  `'` can be escaped with `&apos;`, `&lsquo;`, `&#39;`, `&rsquo;`  react/no-unescaped-entities
  605:26   warning  `'` can be escaped with `&apos;`, `&lsquo;`, `&#39;`, `&rsquo;`  react/no-unescaped-entities
  654:163  warning  `'` can be escaped with `&apos;`, `&lsquo;`, `&#39;`, `&rsquo;`  react/no-unescaped-entities
  654:350  warning  `'` can be escaped with `&apos;`, `&lsquo;`, `&#39;`, `&rsquo;`  react/no-unescaped-entities
  682:19   warning  `"` can be escaped with `&quot;`, `&ldquo;`, `&#34;`, `&rdquo;`  react/no-unescaped-entities
  682:167  warning  `'` can be escaped with `&apos;`, `&lsquo;`, `&#39;`, `&rsquo;`  react/no-unescaped-entities
  682:226  warning  `"` can be escaped with `&quot;`, `&ldquo;`, `&#34;`, `&rdquo;`  react/no-unescaped-entities
  699:19   warning  `"` can be escaped with `&quot;`, `&ldquo;`, `&#34;`, `&rdquo;`  react/no-unescaped-entities
  699:32   warning  `'` can be escaped with `&apos;`, `&lsquo;`, `&#39;`, `&rsquo;`  react/no-unescaped-entities
  699:145  warning  `'` can be escaped with `&apos;`, `&lsquo;`, `&#39;`, `&rsquo;`  react/no-unescaped-entities
  699:180  warning  `"` can be escaped with `&quot;`, `&ldquo;`, `&#34;`, `&rdquo;`  react/no-unescaped-entities
  716:19   warning  `"` can be escaped with `&quot;`, `&ldquo;`, `&#34;`, `&rdquo;`  react/no-unescaped-entities
  716:191  warning  `'` can be escaped with `&apos;`, `&lsquo;`, `&#39;`, `&rsquo;`  react/no-unescaped-entities
  716:195  warning  `'` can be escaped with `&apos;`, `&lsquo;`, `&#39;`, `&rsquo;`  react/no-unescaped-entities
  716:207  warning  `'` can be escaped with `&apos;`, `&lsquo;`, `&#39;`, `&rsquo;`  react/no-unescaped-entities
  716:246  warning  `"` can be escaped with `&quot;`, `&ldquo;`, `&#34;`, `&rdquo;`  react/no-unescaped-entities
  733:19   warning  `"` can be escaped with `&quot;`, `&ldquo;`, `&#34;`, `&rdquo;`  react/no-unescaped-entities
  733:235  warning  `'` can be escaped with `&apos;`, `&lsquo;`, `&#39;`, `&rsquo;`  react/no-unescaped-entities
  733:253  warning  `"` can be escaped with `&quot;`, `&ldquo;`, `&#34;`, `&rdquo;`  react/no-unescaped-entities

C:\Users\Split Lease\Documents\Split Lease\app\src\islands\pages\ZEmailsUnitPage\useZEmailsUnitPageLogic.js
   59:14  warning  'err' is defined but never used. Allowed unused caught errors must match /^_/u    no-unused-vars
  290:12  warning  'error' is defined but never used. Allowed unused caught errors must match /^_/u  no-unused-vars

C:\Users\Split Lease\Documents\Split Lease\app\src\islands\pages\ZPricingUnitTestPage\useZPricingUnitTestPageLogic.js
   18:3  warning  'calculateCombinedMarkup' is defined but never used. Allowed unused vars must match /^_/u                       no-unused-vars
  236:6  warning  React Hook useEffect has a missing dependency: 'pricingList'. Either include it or remove the dependency array  react-hooks/exhaustive-deps

C:\Users\Split Lease\Documents\Split Lease\app\src\islands\pages\ZScheduleTestPage\useZScheduleTestPageLogic.js
  120:14  warning  'err' is defined but never used. Allowed unused caught errors must match /^_/u  no-unused-vars
  131:14  warning  'err' is defined but never used. Allowed unused caught errors must match /^_/u  no-unused-vars
  180:14  warning  'err' is defined but never used. Allowed unused caught errors must match /^_/u  no-unused-vars

C:\Users\Split Lease\Documents\Split Lease\app\src\islands\pages\ZSearchUnitTestPage\ZSearchUnitTestPage.jsx
  85:5  warning  'authState' is assigned a value but never used. Allowed unused vars must match /^_/u  no-unused-vars

C:\Users\Split Lease\Documents\Split Lease\app\src\islands\pages\ZUnitPaymentRecordsJsPage\ZUnitPaymentRecordsJsPage.jsx
  168:3  warning  'title' is defined but never used. Allowed unused args must match /^_/u  no-unused-vars

C:\Users\Split Lease\Documents\Split Lease\app\src\islands\pages\ZUnitPaymentRecordsJsPage\useZUnitPaymentRecordsJsPageLogic.js
  286:62  warning  'lease' is defined but never used. Allowed unused args must match /^_/u  no-unused-vars

C:\Users\Split Lease\Documents\Split Lease\app\src\islands\pages\guest-leases\CheckInCheckOutFlow.jsx
  111:20  warning  `'` can be escaped with `&apos;`, `&lsquo;`, `&#39;`, `&rsquo;`  react/no-unescaped-entities
  118:20  warning  `'` can be escaped with `&apos;`, `&lsquo;`, `&#39;`, `&rsquo;`  react/no-unescaped-entities
  233:20  warning  `'` can be escaped with `&apos;`, `&lsquo;`, `&#39;`, `&rsquo;`  react/no-unescaped-entities
  236:38  warning  `'` can be escaped with `&apos;`, `&lsquo;`, `&#39;`, `&rsquo;`  react/no-unescaped-entities

C:\Users\Split Lease\Documents\Split Lease\app\src\islands\pages\guest-leases\FlexibilityScore.jsx
  66:3  warning  'currentUserId' is defined but never used. Allowed unused args must match /^_/u  no-unused-vars

C:\Users\Split Lease\Documents\Split Lease\app\src\islands\pages\guest-leases\LeaseCard.jsx
  93:5  warning  'documents' is assigned a value but never used. Allowed unused vars must match /^_/u  no-unused-vars

C:\Users\Split Lease\Documents\Split Lease\app\src\islands\pages\guest-leases\useGuestLeasesPageLogic.js
   29:10  warning  'checkAuthStatus' is defined but never used. Allowed unused vars must match /^_/u                                   no-unused-vars
   31:10  warning  'SIGNUP_LOGIN_URL' is defined but never used. Allowed unused vars must match /^_/u                                  no-unused-vars
  233:6   warning  React Hook useEffect has a missing dependency: 'expandedLeaseId'. Either include it or remove the dependency array  react-hooks/exhaustive-deps

C:\Users\Split Lease\Documents\Split Lease\app\src\islands\pages\proposals\CounterofferSummarySection.jsx
  24:9  warning  'remaining' is assigned a value but never used. Allowed unused vars must match /^_/u  no-unused-vars

C:\Users\Split Lease\Documents\Split Lease\app\src\islands\pages\proposals\ExpandableProposalCard.jsx
  639:9  warning  'isPending' is assigned a value but never used. Allowed unused vars must match /^_/u    no-unused-vars
  641:9  warning  'isCompleted' is assigned a value but never used. Allowed unused vars must match /^_/u  no-unused-vars

C:\Users\Split Lease\Documents\Split Lease\app\src\islands\pages\proposals\LeaseCalendarSection.jsx
  332:71  warning  `'` can be escaped with `&apos;`, `&lsquo;`, `&#39;`, `&rsquo;`  react/no-unescaped-entities

C:\Users\Split Lease\Documents\Split Lease\app\src\islands\pages\proposals\NarrativeGuestProposalBody.jsx
  72:70  warning  'arr' is defined but never used. Allowed unused args must match /^_/u  no-unused-vars

C:\Users\Split Lease\Documents\Split Lease\app\src\islands\pages\proposals\ProgressTracker.jsx
  8:51  warning  'currentStage' is defined but never used. Allowed unused args must match /^_/u  no-unused-vars

C:\Users\Split Lease\Documents\Split Lease\app\src\islands\pages\proposals\ProposalSelector.jsx
  11:10  warning  'getStatusConfig' is defined but never used. Allowed unused vars must match /^_/u         no-unused-vars
  11:27  warning  'shouldShowStatusBanner' is defined but never used. Allowed unused vars must match /^_/u  no-unused-vars

C:\Users\Split Lease\Documents\Split Lease\app\src\islands\pages\proposals\VirtualMeetingsSection.jsx
   28:3   warning  'areAllDatesExpired' is defined but never used. Allowed unused vars must match /^_/u         no-unused-vars
   57:10  warning  'formatShortDate' is defined but never used. Allowed unused vars must match /^_/u            no-unused-vars
  142:10  warning  'getLastSuggestedDate' is defined but never used. Allowed unused vars must match /^_/u       no-unused-vars
  151:10  warning  'hasAnyFutureSuggestedDate' is defined but never used. Allowed unused vars must match /^_/u  no-unused-vars
  180:10  warning  'getModalViewForState' is defined but never used. Allowed unused vars must match /^_/u       no-unused-vars
  201:10  warning  'getCardMessage' is defined but never used. Allowed unused vars must match /^_/u             no-unused-vars

C:\Users\Split Lease\Documents\Split Lease\app\src\islands\pages\proposals\displayUtils.js
  348:61  warning  'e' is defined but never used. Allowed unused caught errors must match /^_/u  no-unused-vars

C:\Users\Split Lease\Documents\Split Lease\app\src\islands\pages\proposals\useGuestProposalsPageLogic.js
  31:54  warning  'getFirstName' is defined but never used. Allowed unused vars must match /^_/u  no-unused-vars
  32:10  warning  'getUserId' is defined but never used. Allowed unused vars must match /^_/u     no-unused-vars

C:\Users\Split Lease\Documents\Split Lease\app\src\islands\pages\useEmailSmsUnitPageLogic.js
  1:40  warning  'useCallback' is defined but never used. Allowed unused vars must match /^_/u  no-unused-vars

C:\Users\Split Lease\Documents\Split Lease\app\src\islands\pages\useManageInformationalTextsPageLogic.js
  75:6  warning  React Hook useEffect has a missing dependency: 'loadEntries'. Either include it or remove the dependency array  react-hooks/exhaustive-deps

C:\Users\Split Lease\Documents\Split Lease\app\src\islands\pages\useQuickMatchPageLogic.js
  96:6  warning  React Hook useEffect has a missing dependency: 'fetchProposal'. Either include it or remove the dependency array  react-hooks/exhaustive-deps

C:\Users\Split Lease\Documents\Split Lease\app\src\islands\pages\useRentalApplicationPageLogic.js
  117:5  warning  'setOccupants' is assigned a value but never used. Allowed unused vars must match /^_/u  no-unused-vars

C:\Users\Split Lease\Documents\Split Lease\app\src\islands\pages\useSearchPageLogic.js
   54:10  warning  'calculateGuestFacingPrice' is defined but never used. Allowed unused vars must match /^_/u                               no-unused-vars
   55:10  warning  'formatHostName' is defined but never used. Allowed unused vars must match /^_/u                                          no-unused-vars
  666:6   warning  React Hook useEffect has a missing dependency: 'selectedBoroughs'. Either include it or remove the dependency array       react-hooks/exhaustive-deps
  719:6   warning  React Hook useEffect has a missing dependency: 'selectedNeighborhoods'. Either include it or remove the dependency array  react-hooks/exhaustive-deps

C:\Users\Split Lease\Documents\Split Lease\app\src\islands\pages\useVerifyUsersPageLogic.js
   84:6  warning  React Hook useEffect has a missing dependency: 'loadUserById'. Either include it or remove the dependency array                         react-hooks/exhaustive-deps
   98:6  warning  React Hook useEffect has missing dependencies: 'loadRecentUsers' and 'searchUsers'. Either include them or remove the dependency array  react-hooks/exhaustive-deps
  247:6  warning  React Hook useCallback has a missing dependency: 'loadRecentUsers'. Either include it or remove the dependency array                    react-hooks/exhaustive-deps

C:\Users\Split Lease\Documents\Split Lease\app\src\islands\shared\AIImportAssistantModal\AIImportAssistantModal.jsx
  318:56  warning  `'` can be escaped with `&apos;`, `&lsquo;`, `&#39;`, `&rsquo;`  react/no-unescaped-entities

C:\Users\Split Lease\Documents\Split Lease\app\src\islands\shared\AIRoomRedesign\LoadingOverlay.stories.jsx
   71:63  warning  `'` can be escaped with `&apos;`, `&lsquo;`, `&#39;`, `&rsquo;`  react/no-unescaped-entities
  141:13  warning  `"` can be escaped with `&quot;`, `&ldquo;`, `&#34;`, `&rdquo;`  react/no-unescaped-entities
  141:41  warning  `"` can be escaped with `&quot;`, `&ldquo;`, `&#34;`, `&rdquo;`  react/no-unescaped-entities
  142:13  warning  `"` can be escaped with `&quot;`, `&ldquo;`, `&#34;`, `&rdquo;`  react/no-unescaped-entities
  142:38  warning  `"` can be escaped with `&quot;`, `&ldquo;`, `&#34;`, `&rdquo;`  react/no-unescaped-entities
  143:13  warning  `"` can be escaped with `&quot;`, `&ldquo;`, `&#34;`, `&rdquo;`  react/no-unescaped-entities
  143:38  warning  `"` can be escaped with `&quot;`, `&ldquo;`, `&#34;`, `&rdquo;`  react/no-unescaped-entities
  144:13  warning  `"` can be escaped with `&quot;`, `&ldquo;`, `&#34;`, `&rdquo;`  react/no-unescaped-entities
  144:44  warning  `"` can be escaped with `&quot;`, `&ldquo;`, `&#34;`, `&rdquo;`  react/no-unescaped-entities
  145:13  warning  `"` can be escaped with `&quot;`, `&ldquo;`, `&#34;`, `&rdquo;`  react/no-unescaped-entities
  145:41  warning  `"` can be escaped with `&quot;`, `&ldquo;`, `&#34;`, `&rdquo;`  react/no-unescaped-entities
  146:13  warning  `"` can be escaped with `&quot;`, `&ldquo;`, `&#34;`, `&rdquo;`  react/no-unescaped-entities
  146:40  warning  `"` can be escaped with `&quot;`, `&ldquo;`, `&#34;`, `&rdquo;`  react/no-unescaped-entities
  147:13  warning  `"` can be escaped with `&quot;`, `&ldquo;`, `&#34;`, `&rdquo;`  react/no-unescaped-entities
  147:28  warning  `"` can be escaped with `&quot;`, `&ldquo;`, `&#34;`, `&rdquo;`  react/no-unescaped-entities

C:\Users\Split Lease\Documents\Split Lease\app\src\islands\shared\AITools\AIToolsProvider.jsx
  19:8  warning  'React' is defined but never used. Allowed unused vars must match /^_/u  no-unused-vars

C:\Users\Split Lease\Documents\Split Lease\app\src\islands\shared\AITools\AudioRecorder.jsx
   17:8  warning  'React' is defined but never used. Allowed unused vars must match /^_/u               no-unused-vars
  137:9  warning  'isSuccess' is assigned a value but never used. Allowed unused vars must match /^_/u  no-unused-vars

C:\Users\Split Lease\Documents\Split Lease\app\src\islands\shared\AITools\FreeformTextInput.jsx
   16:8   warning  'React' is defined but never used. Allowed unused vars must match /^_/u  no-unused-vars
  193:21  warning  `"` can be escaped with `&quot;`, `&ldquo;`, `&#34;`, `&rdquo;`          react/no-unescaped-entities
  193:38  warning  `"` can be escaped with `&quot;`, `&ldquo;`, `&#34;`, `&rdquo;`          react/no-unescaped-entities

C:\Users\Split Lease\Documents\Split Lease\app\src\islands\shared\AITools\HouseManualEditor.jsx
  10:8  warning  'React' is defined but never used. Allowed unused vars must match /^_/u  no-unused-vars

C:\Users\Split Lease\Documents\Split Lease\app\src\islands\shared\AITools\InputMethodSelector.jsx
  10:8  warning  'React' is defined but never used. Allowed unused vars must match /^_/u  no-unused-vars

C:\Users\Split Lease\Documents\Split Lease\app\src\islands\shared\AITools\PdfDocUploader.jsx
   15:8   warning  'React' is defined but never used. Allowed unused vars must match /^_/u               no-unused-vars
  120:9   warning  'isSuccess' is assigned a value but never used. Allowed unused vars must match /^_/u  no-unused-vars
  407:49  warning  `"` can be escaped with `&quot;`, `&ldquo;`, `&#34;`, `&rdquo;`                       react/no-unescaped-entities
  407:79  warning  `"` can be escaped with `&quot;`, `&ldquo;`, `&#34;`, `&rdquo;`                       react/no-unescaped-entities

C:\Users\Split Lease\Documents\Split Lease\app\src\islands\shared\AITools\PhoneCallInterface.jsx
   16:8   warning  'React' is defined but never used. Allowed unused vars must match /^_/u                         no-unused-vars
   59:46  warning  'onDataExtracted' is defined but never used. Allowed unused args must match /^_/u               no-unused-vars
   63:5   warning  'updateExtractedData' is assigned a value but never used. Allowed unused vars must match /^_/u  no-unused-vars
  189:21  warning  `"` can be escaped with `&quot;`, `&ldquo;`, `&#34;`, `&rdquo;`                                 react/no-unescaped-entities
  189:32  warning  `"` can be escaped with `&quot;`, `&ldquo;`, `&#34;`, `&rdquo;`                                 react/no-unescaped-entities
  189:40  warning  `'` can be escaped with `&apos;`, `&lsquo;`, `&#39;`, `&rsquo;`                                 react/no-unescaped-entities

C:\Users\Split Lease\Documents\Split Lease\app\src\islands\shared\AITools\WifiPhotoExtractor.jsx
  16:8  warning  'React' is defined but never used. Allowed unused vars must match /^_/u               no-unused-vars
  98:9  warning  'isSuccess' is assigned a value but never used. Allowed unused vars must match /^_/u  no-unused-vars

C:\Users\Split Lease\Documents\Split Lease\app\src\islands\shared\AdminHeader\config\navigationConfig.js
   8:3  warning  'Home' is defined but never used. Allowed unused vars must match /^_/u          no-unused-vars
  22:3  warning  'FlaskConical' is defined but never used. Allowed unused vars must match /^_/u  no-unused-vars

C:\Users\Split Lease\Documents\Split Lease\app\src\islands\shared\AiSignupMarketReport\AiSignupMarketReport.jsx
   144:10  warning  'validatePhone' is defined but never used. Allowed unused vars must match /^_/u                  no-unused-vars
   460:10  warning  'sendWelcomeCommunications' is defined but never used. Allowed unused vars must match /^_/u      no-unused-vars
   624:9   warning  'emailAlreadyExists' is assigned a value but never used. Allowed unused vars must match /^_/u    no-unused-vars
   691:16  warning  'e' is defined but never used. Allowed unused caught errors must match /^_/u                     no-unused-vars
   766:16  warning  'parseProfileWithAI' is defined but never used. Allowed unused vars must match /^_/u             no-unused-vars
   972:7   warning  'detectTopicFromQuery' is assigned a value but never used. Allowed unused vars must match /^_/u  no-unused-vars
  1104:11  warning  `'` can be escaped with `&apos;`, `&lsquo;`, `&#39;`, `&rsquo;`                                  react/no-unescaped-entities
  1163:13  warning  `'` can be escaped with `&apos;`, `&lsquo;`, `&#39;`, `&rsquo;`                                  react/no-unescaped-entities
  1240:65  warning  'onSubmit' is defined but never used. Allowed unused args must match /^_/u                       no-unused-vars

C:\Users\Split Lease\Documents\Split Lease\app\src\islands\shared\AiSignupMarketReport\Example.jsx
  310:17  warning  `'` can be escaped with `&apos;`, `&lsquo;`, `&#39;`, `&rsquo;`                                react/no-unescaped-entities
  334:27  warning  'setReportRequested' is assigned a value but never used. Allowed unused vars must match /^_/u  no-unused-vars

C:\Users\Split Lease\Documents\Split Lease\app\src\islands\shared\BiddingInterface\BiddingHistory.jsx
  11:8  warning  'React' is defined but never used. Allowed unused vars must match /^_/u  no-unused-vars

C:\Users\Split Lease\Documents\Split Lease\app\src\islands\shared\BiddingInterface\BiddingInterface.jsx
   19:8   warning  'React' is defined but never used. Allowed unused vars must match /^_/u                                     no-unused-vars
   51:3   warning  'targetNight' is defined but never used. Allowed unused args must match /^_/u                               no-unused-vars
   58:5   warning  'setMaxAutoBid' is assigned a value but never used. Allowed unused vars must match /^_/u                    no-unused-vars
   84:9   warning  'userBidCount' is assigned a value but never used. Allowed unused vars must match /^_/u                     no-unused-vars
  110:6   warning  React Hook useEffect has a missing dependency: 'session'. Either include it or remove the dependency array  react-hooks/exhaustive-deps
  228:18  warning  `'` can be escaped with `&apos;`, `&lsquo;`, `&#39;`, `&rsquo;`                                             react/no-unescaped-entities
  359:21  warning  `'` can be escaped with `&apos;`, `&lsquo;`, `&#39;`, `&rsquo;`                                             react/no-unescaped-entities
  410:27  warning  `'` can be escaped with `&apos;`, `&lsquo;`, `&#39;`, `&rsquo;`                                             react/no-unescaped-entities
  425:16  warning  `'` can be escaped with `&apos;`, `&lsquo;`, `&#39;`, `&rsquo;`                                             react/no-unescaped-entities
  429:68  warning  `'` can be escaped with `&apos;`, `&lsquo;`, `&#39;`, `&rsquo;`                                             react/no-unescaped-entities

C:\Users\Split Lease\Documents\Split Lease\app\src\islands\shared\BiddingInterface\CountdownTimer.jsx
   11:8   warning  'React' is defined but never used. Allowed unused vars must match /^_/u  no-unused-vars
  104:53  warning  `'` can be escaped with `&apos;`, `&lsquo;`, `&#39;`, `&rsquo;`          react/no-unescaped-entities

C:\Users\Split Lease\Documents\Split Lease\app\src\islands\shared\Button.stories.jsx
  8:48  warning  'Loader2' is defined but never used. Allowed unused vars must match /^_/u  no-unused-vars

C:\Users\Split Lease\Documents\Split Lease\app\src\islands\shared\Button.test.jsx
  1:36  warning  'beforeEach' is defined but never used. Allowed unused vars must match /^_/u  no-unused-vars
  2:26  warning  'fireEvent' is defined but never used. Allowed unused vars must match /^_/u   no-unused-vars

C:\Users\Split Lease\Documents\Split Lease\app\src\islands\shared\ContactHostMessaging.jsx
  461:6  warning  React Hook useEffect has a missing dependency: 'handleClose'. Either include it or remove the dependency array  react-hooks/exhaustive-deps

C:\Users\Split Lease\Documents\Split Lease\app\src\islands\shared\ContactHostMessaging.stories.jsx
  294:30  warning  `"` can be escaped with `&quot;`, `&ldquo;`, `&#34;`, `&rdquo;`  react/no-unescaped-entities
  294:67  warning  `"` can be escaped with `&quot;`, `&ldquo;`, `&#34;`, `&rdquo;`  react/no-unescaped-entities
  295:27  warning  `"` can be escaped with `&quot;`, `&ldquo;`, `&#34;`, `&rdquo;`  react/no-unescaped-entities
  295:56  warning  `"` can be escaped with `&quot;`, `&ldquo;`, `&#34;`, `&rdquo;`  react/no-unescaped-entities
  296:29  warning  `"` can be escaped with `&quot;`, `&ldquo;`, `&#34;`, `&rdquo;`  react/no-unescaped-entities
  296:69  warning  `"` can be escaped with `&quot;`, `&ldquo;`, `&#34;`, `&rdquo;`  react/no-unescaped-entities

C:\Users\Split Lease\Documents\Split Lease\app\src\islands\shared\CreateDuplicateListingModal.jsx
  236:6   warning  React Hook useEffect has a missing dependency: 'handleClose'. Either include it or remove the dependency array  react-hooks/exhaustive-deps
  302:51  warning  `'` can be escaped with `&apos;`, `&lsquo;`, `&#39;`, `&rsquo;`                                                 react/no-unescaped-entities

C:\Users\Split Lease\Documents\Split Lease\app\src\islands\shared\CreateDuplicateListingModal\CreateDuplicateListingModal.jsx
  236:6   warning  React Hook useEffect has a missing dependency: 'handleClose'. Either include it or remove the dependency array  react-hooks/exhaustive-deps
  323:53  warning  `'` can be escaped with `&apos;`, `&lsquo;`, `&#39;`, `&rsquo;`                                                 react/no-unescaped-entities

C:\Users\Split Lease\Documents\Split Lease\app\src\islands\shared\CreateProposalFlowV2.jsx
  184:10  warning  'internalNightsSelected' is assigned a value but never used. Allowed unused vars must match /^_/u                                                                                                                                                                                                                                                                                                                                       no-unused-vars
  228:6   warning  React Hook useEffect has missing dependencies: 'activeFlow', 'daysSelected', 'existingUserData', 'hasSavedDraft', 'isFirstProposal', 'moveInDate', 'nightsSelected', 'pricingBreakdown?.fourWeekRent', 'pricingBreakdown?.pricePerNight', 'pricingBreakdown?.reservationTotal', 'pricingBreakdown?.valid', 'reservationSpan', 'savedDraft', 'useFullFlow', and 'useSequentialFlow'. Either include them or remove the dependency array  react-hooks/exhaustive-deps
  362:6   warning  React Hook useEffect has a missing dependency: 'calculateFirstFourWeeks'. Either include it or remove the dependency array                                                                                                                                                                                                                                                                                                              react-hooks/exhaustive-deps
  439:6   warning  React Hook useEffect has a missing dependency: 'internalDaysSelected'. Either include it or remove the dependency array                                                                                                                                                                                                                                                                                                                 react-hooks/exhaustive-deps

C:\Users\Split Lease\Documents\Split Lease\app\src\islands\shared\CreateProposalFlowV2Components\DaysSelectionSection.jsx
    6:10  warning  'useState' is defined but never used. Allowed unused vars must match /^_/u                                                                    no-unused-vars
    6:20  warning  'useEffect' is defined but never used. Allowed unused vars must match /^_/u                                                                   no-unused-vars
  179:6   warning  React Hook useMemo has missing dependencies: 'data.daysSelected' and 'dayNamesToObjects'. Either include them or remove the dependency array  react-hooks/exhaustive-deps

C:\Users\Split Lease\Documents\Split Lease\app\src\islands\shared\CreateProposalFlowV2Components\MoveInSection.jsx
   8:10  warning  'isAlternatingSchedule' is defined but never used. Allowed unused vars must match /^_/u  no-unused-vars
  91:52  warning  `'` can be escaped with `&apos;`, `&lsquo;`, `&#39;`, `&rsquo;`                          react/no-unescaped-entities

C:\Users\Split Lease\Documents\Split Lease\app\src\islands\shared\CreateProposalFlowV2Components\ReviewSection.jsx
  46:56  warning  'onEditUserDetails' is defined but never used. Allowed unused args must match /^_/u  no-unused-vars

C:\Users\Split Lease\Documents\Split Lease\app\src\islands\shared\CustomDatePicker\CustomDatePicker.jsx
  38:9  warning  The 'minDateObj' conditional could make the dependencies of useCallback Hook (at line 86) change on every render. Move it inside the useCallback callback. Alternatively, wrap the initialization of 'minDateObj' in its own useMemo() Hook  react-hooks/exhaustive-deps
  39:9  warning  The 'today' object construction makes the dependencies of useCallback Hook (at line 93) change on every render. To fix this, wrap the initialization of 'today' in its own useMemo() Hook                                                    react-hooks/exhaustive-deps

C:\Users\Split Lease\Documents\Split Lease\app\src\islands\shared\DateChangeRequestManager\DateChangeRequestCalendar.jsx
   11:3   warning  'formatMonthYear' is defined but never used. Allowed unused vars must match /^_/u  no-unused-vars
  158:11  warning  'status' is assigned a value but never used. Allowed unused vars must match /^_/u  no-unused-vars

C:\Users\Split Lease\Documents\Split Lease\app\src\islands\shared\DateChangeRequestManager\DateChangeRequestManager.jsx
   91:65  warning  'feeError' is assigned a value but never used. Allowed unused vars must match /^_/u                                     no-unused-vars
  121:6   warning  React Hook useEffect has a missing dependency: 'fetchThrottleStatus'. Either include it or remove the dependency array  react-hooks/exhaustive-deps
  382:9   warning  'handleSubmitRequest' is assigned a value but never used. Allowed unused vars must match /^_/u                          no-unused-vars
  511:9   warning  'resetForm' is assigned a value but never used. Allowed unused vars must match /^_/u                                    no-unused-vars

C:\Users\Split Lease\Documents\Split Lease\app\src\islands\shared\DateChangeRequestManager\RequestDetails.jsx
  45:3  warning  'feeBreakdown' is defined but never used. Allowed unused args must match /^_/u              no-unused-vars
  49:9  warning  'priceDifference' is assigned a value but never used. Allowed unused vars must match /^_/u  no-unused-vars

C:\Users\Split Lease\Documents\Split Lease\app\src\islands\shared\DateChangeRequestManager\SuccessMessage.jsx
  73:22  warning  `'` can be escaped with `&apos;`, `&lsquo;`, `&#39;`, `&rsquo;`  react/no-unescaped-entities

C:\Users\Split Lease\Documents\Split Lease\app\src\islands\shared\DateChangeRequestManager\ThrottlingBlockPopup.jsx
  36:86  warning  `'` can be escaped with `&apos;`, `&lsquo;`, `&#39;`, `&rsquo;`  react/no-unescaped-entities

C:\Users\Split Lease\Documents\Split Lease\app\src\islands\shared\DateChangeRequestManager\ThrottlingWarning.jsx
  34:16  warning  `'` can be escaped with `&apos;`, `&lsquo;`, `&#39;`, `&rsquo;`  react/no-unescaped-entities

C:\Users\Split Lease\Documents\Split Lease\app\src\islands\shared\DateChangeRequestManager\ThrottlingWarningPopup.jsx
  53:85  warning  `'` can be escaped with `&apos;`, `&lsquo;`, `&#39;`, `&rsquo;`  react/no-unescaped-entities
  64:20  warning  `'` can be escaped with `&apos;`, `&lsquo;`, `&#39;`, `&rsquo;`  react/no-unescaped-entities

C:\Users\Split Lease\Documents\Split Lease\app\src\islands\shared\DateChangeRequestManager\dateChangeRequestService.js
  373:19  warning  'responseData' is assigned a value but never used. Allowed unused vars must match /^_/u  no-unused-vars

C:\Users\Split Lease\Documents\Split Lease\app\src\islands\shared\EditListingDetails\EditListingDetails.jsx
   83:5   warning  'addPhotoUrl' is assigned a value but never used. Allowed unused vars must match /^_/u  no-unused-vars
  295:47  warning  `'` can be escaped with `&apos;`, `&lsquo;`, `&#39;`, `&rsquo;`                         react/no-unescaped-entities
  341:59  warning  `'` can be escaped with `&apos;`, `&lsquo;`, `&#39;`, `&rsquo;`                         react/no-unescaped-entities

C:\Users\Split Lease\Documents\Split Lease\app\src\islands\shared\EditListingDetails\useEditListingDetailsLogic.js
   11:10  warning  'getNeighborhoodByZipCode' is defined but never used. Allowed unused vars must match /^_/u                    no-unused-vars
  162:6   warning  React Hook useEffect has a missing dependency: 'fieldRefs'. Either include it or remove the dependency array  react-hooks/exhaustive-deps
  229:20  warning  'e' is defined but never used. Allowed unused caught errors must match /^_/u                                  no-unused-vars

C:\Users\Split Lease\Documents\Split Lease\app\src\islands\shared\ErrorBoundary.jsx
  22:23  warning  `'` can be escaped with `&apos;`, `&lsquo;`, `&#39;`, `&rsquo;`  react/no-unescaped-entities

C:\Users\Split Lease\Documents\Split Lease\app\src\islands\shared\ErrorBoundary.stories.jsx
   81:19  warning  `'` can be escaped with `&apos;`, `&lsquo;`, `&#39;`, `&rsquo;`  react/no-unescaped-entities
   85:63  warning  `'` can be escaped with `&apos;`, `&lsquo;`, `&#39;`, `&rsquo;`  react/no-unescaped-entities
   85:67  warning  `'` can be escaped with `&apos;`, `&lsquo;`, `&#39;`, `&rsquo;`  react/no-unescaped-entities
  107:52  warning  `'` can be escaped with `&apos;`, `&lsquo;`, `&#39;`, `&rsquo;`  react/no-unescaped-entities
  111:71  warning  `'` can be escaped with `&apos;`, `&lsquo;`, `&#39;`, `&rsquo;`  react/no-unescaped-entities
  111:75  warning  `'` can be escaped with `&apos;`, `&lsquo;`, `&#39;`, `&rsquo;`  react/no-unescaped-entities
  121:52  warning  `'` can be escaped with `&apos;`, `&lsquo;`, `&#39;`, `&rsquo;`  react/no-unescaped-entities
  135:52  warning  `'` can be escaped with `&apos;`, `&lsquo;`, `&#39;`, `&rsquo;`  react/no-unescaped-entities
  188:21  warning  `"` can be escaped with `&quot;`, `&ldquo;`, `&#34;`, `&rdquo;`  react/no-unescaped-entities
  188:27  warning  `"` can be escaped with `&quot;`, `&ldquo;`, `&#34;`, `&rdquo;`  react/no-unescaped-entities
  188:32  warning  `"` can be escaped with `&quot;`, `&ldquo;`, `&#34;`, `&rdquo;`  react/no-unescaped-entities
  188:40  warning  `"` can be escaped with `&quot;`, `&ldquo;`, `&#34;`, `&rdquo;`  react/no-unescaped-entities

C:\Users\Split Lease\Documents\Split Lease\app\src\islands\shared\ExternalReviews.stories.jsx
  144:11  warning  'platformColors' is assigned a value but never used. Allowed unused vars must match /^_/u  no-unused-vars

C:\Users\Split Lease\Documents\Split Lease\app\src\islands\shared\FeeExplainer.jsx
   1:8   warning  'React' is defined but never used. Allowed unused vars must match /^_/u  no-unused-vars
  48:39  warning  `'` can be escaped with `&apos;`, `&lsquo;`, `&#39;`, `&rsquo;`          react/no-unescaped-entities

C:\Users\Split Lease\Documents\Split Lease\app\src\islands\shared\FeePriceDisplay.jsx
   1:8   warning  'React' is defined but never used. Allowed unused vars must match /^_/u  no-unused-vars
  76:34  warning  `'` can be escaped with `&apos;`, `&lsquo;`, `&#39;`, `&rsquo;`          react/no-unescaped-entities

C:\Users\Split Lease\Documents\Split Lease\app\src\islands\shared\FeedbackWidget\FeedbackWidget.jsx
  110:6   warning  React Hook useEffect has a missing dependency: 'closeModal'. Either include it or remove the dependency array  react-hooks/exhaustive-deps
  337:53  warning  `'` can be escaped with `&apos;`, `&lsquo;`, `&#39;`, `&rsquo;`                                                react/no-unescaped-entities

C:\Users\Split Lease\Documents\Split Lease\app\src\islands\shared\Footer.jsx
    3:10  warning  'supabase' is defined but never used. Allowed unused vars must match /^_/u                                                                                                      no-unused-vars
   45:6   warning  React Hook useEffect has missing dependencies: 'showCreateListingModal', 'showImportListingModal', and 'showReferralModal'. Either include them or remove the dependency array  react-hooks/exhaustive-deps
  114:9   warning  'columnCount' is assigned a value but never used. Allowed unused vars must match /^_/u                                                                                          no-unused-vars
  202:42  warning  `'` can be escaped with `&apos;`, `&lsquo;`, `&#39;`, `&rsquo;`                                                                                                                 react/no-unescaped-entities

C:\Users\Split Lease\Documents\Split Lease\app\src\islands\shared\GoogleMap.jsx
   24:10  warning  'DEFAULTS' is defined but never used. Allowed unused vars must match /^_/u                                                                             no-unused-vars
  170:14  warning  'error' is defined but never used. Allowed unused caught errors must match /^_/u                                                                       no-unused-vars
  285:13  warning  'containerHeight' is assigned a value but never used. Allowed unused vars must match /^_/u                                                             no-unused-vars
  473:13  warning  'pinDistanceAboveCenter' is assigned a value but never used. Allowed unused vars must match /^_/u                                                      no-unused-vars
  900:6   warning  React Hook useEffect has missing dependencies: 'disableAutoZoom', 'initialZoom', and 'simpleMode'. Either include them or remove the dependency array  react-hooks/exhaustive-deps

C:\Users\Split Lease\Documents\Split Lease\app\src\islands\shared\Header.jsx
    2:10  warning  'redirectToLogin' is defined but never used. Allowed unused vars must match /^_/u                           no-unused-vars
    2:27  warning  'loginUser' is defined but never used. Allowed unused vars must match /^_/u                                 no-unused-vars
    2:38  warning  'signupUser' is defined but never used. Allowed unused vars must match /^_/u                                no-unused-vars
    3:10  warning  'SIGNUP_LOGIN_URL' is defined but never used. Allowed unused vars must match /^_/u                          no-unused-vars
  354:6   warning  React Hook useEffect has a missing dependency: 'isGuest'. Either include it or remove the dependency array  react-hooks/exhaustive-deps

C:\Users\Split Lease\Documents\Split Lease\app\src\islands\shared\HeaderMessagingPanel\useHeaderMessagingPanelLogic.js
   38:3  warning  'onClose' is defined but never used. Allowed unused args must match /^_/u                                                                                                                                                                                                                                no-unused-vars
  347:6  warning  React Hook useEffect has a missing dependency: 'fetchThreads'. Either include it or remove the dependency array                                                                                                                                                                                          react-hooks/exhaustive-deps
  467:6  warning  React Hook useEffect has missing dependencies: 'selectedThread', 'userAvatar', and 'userName'. Either include them or remove the dependency array. If 'setMessages' needs the current value of 'userAvatar', you can also switch to useReducer instead of useState and read 'userAvatar' in the reducer  react-hooks/exhaustive-deps
  794:6  warning  React Hook useCallback has a missing dependency: 'fetchMessages'. Either include it or remove the dependency array                                                                                                                                                                                       react-hooks/exhaustive-deps
  836:6  warning  React Hook useCallback has a missing dependency: 'sendMessage'. Either include it or remove the dependency array                                                                                                                                                                                         react-hooks/exhaustive-deps
  845:6  warning  React Hook useCallback has a missing dependency: 'fetchThreads'. Either include it or remove the dependency array                                                                                                                                                                                        react-hooks/exhaustive-deps
  853:6  warning  React Hook useCallback has a missing dependency: 'fetchThreads'. Either include it or remove the dependency array                                                                                                                                                                                        react-hooks/exhaustive-deps

C:\Users\Split Lease\Documents\Split Lease\app\src\islands\shared\HostEditingProposal\HostEditingProposal.jsx
   83:9   warning  The 'listing' logical expression could make the dependencies of useEffect Hook (at line 124) change on every render. To fix this, wrap the initialization of 'listing' in its own useMemo() Hook    react-hooks/exhaustive-deps
   83:9   warning  The 'listing' logical expression could make the dependencies of useCallback Hook (at line 202) change on every render. To fix this, wrap the initialization of 'listing' in its own useMemo() Hook  react-hooks/exhaustive-deps
  293:14  warning  'error' is defined but never used. Allowed unused caught errors must match /^_/u                                                                                                                    no-unused-vars
  315:16  warning  'error' is defined but never used. Allowed unused caught errors must match /^_/u                                                                                                                    no-unused-vars

C:\Users\Split Lease\Documents\Split Lease\app\src\islands\shared\HostEditingProposal\ReservationPriceBreakdown.jsx
  50:3  warning  'reservationSpan' is defined but never used. Allowed unused args must match /^_/u                     no-unused-vars
  56:3  warning  'hostCompensationPer4Weeks' is assigned a value but never used. Allowed unused args must match /^_/u  no-unused-vars
  58:3  warning  'originalCompensationPer4Weeks' is defined but never used. Allowed unused args must match /^_/u       no-unused-vars

C:\Users\Split Lease\Documents\Split Lease\app\src\islands\shared\HostScheduleSelector\HostScheduleSelector.jsx
  87:6  warning  React Hook useEffect has a missing dependency: 'triggerAlert'. Either include it or remove the dependency array                                                                                                                                                                 react-hooks/exhaustive-deps
  95:6  warning  React Hook useEffect has missing dependencies: 'calculateAndUpdateState' and 'selectedNights'. Either include them or remove the dependency array. Mutable values like 'triggerRecalc.current' aren't valid dependencies because mutating them doesn't re-render the component  react-hooks/exhaustive-deps

C:\Users\Split Lease\Documents\Split Lease\app\src\islands\shared\IdentityVerification\useIdentityVerificationLogic.js
   64:6  warning  React Hook useEffect has a missing dependency: 'handleClose'. Either include it or remove the dependency array    react-hooks/exhaustive-deps
  248:6  warning  React Hook useCallback has a missing dependency: 'handleClose'. Either include it or remove the dependency array  react-hooks/exhaustive-deps

C:\Users\Split Lease\Documents\Split Lease\app\src\islands\shared\ImportListingModal\ImportListingModal.jsx
  245:19  warning  `'` can be escaped with `&apos;`, `&lsquo;`, `&#39;`, `&rsquo;`  react/no-unescaped-entities

C:\Users\Split Lease\Documents\Split Lease\app\src\islands\shared\ImportListingReviewsModal\ImportListingReviewsModal.jsx
  233:96  warning  `'` can be escaped with `&apos;`, `&lsquo;`, `&#39;`, `&rsquo;`  react/no-unescaped-entities

C:\Users\Split Lease\Documents\Split Lease\app\src\islands\shared\ListingCard\ListingCardForMap.jsx
  39:3  warning  'isLoggedIn' is assigned a value but never used. Allowed unused args must match /^_/u  no-unused-vars

C:\Users\Split Lease\Documents\Split Lease\app\src\islands\shared\ListingCard\PropertyCard.jsx
   33:3  warning  'isLoggedIn' is defined but never used. Allowed unused args must match /^_/u                                                            no-unused-vars
   44:3  warning  'userPreferences' is assigned a value but never used. Allowed unused args must match /^_/u                                              no-unused-vars
  111:6  warning  React Hook useMemo has a missing dependency: 'listing'. Either include it or remove the dependency array                                react-hooks/exhaustive-deps
  114:5  warning  React Hook useMemo has a complex expression in the dependency array. Extract it to a separate variable so it can be statically checked  react-hooks/exhaustive-deps
  123:9  warning  'renderAmenityIcons' is assigned a value but never used. Allowed unused vars must match /^_/u                                           no-unused-vars

C:\Users\Split Lease\Documents\Split Lease\app\src\islands\shared\ListingScheduleSelector.jsx
   1:10  warning  'useState' is defined but never used. Allowed unused vars must match /^_/u                     no-unused-vars
   1:20  warning  'useCallback' is defined but never used. Allowed unused vars must match /^_/u                  no-unused-vars
   1:33  warning  'useEffect' is defined but never used. Allowed unused vars must match /^_/u                    no-unused-vars
   1:44  warning  'useMemo' is defined but never used. Allowed unused vars must match /^_/u                      no-unused-vars
  26:3   warning  'onScheduleSave' is defined but never used. Allowed unused args must match /^_/u               no-unused-vars
  39:5   warning  'acceptableSchedule' is assigned a value but never used. Allowed unused vars must match /^_/u  no-unused-vars

C:\Users\Split Lease\Documents\Split Lease\app\src\islands\shared\ListingScheduleSelectorV2.jsx
  36:3  warning  'onScheduleSave' is defined but never used. Allowed unused args must match /^_/u               no-unused-vars
  53:5  warning  'acceptableSchedule' is assigned a value but never used. Allowed unused vars must match /^_/u  no-unused-vars
  54:5  warning  'checkInDay' is assigned a value but never used. Allowed unused vars must match /^_/u          no-unused-vars
  55:5  warning  'checkOutDay' is assigned a value but never used. Allowed unused vars must match /^_/u         no-unused-vars

C:\Users\Split Lease\Documents\Split Lease\app\src\islands\shared\LoggedInAvatar\LoggedInAvatar.jsx
    4:8   warning  'ReferralModal' is defined but never used. Allowed unused vars must match /^_/u                              no-unused-vars
   54:10  warning  'showReferralModal' is assigned a value but never used. Allowed unused vars must match /^_/u                 no-unused-vars
   54:29  warning  'setShowReferralModal' is assigned a value but never used. Allowed unused vars must match /^_/u              no-unused-vars
   77:9   warning  'effectiveLastSuggestedProposalId' is assigned a value but never used. Allowed unused vars must match /^_/u  no-unused-vars
  122:6   warning  React Hook useEffect has a missing dependency: 'user'. Either include it or remove the dependency array      react-hooks/exhaustive-deps

C:\Users\Split Lease\Documents\Split Lease\app\src\islands\shared\LoggedInAvatar\useLoggedInAvatarData.js
  334:13  warning  'junctionCounts' is assigned a value but never used. Allowed unused vars must match /^_/u  no-unused-vars
  502:41  warning  'currentPath' is assigned a value but never used. Allowed unused args must match /^_/u     no-unused-vars

C:\Users\Split Lease\Documents\Split Lease\app\src\islands\shared\NotificationSettingsIsland\NotificationCategoryRow.jsx
  8:8  warning  'React' is defined but never used. Allowed unused vars must match /^_/u  no-unused-vars

C:\Users\Split Lease\Documents\Split Lease\app\src\islands\shared\NotificationSettingsIsland\NotificationSettingsIsland.jsx
  13:8  warning  'React' is defined but never used. Allowed unused vars must match /^_/u  no-unused-vars

C:\Users\Split Lease\Documents\Split Lease\app\src\islands\shared\NotificationSettingsIsland\NotificationToggle.jsx
  11:8  warning  'React' is defined but never used. Allowed unused vars must match /^_/u  no-unused-vars

C:\Users\Split Lease\Documents\Split Lease\app\src\islands\shared\NotificationSettingsIsland\__tests__\NotificationCategoryRow.test.jsx
    9:26  warning  'fireEvent' is defined but never used. Allowed unused vars must match /^_/u           no-unused-vars
  409:15  warning  'container' is assigned a value but never used. Allowed unused vars must match /^_/u  no-unused-vars

C:\Users\Split Lease\Documents\Split Lease\app\src\islands\shared\NotificationSettingsIsland\__tests__\NotificationToggle.test.jsx
  11:36  warning  'beforeEach' is defined but never used. Allowed unused vars must match /^_/u  no-unused-vars
  12:26  warning  'fireEvent' is defined but never used. Allowed unused vars must match /^_/u   no-unused-vars

C:\Users\Split Lease\Documents\Split Lease\app\src\islands\shared\PaymentStep.jsx
   1:8  warning  'React' is defined but never used. Allowed unused vars must match /^_/u   no-unused-vars
   3:5  warning  'Lock' is defined but never used. Allowed unused vars must match /^_/u    no-unused-vars
  52:5  warning  'userId' is defined but never used. Allowed unused args must match /^_/u  no-unused-vars

C:\Users\Split Lease\Documents\Split Lease\app\src\islands\shared\PriceAnchoring\PriceTierCard.jsx
   6:8  warning  'React' is defined but never used. Allowed unused vars must match /^_/u      no-unused-vars
  23:3  warning  'basePrice' is defined but never used. Allowed unused args must match /^_/u  no-unused-vars

C:\Users\Split Lease\Documents\Split Lease\app\src\islands\shared\PriceAnchoring\PriceTierSelector.jsx
    6:8   warning  'React' is defined but never used. Allowed unused vars must match /^_/u                                         no-unused-vars
    6:27  warning  'useMemo' is defined but never used. Allowed unused vars must match /^_/u                                       no-unused-vars
   79:3   warning  'currentPrice' is defined but never used. Allowed unused args must match /^_/u                                  no-unused-vars
  104:6   warning  React Hook useEffect has a missing dependency: 'activeTiers'. Either include it or remove the dependency array  react-hooks/exhaustive-deps

C:\Users\Split Lease\Documents\Split Lease\app\src\islands\shared\PriceAnchoring\SavingsBadge.jsx
  6:8  warning  'React' is defined but never used. Allowed unused vars must match /^_/u  no-unused-vars

C:\Users\Split Lease\Documents\Split Lease\app\src\islands\shared\QRCodeDashboard\QRCodeDashboard.jsx
  83:5  warning  'availableUseCases' is assigned a value but never used. Allowed unused vars must match /^_/u     no-unused-vars
  88:5  warning  'hasSelection' is assigned a value but never used. Allowed unused vars must match /^_/u          no-unused-vars
  99:5  warning  'handleClearSelection' is assigned a value but never used. Allowed unused vars must match /^_/u  no-unused-vars

C:\Users\Split Lease\Documents\Split Lease\app\src\islands\shared\QRCodeDashboard\useQRCodeDashboardLogic.js
  31:3  warning  'listingId' is defined but never used. Allowed unused args must match /^_/u  no-unused-vars

C:\Users\Split Lease\Documents\Split Lease\app\src\islands\shared\QuickMatch\CandidateCard.jsx
  12:8  warning  'React' is defined but never used. Allowed unused vars must match /^_/u  no-unused-vars

C:\Users\Split Lease\Documents\Split Lease\app\src\islands\shared\QuickMatch\MatchFilters.jsx
  13:8   warning  'React' is defined but never used. Allowed unused vars must match /^_/u    no-unused-vars
  31:57  warning  'onApply' is defined but never used. Allowed unused args must match /^_/u  no-unused-vars

C:\Users\Split Lease\Documents\Split Lease\app\src\islands\shared\QuickMatch\ProposalCard.jsx
  11:8  warning  'React' is defined but never used. Allowed unused vars must match /^_/u  no-unused-vars

C:\Users\Split Lease\Documents\Split Lease\app\src\islands\shared\QuickMatch\ProposalChoiceModal.jsx
  15:8  warning  'React' is defined but never used. Allowed unused vars must match /^_/u  no-unused-vars

C:\Users\Split Lease\Documents\Split Lease\app\src\islands\shared\QuickMatch\ScoreBreakdown.jsx
  13:8  warning  'React' is defined but never used. Allowed unused vars must match /^_/u  no-unused-vars

C:\Users\Split Lease\Documents\Split Lease\app\src\islands\shared\ReminderHouseManual\components\ReminderForm.jsx
  8:10  warning  'formatReminderType' is defined but never used. Allowed unused vars must match /^_/u  no-unused-vars

C:\Users\Split Lease\Documents\Split Lease\app\src\islands\shared\ReminderHouseManual\useReminderHouseManualLogic.js
  10:10  warning  'adaptReminderFromDatabase' is defined but never used. Allowed unused vars must match /^_/u                                                                                                                                                                                                           no-unused-vars
  76:6   warning  React Hook useEffect has missing dependencies: 'initialSection' and 'loadReminders'. Either include them or remove the dependency array. If 'setSection' needs the current value of 'initialSection', you can also switch to useReducer instead of useState and read 'initialSection' in the reducer  react-hooks/exhaustive-deps

C:\Users\Split Lease\Documents\Split Lease\app\src\islands\shared\RentalApplicationWizardModal\RentalApplicationWizardModal.jsx
  8:8  warning  'React' is defined but never used. Allowed unused vars must match /^_/u  no-unused-vars

C:\Users\Split Lease\Documents\Split Lease\app\src\islands\shared\RentalApplicationWizardModal\steps\AddressStep.jsx
   8:8   warning  'React' is defined but never used. Allowed unused vars must match /^_/u                          no-unused-vars
  86:15  warning  'placeChangedListener' is assigned a value but never used. Allowed unused vars must match /^_/u  no-unused-vars

C:\Users\Split Lease\Documents\Split Lease\app\src\islands\shared\RentalApplicationWizardModal\steps\DocumentsStep.jsx
  8:8  warning  'React' is defined but never used. Allowed unused vars must match /^_/u  no-unused-vars

C:\Users\Split Lease\Documents\Split Lease\app\src\islands\shared\RentalApplicationWizardModal\steps\EmploymentStep.jsx
   8:8  warning  'React' is defined but never used. Allowed unused vars must match /^_/u       no-unused-vars
  13:3  warning  'fieldValid' is defined but never used. Allowed unused args must match /^_/u  no-unused-vars

C:\Users\Split Lease\Documents\Split Lease\app\src\islands\shared\RentalApplicationWizardModal\steps\OccupantsStep.jsx
  8:8  warning  'React' is defined but never used. Allowed unused vars must match /^_/u  no-unused-vars

C:\Users\Split Lease\Documents\Split Lease\app\src\islands\shared\RentalApplicationWizardModal\steps\PersonalInfoStep.jsx
   8:8   warning  'React' is defined but never used. Allowed unused vars must match /^_/u  no-unused-vars
  20:12  warning  `'` can be escaped with `&apos;`, `&lsquo;`, `&#39;`, `&rsquo;`          react/no-unescaped-entities

C:\Users\Split Lease\Documents\Split Lease\app\src\islands\shared\RentalApplicationWizardModal\steps\RequirementsStep.jsx
  8:8  warning  'React' is defined but never used. Allowed unused vars must match /^_/u  no-unused-vars

C:\Users\Split Lease\Documents\Split Lease\app\src\islands\shared\RentalApplicationWizardModal\steps\ReviewStep.jsx
  8:8  warning  'React' is defined but never used. Allowed unused vars must match /^_/u  no-unused-vars

C:\Users\Split Lease\Documents\Split Lease\app\src\islands\shared\RentalApplicationWizardModal\useRentalApplicationWizardLogic.js
  147:51  warning  'onClose' is defined but never used. Allowed unused args must match /^_/u                                                  no-unused-vars
  156:5   warning  'isDirty' is assigned a value but never used. Allowed unused vars must match /^_/u                                         no-unused-vars
  162:5   warning  'updateVerificationStatus' is assigned a value but never used. Allowed unused vars must match /^_/u                        no-unused-vars
  328:29  warning  'dbCompletedSteps' is assigned a value but never used. Allowed unused vars must match /^_/u                                no-unused-vars
  361:6   warning  React Hook useEffect has a missing dependency: 'userProfileData?.email'. Either include it or remove the dependency array  react-hooks/exhaustive-deps

C:\Users\Split Lease\Documents\Split Lease\app\src\islands\shared\ScheduleCohost\ScheduleCohost.jsx
  147:9   warning  'topLabels' is assigned a value but never used. Allowed unused vars must match /^_/u     no-unused-vars
  148:9   warning  'bottomLabels' is assigned a value but never used. Allowed unused vars must match /^_/u  no-unused-vars
  965:17  warning  `'` can be escaped with `&apos;`, `&lsquo;`, `&#39;`, `&rsquo;`                          react/no-unescaped-entities
  965:77  warning  `'` can be escaped with `&apos;`, `&lsquo;`, `&#39;`, `&rsquo;`                          react/no-unescaped-entities

C:\Users\Split Lease\Documents\Split Lease\app\src\islands\shared\ScheduleValidationMatrix.jsx
  35:11  warning  'goldenValid' is assigned a value but never used. Allowed unused vars must match /^_/u   no-unused-vars
  35:24  warning  'backendValid' is assigned a value but never used. Allowed unused vars must match /^_/u  no-unused-vars

C:\Users\Split Lease\Documents\Split Lease\app\src\islands\shared\SignUpLoginModal.jsx
   767:7   warning  'ChevronRightIcon' is assigned a value but never used. Allowed unused vars must match /^_/u                                                                                                                                                                  no-unused-vars
   780:7   warning  'CheckIcon' is assigned a value but never used. Allowed unused vars must match /^_/u                                                                                                                                                                         no-unused-vars
   888:10  warning  'showConfirmPassword' is assigned a value but never used. Allowed unused vars must match /^_/u                                                                                                                                                               no-unused-vars
   890:10  warning  'passwordMismatch' is assigned a value but never used. Allowed unused vars must match /^_/u                                                                                                                                                                  no-unused-vars
  1037:6   warning  React Hook useEffect has missing dependencies: 'onAuthSuccess' and 'showToast'. Either include them or remove the dependency array. If 'onAuthSuccess' changes too often, find the parent component that defines it and wrap that definition in useCallback  react-hooks/exhaustive-deps
  1073:9   warning  'resetForms' is assigned a value but never used. Allowed unused vars must match /^_/u                                                                                                                                                                        no-unused-vars
  1139:9   warning  'showSuccess' is assigned a value but never used. Allowed unused vars must match /^_/u                                                                                                                                                                       no-unused-vars
  1144:9   warning  'goToSignupStep1' is assigned a value but never used. Allowed unused vars must match /^_/u                                                                                                                                                                   no-unused-vars
  1145:9   warning  'goToSignupStep2' is assigned a value but never used. Allowed unused vars must match /^_/u                                                                                                                                                                   no-unused-vars
  1146:9   warning  'goToInitial' is assigned a value but never used. Allowed unused vars must match /^_/u                                                                                                                                                                       no-unused-vars
  1188:9   warning  'handleSignupStep1Continue' is assigned a value but never used. Allowed unused vars must match /^_/u                                                                                                                                                         no-unused-vars
  1391:15  warning  'data' is assigned a value but never used. Allowed unused vars must match /^_/u                                                                                                                                                                              no-unused-vars
  1511:21  warning  'emailData' is assigned a value but never used. Allowed unused vars must match /^_/u                                                                                                                                                                         no-unused-vars
  1571:27  warning  'smsData' is assigned a value but never used. Allowed unused vars must match /^_/u                                                                                                                                                                           no-unused-vars
  1729:46  warning  `'` can be escaped with `&apos;`, `&lsquo;`, `&#39;`, `&rsquo;`                                                                                                                                                                                              react/no-unescaped-entities
  1775:9   warning  'renderInitialView' is assigned a value but never used. Allowed unused vars must match /^_/u                                                                                                                                                                 no-unused-vars
  1786:37  warning  `'` can be escaped with `&apos;`, `&lsquo;`, `&#39;`, `&rsquo;`                                                                                                                                                                                              react/no-unescaped-entities
  1976:14  warning  `'` can be escaped with `&apos;`, `&lsquo;`, `&#39;`, `&rsquo;`                                                                                                                                                                                              react/no-unescaped-entities
  2098:42  warning  `'` can be escaped with `&apos;`, `&lsquo;`, `&#39;`, `&rsquo;`                                                                                                                                                                                              react/no-unescaped-entities
  2163:9   warning  'renderSignupStep1' is assigned a value but never used. Allowed unused vars must match /^_/u                                                                                                                                                                 no-unused-vars
  2277:9   warning  'renderSignupStep2' is assigned a value but never used. Allowed unused vars must match /^_/u                                                                                                                                                                 no-unused-vars
  2289:67  warning  `'` can be escaped with `&apos;`, `&lsquo;`, `&#39;`, `&rsquo;`                                                                                                                                                                                              react/no-unescaped-entities
  2353:59  warning  `'` can be escaped with `&apos;`, `&lsquo;`, `&#39;`, `&rsquo;`                                                                                                                                                                                              react/no-unescaped-entities
  2406:13  warning  `'` can be escaped with `&apos;`, `&lsquo;`, `&#39;`, `&rsquo;`                                                                                                                                                                                              react/no-unescaped-entities
  2420:13  warning  `'` can be escaped with `&apos;`, `&lsquo;`, `&#39;`, `&rsquo;`                                                                                                                                                                                              react/no-unescaped-entities
  2439:13  warning  `'` can be escaped with `&apos;`, `&lsquo;`, `&#39;`, `&rsquo;`                                                                                                                                                                                              react/no-unescaped-entities
  2453:13  warning  `'` can be escaped with `&apos;`, `&lsquo;`, `&#39;`, `&rsquo;`                                                                                                                                                                                              react/no-unescaped-entities
  2470:37  warning  `'` can be escaped with `&apos;`, `&lsquo;`, `&#39;`, `&rsquo;`                                                                                                                                                                                              react/no-unescaped-entities
  2610:26  warning  `'` can be escaped with `&apos;`, `&lsquo;`, `&#39;`, `&rsquo;`                                                                                                                                                                                              react/no-unescaped-entities

C:\Users\Split Lease\Documents\Split Lease\app\src\islands\shared\SignUpTrialHost\SignUpTrialHost.jsx
  413:61  warning  `'` can be escaped with `&apos;`, `&lsquo;`, `&#39;`, `&rsquo;`  react/no-unescaped-entities

C:\Users\Split Lease\Documents\Split Lease\app\src\islands\shared\SubmitListingPhotos\DeletePhotoModal.jsx
  1:8  warning  'React' is defined but never used. Allowed unused vars must match /^_/u  no-unused-vars

C:\Users\Split Lease\Documents\Split Lease\app\src\islands\shared\SubmitListingPhotos\SubmitListingPhotos.jsx
  1:8   warning  'React' is defined but never used. Allowed unused vars must match /^_/u              no-unused-vars
  7:10  warning  'previews' is assigned a value but never used. Allowed unused vars must match /^_/u  no-unused-vars

C:\Users\Split Lease\Documents\Split Lease\app\src\islands\shared\SuggestedProposals\components\ActionButtons.jsx
  49:14  warning  `'` can be escaped with `&apos;`, `&lsquo;`, `&#39;`, `&rsquo;`  react/no-unescaped-entities

C:\Users\Split Lease\Documents\Split Lease\app\src\islands\shared\SuggestedProposals\components\NotInterestedModal.jsx
  110:15  warning  `'` can be escaped with `&apos;`, `&lsquo;`, `&#39;`, `&rsquo;`  react/no-unescaped-entities
  111:19  warning  `'` can be escaped with `&apos;`, `&lsquo;`, `&#39;`, `&rsquo;`  react/no-unescaped-entities
  111:51  warning  `'` can be escaped with `&apos;`, `&lsquo;`, `&#39;`, `&rsquo;`  react/no-unescaped-entities

C:\Users\Split Lease\Documents\Split Lease\app\src\islands\shared\Toast.jsx
  264:29  warning  'index' is defined but never used. Allowed unused args must match /^_/u                                         no-unused-vars
  284:6   warning  React Hook useEffect has a missing dependency: 'handleClose'. Either include it or remove the dependency array  react-hooks/exhaustive-deps

C:\Users\Split Lease\Documents\Split Lease\app\src\islands\shared\UsabilityPopup\UsabilityPopup.jsx
  201:13  warning  `'` can be escaped with `&apos;`, `&lsquo;`, `&#39;`, `&rsquo;`  react/no-unescaped-entities

C:\Users\Split Lease\Documents\Split Lease\app\src\islands\shared\UsabilityPopup\useUsabilityPopupLogic.js
  67:6  warning  React Hook useEffect has a missing dependency: 'phoneNumber'. Either include it or remove the dependency array  react-hooks/exhaustive-deps

C:\Users\Split Lease\Documents\Split Lease\app\src\islands\shared\VirtualMeetingManager\BookTimeSlot.jsx
  38:3  warning  'timezone' is assigned a value but never used. Allowed unused args must match /^_/u  no-unused-vars

C:\Users\Split Lease\Documents\Split Lease\app\src\islands\shared\VirtualMeetingManager\DetailsOfProposalAndVM.jsx
  18:3  warning  'onClose' is defined but never used. Allowed unused args must match /^_/u  no-unused-vars

C:\Users\Split Lease\Documents\Split Lease\app\src\islands\shared\VirtualMeetingManager\VMRequestSuccessModal.jsx
    8:8   warning  'React' is defined but never used. Allowed unused vars must match /^_/u  no-unused-vars
  131:17  warning  `'` can be escaped with `&apos;`, `&lsquo;`, `&#39;`, `&rsquo;`          react/no-unescaped-entities

C:\Users\Split Lease\Documents\Split Lease\app\src\islands\shared\VisitReviewerHouseManual\components\ContentSection.jsx
  77:3  warning  'sectionId' is defined but never used. Allowed unused args must match /^_/u        no-unused-vars
  78:3  warning  'onMapView' is defined but never used. Allowed unused args must match /^_/u        no-unused-vars
  79:3  warning  'onNarrationPlay' is defined but never used. Allowed unused args must match /^_/u  no-unused-vars

C:\Users\Split Lease\Documents\Split Lease\app\src\islands\shared\VisitReviewerHouseManual\useVisitReviewerHouseManualLogic.js
   16:10  warning  'isTokenExpired' is defined but never used. Allowed unused vars must match /^_/u                                   no-unused-vars
   16:26  warning  'validateTokenStatus' is defined but never used. Allowed unused vars must match /^_/u                              no-unused-vars
  111:6   warning  React Hook useEffect has a missing dependency: 'loadManualData'. Either include it or remove the dependency array  react-hooks/exhaustive-deps
  118:6   warning  React Hook useEffect has a missing dependency: 'trackLinkSaw'. Either include it or remove the dependency array    react-hooks/exhaustive-deps

C:\Users\Split Lease\Documents\Split Lease\app\src\islands\shared\VisitReviewerHouseManual\visitReviewerService.js
  144:19  warning  'responseData' is assigned a value but never used. Allowed unused vars must match /^_/u  no-unused-vars

C:\Users\Split Lease\Documents\Split Lease\app\src\lib\__tests__\sanitize.test.js
  7:32  warning  'vi' is defined but never used. Allowed unused vars must match /^_/u         no-unused-vars
  7:48  warning  'afterEach' is defined but never used. Allowed unused vars must match /^_/u  no-unused-vars

C:\Users\Split Lease\Documents\Split Lease\app\src\lib\api\contracts.js
  3:7  warning  'CONTRACT_FUNCTION_URL' is assigned a value but never used. Allowed unused vars must match /^_/u  no-unused-vars

C:\Users\Split Lease\Documents\Split Lease\app\src\lib\api\identityVerificationService.js
  94:11  warning  'data' is assigned a value but never used. Allowed unused vars must match /^_/u  no-unused-vars

C:\Users\Split Lease\Documents\Split Lease\app\src\lib\auth.js
    19:3   warning  'AUTH_STORAGE_KEYS' is defined but never used. Allowed unused vars must match /^_/u       no-unused-vars
  1662:51  warning  'access_token' is assigned a value but never used. Allowed unused vars must match /^_/u   no-unused-vars
  1662:65  warning  'refresh_token' is assigned a value but never used. Allowed unused vars must match /^_/u  no-unused-vars
  1960:51  warning  'access_token' is assigned a value but never used. Allowed unused vars must match /^_/u   no-unused-vars
  1960:65  warning  'refresh_token' is assigned a value but never used. Allowed unused vars must match /^_/u  no-unused-vars

C:\Users\Split Lease\Documents\Split Lease\app\src\lib\auth\login.js
   12:18  warning  'setSecureUserType' is defined but never used. Allowed unused vars must match /^_/u       no-unused-vars
  361:51  warning  'access_token' is assigned a value but never used. Allowed unused vars must match /^_/u   no-unused-vars
  361:65  warning  'refresh_token' is assigned a value but never used. Allowed unused vars must match /^_/u  no-unused-vars

C:\Users\Split Lease\Documents\Split Lease\app\src\lib\bubbleAPI.js
  22:59  warning  'parameters' is assigned a value but never used. Allowed unused args must match /^_/u  no-unused-vars

C:\Users\Split Lease\Documents\Split Lease\app\src\lib\emergencyService.js
  166:11  warning  'data' is assigned a value but never used. Allowed unused vars must match /^_/u  no-unused-vars

C:\Users\Split Lease\Documents\Split Lease\app\src\lib\errorReporting.js
   43:25  warning  'hint' is defined but never used. Allowed unused args must match /^_/u  no-unused-vars
  204:16  warning  `'` can be escaped with `&apos;`, `&lsquo;`, `&#39;`, `&rsquo;`         react/no-unescaped-entities

C:\Users\Split Lease\Documents\Split Lease\app\src\lib\listingService.js
  134:38  warning  'userError' is assigned a value but never used. Allowed unused vars must match /^_/u    no-unused-vars
  602:10  warning  'mapStorageOptionToId' is defined but never used. Allowed unused vars must match /^_/u  no-unused-vars

C:\Users\Split Lease\Documents\Split Lease\app\src\lib\mapUtils.js
    9:10  warning  'getBoroughMapConfig' is defined but never used. Allowed unused vars must match /^_/u  no-unused-vars
  148:9   warning  'timeoutId' is never reassigned. Use 'const' instead                                   prefer-const

C:\Users\Split Lease\Documents\Split Lease\app\src\lib\parseBBCode.js
  13:25  warning  'Fragment' is defined but never used. Allowed unused vars must match /^_/u                  no-unused-vars
  53:9   warning  'result' is assigned a value but never used. Allowed unused vars must match /^_/u           no-unused-vars
  88:9   warning  'combinedPattern' is assigned a value but never used. Allowed unused vars must match /^_/u  no-unused-vars

C:\Users\Split Lease\Documents\Split Lease\app\src\lib\photoUpload.js
  121:11  warning  'data' is assigned a value but never used. Allowed unused vars must match /^_/u  no-unused-vars

C:\Users\Split Lease\Documents\Split Lease\app\src\lib\scheduleSelector\nightCalculations.js
  1:20  warning  'getNextDay' is defined but never used. Allowed unused vars must match /^_/u  no-unused-vars

C:\Users\Split Lease\Documents\Split Lease\app\src\lib\supabaseUtils.js
  11:10  warning  'DATABASE' is defined but never used. Allowed unused vars must match /^_/u  no-unused-vars

C:\Users\Split Lease\Documents\Split Lease\app\src\listings-overview.jsx
  11:8  warning  'React' is defined but never used. Allowed unused vars must match /^_/u  no-unused-vars

C:\Users\Split Lease\Documents\Split Lease\app\src\logged-in-avatar-demo.jsx
  113:47   warning  `"` can be escaped with `&quot;`, `&ldquo;`, `&#34;`, `&rdquo;`  react/no-unescaped-entities
  113:66   warning  `"` can be escaped with `&quot;`, `&ldquo;`, `&#34;`, `&rdquo;`  react/no-unescaped-entities
  113:79   warning  `"` can be escaped with `&quot;`, `&ldquo;`, `&#34;`, `&rdquo;`  react/no-unescaped-entities
  113:92   warning  `"` can be escaped with `&quot;`, `&ldquo;`, `&#34;`, `&rdquo;`  react/no-unescaped-entities
  144:59   warning  `"` can be escaped with `&quot;`, `&ldquo;`, `&#34;`, `&rdquo;`  react/no-unescaped-entities
  144:72   warning  `"` can be escaped with `&quot;`, `&ldquo;`, `&#34;`, `&rdquo;`  react/no-unescaped-entities
  144:87   warning  `"` can be escaped with `&quot;`, `&ldquo;`, `&#34;`, `&rdquo;`  react/no-unescaped-entities
  144:106  warning  `"` can be escaped with `&quot;`, `&ldquo;`, `&#34;`, `&rdquo;`  react/no-unescaped-entities

C:\Users\Split Lease\Documents\Split Lease\app\src\logic\calculators\feeCalculations.js
  156:9  warning  'totalFee' is never reassigned. Use 'const' instead  prefer-const

✖ 1070 problems (0 errors, 1070 warnings)
  0 errors and 1 warning potentially fixable with the `--fix` option.

$ knip || true
[93m[4mUnused files[24m[39m (227)
src/config/proposalStatusConfig.js                                                           
src/hooks/useBiddingRealtime.js                                                              
src/hooks/useContractGenerator.js                                                            
src/hooks/useDataLookups.js                                                                  
src/hooks/useProposalButtonStates.js                                                         
src/services/BiddingService.js                                                               
src/types/bidding.ts                                                                         
src/islands/modals/EditProposalModal.jsx                                                     
src/islands/modals/ProposalDetailsModal.jsx                                                  
src/islands/pages/PreviewSplitLeasePage (1).tsx                                              
src/islands/pages/ReferralDemoPage.jsx                                                       
src/islands/pages/useRentalApplicationPageLogic.js                                           
src/islands/pages/ViewSplitLeasePage.tsx                                                     
src/islands/shared/CreateDuplicateListingModal.jsx                                           
src/islands/shared/ListingScheduleSelectorV2.jsx                                             
src/islands/shared/useScheduleSelectorLogicCore.js                                           
src/logic/bidding/index.js                                                                   
src/logic/constants/index.js                                                                 
src/islands/components/contracts/ContractDownload.jsx                                        
src/islands/components/contracts/ContractForm.jsx                                            
src/islands/components/contracts/ContractPreview.jsx                                         
src/islands/pages/config/bookingConfig.ts                                                    
src/islands/pages/contracts/CreditCardAuthPage.jsx                                           
src/islands/pages/contracts/HostPayoutPage.jsx                                               
src/islands/pages/contracts/PeriodicTenancyPage.jsx                                          
src/islands/pages/contracts/SupplementalPage.jsx                                             
src/islands/pages/CreateDocumentPage/index.js                                                
src/islands/pages/FavoriteListingsPage/formatters.js                                         
src/islands/pages/FavoriteListingsPage/types.js                                              
src/islands/pages/HostLeasesPage/types.js                                                    
src/islands/pages/HostProposalsPage/EmptyState.jsx                                           
src/islands/pages/HostProposalsPage/ListingSelector.jsx                                      
src/islands/pages/HostProposalsPage/ProposalCard.jsx                                         
src/islands/pages/HostProposalsPage/ProposalGrid.jsx                                         
src/islands/pages/ManageInformationalTextsPage/index.jsx                                     
src/islands/pages/ManageInformationalTextsPage/ManageInformationalTextsPage.jsx              
src/islands/pages/ManageInformationalTextsPage/useManageInformationalTextsPageLogic.js       
src/islands/pages/proposals/ProgressTracker.jsx                                              
src/islands/pages/proposals/ProposalCard.jsx                                                 
src/islands/pages/proposals/ProposalSelector.jsx                                             
src/islands/pages/types/bookingTypes.ts                                                      
src/islands/pages/ViewSplitLeasePage/useViewSplitLeaseLogic.ts                               
src/islands/pages/ViewSplitLeasePage_LEGACY/ViewSplitLeasePage.jsx                           
src/islands/pages/ZPricingUnitTestPage/index.js                                              
src/islands/pages/ZSearchUnitTestPage/index.js                                               
src/islands/pages/ZUnitChatgptModelsPage/index.js                                            
src/islands/pages/ZUnitPaymentRecordsJsPage/index.js                                         
src/islands/shared/AIRoomRedesign/AIRoomRedesign.jsx                                         
src/islands/shared/AIRoomRedesign/FileUploader.jsx                                           
src/islands/shared/AIRoomRedesign/fileUtils.js                                               
src/islands/shared/AIRoomRedesign/index.js                                                   
src/islands/shared/AIRoomRedesign/PhotoTypeDropdown.jsx                                      
src/islands/shared/AIRoomRedesign/ResultImageOverlay.jsx                                     
src/islands/shared/AIRoomRedesign/roomStyles.js                                              
src/islands/shared/AIRoomRedesign/useFileUpload.js                                           
src/islands/shared/AIRoomRedesign/useRoomRedesign.js                                         
src/islands/shared/AiSignupMarketReport/Example.jsx                                          
src/islands/shared/AiSignupMarketReport/TestPage.jsx                                         
src/islands/shared/AISuggestions/AISuggestionsModal.jsx                                      
src/islands/shared/AISuggestions/CombineModal.jsx                                            
src/islands/shared/AISuggestions/constants.js                                                
src/islands/shared/AISuggestions/index.js                                                    
src/islands/shared/AISuggestions/SuggestionCard.jsx                                          
src/islands/shared/AISuggestions/TranscriptPopup.jsx                                         
src/islands/shared/AISuggestions/useAISuggestionsState.js                                    
src/islands/shared/BiddingInterface/BiddingHistory.jsx                                       
src/islands/shared/BiddingInterface/BiddingInterface.jsx                                     
src/islands/shared/BiddingInterface/CountdownTimer.jsx                                       
src/islands/shared/BiddingInterface/types.js                                                 
src/islands/shared/ConfirmDeleteModal/index.js                                               
src/islands/shared/DocumentChangeRequestModal/DocumentChangeRequestModal.jsx                 
src/islands/shared/DocumentChangeRequestModal/useDocumentChangeRequestLogic.js               
src/islands/shared/FeedbackWidget/Example.jsx                                                
src/islands/shared/FeedbackWidget/FeedbackWidget.jsx                                         
src/islands/shared/HostEditingProposal/parseProposalData (1).js                              
src/islands/shared/HostReviewGuest/HostReviewGuest.jsx                                       
src/islands/shared/HostReviewGuest/hostReviewGuestService.js                                 
src/islands/shared/HostScheduleSelector/SimpleHostScheduleSelector.jsx                       
src/islands/shared/QRCodeDashboard/QRCodeDashboard.jsx                                       
src/islands/shared/QRCodeDashboard/qrCodeDashboardService.js                                 
src/islands/shared/QRCodeDashboard/qrCodeUseCases.js                                         
src/islands/shared/QRCodeDashboard/useQRCodeDashboardLogic.js                                
src/islands/shared/ReminderHouseManual/ReminderHouseManual.jsx                               
src/islands/shared/ReminderHouseManual/reminderHouseManualService.js                         
src/islands/shared/ReminderHouseManual/useReminderHouseManualLogic.js                        
src/islands/shared/SignUpTrialHost/index.js                                                  
src/islands/shared/SubmitListingPhotos/DeletePhotoModal.jsx                                  
src/islands/shared/SubmitListingPhotos/SubmitListingPhotos.jsx                               
src/islands/shared/SuggestedProposals/SuggestedProposalTrigger.jsx                           
src/islands/shared/SuggestedProposals/useSuggestedProposals.js                               
src/islands/shared/TransactionSelector/ArchetypeIndicator.tsx                                
src/islands/shared/TransactionSelector/BuyoutCard.tsx                                        
src/islands/shared/TransactionSelector/CrashCard.tsx                                         
src/islands/shared/TransactionSelector/RecommendationBadge.tsx                               
src/islands/shared/TransactionSelector/SwapCard.tsx                                          
src/islands/shared/TransactionSelector/TransactionSelector.tsx                               
src/islands/shared/UrgencyCountdown/index.ts                                                 
src/islands/shared/VisitReviewerHouseManual/index.js                                         
src/logic/bidding/calculators/calculateBidIncrement.js                                       
src/logic/bidding/calculators/calculateCompensation.js                                       
src/logic/bidding/calculators/calculateLoserCompensation.js                                  
src/logic/bidding/calculators/calculateMinimumBid.js                                         
src/logic/bidding/calculators/calculateMinimumNextBid.js                                     
src/logic/bidding/processors/determineWinner.js                                              
src/logic/bidding/processors/processAutoBid.js                                               
src/logic/bidding/processors/transformBidData.js                                             
src/logic/bidding/rules/canUserBid.js                                                        
src/logic/bidding/rules/checkBiddingEligibility.js                                           
src/logic/bidding/rules/isBidValid.js                                                        
src/logic/bidding/rules/isSessionExpired.js                                                  
src/logic/bidding/rules/shouldFinalizeSession.js                                             
src/logic/bidding/rules/validateBid.js                                                       
src/logic/calculators/buyout/calculateNoticePricing.js                                       
src/logic/calculators/buyout/index.js                                                        
src/logic/calculators/contracts/calculatePaymentTotals.ts                                    
src/logic/calculators/matching/calculateMatchHeuristics.js                                   
src/logic/calculators/matching/index.js                                                      
src/logic/calculators/payments/index.js                                                      
src/logic/calculators/pricing/calculateFeeBreakdown.js                                       
src/logic/calculators/reminders/calculateNextSendTime.js                                     
src/logic/calculators/reviews/calculateReviewExpiryDays.js                                   
src/logic/calculators/reviews/index.js                                                       
src/logic/calculators/scheduling/getNextOccurrenceOfDay.js                                   
src/logic/calculators/scheduling/isContiguousSelection.js                                    
src/logic/calculators/simulation/calculateSimulationDates.js                                 
src/logic/processors/contracts/formatCurrencyForTemplate.ts                                  
src/logic/processors/matching/adaptCandidateListing.js                                       
src/logic/processors/matching/adaptProposalForMatching.js                                    
src/logic/processors/matching/formatMatchResult.js                                           
src/logic/processors/matching/index.js                                                       
src/logic/processors/proposal/processProposalData.js                                         
src/logic/processors/proposals/normalizeListingData.js                                       
src/logic/processors/proposals/processProposalData.js                                        
src/logic/processors/reminders/reminderAdapter.js                                            
src/logic/processors/reminders/reminderFormatter.js                                          
src/logic/processors/reviews/index.js                                                        
src/logic/processors/reviews/reviewAdapter.js                                                
src/logic/processors/user/processUserData.js                                                 
src/logic/rules/auth/isProtectedPage.js                                                      
src/logic/rules/contracts/isValidCurrency.ts                                                 
src/logic/rules/houseManual/index.js                                                         
src/logic/rules/leases/isLeaseActive.js                                                      
src/logic/rules/matching/canAccommodateDuration.js                                           
src/logic/rules/matching/index.js                                                            
src/logic/rules/proposals/proposalButtonRules.js                                             
src/logic/rules/reminders/reminderScheduling.js                                              
src/logic/rules/reminders/reminderValidation.js                                              
src/logic/rules/reviews/canSubmitReview.js                                                   
src/logic/rules/reviews/index.js                                                             
src/logic/rules/reviews/isReviewVisible.js                                                   
src/logic/rules/reviews/reviewValidation.js                                                  
src/logic/rules/search/hasListingPhotos.js                                                   
src/logic/workflows/booking/acceptProposalWorkflow.js                                        
src/logic/workflows/booking/cancelProposalWorkflow.js                                        
src/logic/workflows/booking/loadProposalDetailsWorkflow.js                                   
src/logic/workflows/contracts/generateContractWorkflow.ts                                    
src/logic/workflows/proposals/virtualMeetingWorkflow.js                                      
src/logic/workflows/reminders/reminderWorkflow.js                                            
src/logic/workflows/reviews/index.js                                                         
src/logic/workflows/scheduling/validateMoveInDateWorkflow.js                                 
src/logic/workflows/scheduling/validateScheduleWorkflow.js                                   
src/islands/pages/AdminThreadsPage/components/AdminHeader.jsx                                
src/islands/pages/AiToolsPage/components/index.js                                            
src/islands/pages/FavoriteListingsPage/components/FavoriteButton.jsx                         
src/islands/pages/FavoriteListingsPage/components/ListingCard.jsx                            
src/islands/pages/FavoriteListingsPage/components/MapView.jsx                                
src/islands/pages/FavoriteListingsPage/components/SplitScheduleSelector.jsx                  
src/islands/pages/HostOverviewPage/components/HostOverviewModals.jsx                         
src/islands/pages/ListingDashboardPage/components/BlockedDateList.jsx                        
src/islands/pages/ListingDashboardPage/components/CalendarGrid.jsx                           
src/islands/pages/ListingDashboardPage/data/mockListing.js                                   
src/islands/pages/ListingDashboardPage/hooks/useAvailabilityLogic.js                         
src/islands/pages/ListingDashboardPage/hooks/useCancellationLogic.js                         
src/islands/pages/ListingDashboardPage/types/listing.types.ts                                
src/islands/pages/ManageInformationalTextsPage/components/DeleteConfirmModal.jsx             
src/islands/pages/ManageInformationalTextsPage/components/EntryCard.jsx                      
src/islands/pages/ManageInformationalTextsPage/components/FormField.jsx                      
src/islands/pages/ManageInformationalTextsPage/components/FormPanel.jsx                      
src/islands/pages/ManageInformationalTextsPage/components/Icons.jsx                          
src/islands/pages/ManageInformationalTextsPage/components/index.js                           
src/islands/pages/ManageInformationalTextsPage/components/ListPanel.jsx                      
src/islands/pages/ManageInformationalTextsPage/components/PreviewPanel.jsx                   
src/islands/pages/ScheduleDashboard/api/scheduleDashboardApi.js                              
src/islands/pages/ScheduleDashboard/hooks/useCalendarState.js                                
src/islands/pages/ScheduleDashboard/hooks/useMessaging.js                                    
src/islands/pages/ScheduleDashboard/hooks/useTransactions.js                                 
src/islands/pages/SearchPage/components/EmptyState.jsx                                       
src/islands/pages/SearchPage/components/ErrorState.jsx                                       
src/islands/pages/SearchPage/components/FilterPanel.jsx                                      
src/islands/pages/SearchPage/components/ListingsGrid.jsx                                     
src/islands/pages/SearchPage/components/LoadingState.jsx                                     
src/islands/pages/SearchPage/components/PropertyCard.jsx                                     
src/islands/pages/SimulationAdminPage/components/StatisticsBar.jsx                           
src/islands/pages/ViewSplitLeasePage/components/AmenitiesGrid (1).tsx                        
src/islands/pages/ViewSplitLeasePage/components/BookingWidget.tsx                            
src/islands/pages/ViewSplitLeasePage/components/DescriptionSection (1).tsx                   
src/islands/pages/ViewSplitLeasePage/components/HostInfoCard (1).tsx                         
src/islands/pages/ViewSplitLeasePage/components/ListingHeader.tsx                            
src/islands/pages/ViewSplitLeasePage/components/MapSection (1).tsx                           
src/islands/pages/ViewSplitLeasePage/components/PhotoGallery (1).tsx                         
src/islands/shared/DateChangeRequestManager/hooks/useArchetypeDetection.ts                   
src/islands/shared/DateChangeRequestManager/hooks/usePersonalizedDefaults.ts                 
src/islands/shared/DateChangeRequestManager/hooks/useTransactionPricing.ts                   
src/islands/shared/DateChangeRequestManager/types/archetypeTypes.ts                          
src/islands/shared/DateChangeRequestManager/types/index.ts                                   
src/islands/shared/DateChangeRequestManager/types/transactionTypes.ts                        
src/islands/shared/DateChangeRequestManager/utils/archetypeLogic.ts                          
src/islands/shared/DateChangeRequestManager/utils/confidenceScoring.ts                       
src/islands/shared/DateChangeRequestManager/utils/defaultSelectionEngine.ts                  
src/islands/shared/DateChangeRequestManager/utils/formatting.ts                              
src/islands/shared/QRCodeDashboard/components/PrintPreview.jsx                               
src/islands/shared/QRCodeDashboard/components/QRCodeCard.jsx                                 
src/islands/shared/QRCodeDashboard/components/QRCodeForm.jsx                                 
src/islands/shared/QRCodeDashboard/components/QRCodeGrid.jsx                                 
src/islands/shared/ReminderHouseManual/components/DeleteConfirmation.jsx                     
src/islands/shared/ReminderHouseManual/components/ReminderCard.jsx                           
src/islands/shared/ReminderHouseManual/components/ReminderForm.jsx                           
src/islands/shared/ReminderHouseManual/components/ReminderList.jsx                           
src/islands/shared/VisitReviewerHouseManual/components/index.js                              
src/islands/pages/AccountProfilePage/components/cards/ScheduleCommuteCard.jsx                
src/islands/pages/AccountProfilePage/components/cards/VideoIntroCard.jsx                     
src/islands/pages/ListingDashboardPage/components/PricingEditSection/index.jsx               
src/islands/pages/ListingDashboardPage/components/PricingEditSection/NightlyRateDisplay.jsx  
src/islands/pages/ListingDashboardPage/components/PricingEditSection/PricingForm.jsx         
src/islands/pages/ListingDashboardPage/components/PricingEditSection/PricingPreview.jsx      
src/islands/pages/ListingDashboardPage/components/PricingEditSection/usePricingLogic.js      
src/islands/shared/VisitReviewerHouseManual/components/AccessStates/index.js                 
[93m[4mUnused dependencies[24m[39m (10)
@hookform/resolvers     package.json:37:6
@react-google-maps/api  package.json:38:6
node-releases           package.json:50:6
pg                      package.json:51:6
postgres                package.json:52:6
react-datepicker        package.json:55:6
react-dropzone          package.json:57:6
react-hook-form         package.json:58:6
react-to-print          package.json:59:6
zod                     package.json:62:6
[93m[4mUnused devDependencies[24m[39m (5)
@storybook/blocks  package.json:70:6
dotenv             package.json:80:6
esbuild            package.json:81:6
husky              package.json:86:6
supabase           package.json:91:6
[93m[4mUnlisted dependencies[24m[39m (15)
prop-types  src/islands/pages/AiToolsPage/components/HeyGenSection.jsx:11:24                  
prop-types  src/islands/pages/AiToolsPage/components/ElevenLabsSection.jsx:10:24              
prop-types  src/islands/pages/AiToolsPage/components/JingleSection.jsx:12:24                  
prop-types  src/islands/pages/ScheduleDashboard/components/ScheduleCalendar.jsx:15:24         
prop-types  src/islands/pages/ScheduleDashboard/components/RoommateProfileCard.jsx:13:24      
prop-types  src/islands/pages/ScheduleDashboard/components/BuyOutPanel.jsx:21:24              
prop-types  src/islands/pages/ScheduleDashboard/components/ChatThread.jsx:12:24               
prop-types  src/islands/pages/ScheduleDashboard/components/TransactionHistory.jsx:14:24       
prop-types  src/islands/pages/ScheduleDashboard/components/FlexibilityBreakdownModal.jsx:12:24
prop-types  src/islands/pages/ScheduleDashboard/components/DashboardModeToggle.jsx:12:24      
prop-types  src/islands/pages/ScheduleDashboard/components/BuyoutFormulaSettings.jsx:18:24    
prop-types  src/islands/pages/ScheduleDashboard/components/BuyoutPriceVisualization.jsx:16:24 
prop-types  src/islands/pages/ZPricingUnitTestPage/components/Section5PricingListGrid.jsx:9:24
prop-types  src/islands/pages/ZPricingUnitTestPage/components/Section6WorkflowCheck.jsx:12:24 
prop-types  src/islands/pages/ZPricingUnitTestPage/components/Section7DataValidation.jsx:14:24
[93m[4mUnlisted binaries[24m[39m (1)
wrangler  package.json
[93m[4mUnused exports[24m[39m (352)
setGlobalToastFunction        function  src/islands/shared/Toast.jsx:348:17                                             
default                                 src/islands/shared/NotificationSettingsIsland/useNotificationSettings.js:183:16 
PriceVelocityIndicator                  src/islands/shared/UrgencyCountdown/components/PriceIncreaseRate.tsx:218:14     
formatDate                    function  src/islands/shared/UrgencyCountdown/utils/dateFormatting.ts:187:17              
formatTime                    function  src/islands/shared/UrgencyCountdown/utils/dateFormatting.ts:209:17              
formatRelativeTime            function  src/islands/shared/UrgencyCountdown/utils/dateFormatting.ts:229:17              
addHours                      function  src/islands/shared/UrgencyCountdown/utils/dateFormatting.ts:266:17              
isPast                        function  src/islands/shared/UrgencyCountdown/utils/dateFormatting.ts:279:17              
isToday                       function  src/islands/shared/UrgencyCountdown/utils/dateFormatting.ts:290:17              
isTomorrow                    function  src/islands/shared/UrgencyCountdown/utils/dateFormatting.ts:305:17              
startOfDay                    function  src/islands/shared/UrgencyCountdown/utils/dateFormatting.ts:319:17              
endOfDay                      function  src/islands/shared/UrgencyCountdown/utils/dateFormatting.ts:331:17              
parseISODate                  function  src/islands/shared/UrgencyCountdown/utils/dateFormatting.ts:343:17              
toISOString                   function  src/islands/shared/UrgencyCountdown/utils/dateFormatting.ts:353:17              
getUrgencyPhase               function  src/islands/shared/UrgencyCountdown/utils/dateFormatting.ts:363:17              
formatMultiplier              function  src/islands/shared/UrgencyCountdown/utils/urgencyCalculations.ts:493:17         
URGENCY_MULTIPLIER_EXAMPLES             src/islands/shared/UrgencyCountdown/utils/urgencyCalculations.ts:529:14         
UPDATE_INTERVALS                        src/islands/shared/UrgencyCountdown/types.ts:243:14                             
ANIMATION_DURATIONS                     src/islands/shared/UrgencyCountdown/types.ts:253:14                             
SCORE_TIERS                             src/logic/calculators/matching/constants.js:40:14                               
TIER_LABELS                             src/logic/calculators/matching/constants.js:70:14                               
isActiveStatus                function  src/logic/constants/proposalStatuses.js:320:17                                  
getStatusesByColor            function  src/logic/constants/proposalStatuses.js:361:17                                  
getStatusesByStage            function  src/logic/constants/proposalStatuses.js:370:17                                  
useGuestExperienceReviewPag…            src/islands/pages/GuestExperienceReviewPage/index.js:2:10                       
useHostExperienceReviewPage…            src/islands/pages/HostExperienceReviewPage/index.js:2:10                        
useReviewsOverviewPageLogic             src/islands/pages/ReviewsOverviewPage/index.js:6:10                             
getArticlesByCategory         function  src/data/helpCenterData.js:308:17                                               
AnalyticsService                        src/services/analyticsService.js:497:10                                         
default                                 src/islands/modals/useCompareTermsModalLogic.js:492:16                          
determineCancellationCondit…  function  src/logic/workflows/proposals/cancelProposalWorkflow.js:31:17                   
cancelProposalFromCompareTe…  function  src/logic/workflows/proposals/cancelProposalWorkflow.js:138:23                  
isJsonFragmentPlaceholder     function  src/islands/pages/useEmailSmsUnitPageLogic.js:591:17                            
default                                 src/islands/pages/proposals/useGuestProposalsPageLogic.js:488:16                
default                                 src/islands/shared/EditListingDetails/EditListingDetails.jsx:1085:16            
ScoreBreakdown                          src/islands/shared/QuickMatch/index.js:13:10                                    
NeighborhoodCheckboxList      function  src/islands/pages/SearchPage/components/NeighborhoodFilters.jsx:160:17          
NeighborhoodDropdownFilter    function  src/islands/pages/SearchPage/components/NeighborhoodFilters.jsx:206:17          
default                                 src/islands/pages/SelfListingPageV2/index.ts:1:29                               
default                                 …lands/pages/SimulationHostMobilePage/useSimulationHostMobilePageLogic.js:815:16
FEE_RATES                               src/logic/calculators/feeCalculations.js:7:14                                   
FEE_STRUCTURE                           src/logic/calculators/feeCalculations.js:21:14                                  
TRANSACTION_CONFIGS                     src/logic/calculators/feeCalculations.js:126:14                                 
formatPercentage                        src/logic/calculators/feeCalculations.js:205:14                                 
USER_TYPES                              src/islands/shared/LoggedInAvatar/useLoggedInAvatarData.js:53:14                
default                                 src/islands/shared/LoggedInAvatar/useLoggedInAvatarData.js:569:16               
HOST_MENU_STATES                        src/islands/shared/Header/useHostMenuData.js:21:14                              
HOST_FEATURED_CONTENT                   src/islands/shared/Header/useHostMenuData.js:32:14                              
default                                 src/islands/shared/Header/useHostMenuData.js:318:16                             
GUEST_MENU_STATES                       src/islands/shared/Header/useGuestMenuData.js:31:14                             
GUEST_FEATURED_CONTENT                  src/islands/shared/Header/useGuestMenuData.js:43:14                             
default                                 src/islands/shared/Header/useGuestMenuData.js:355:16                            
fetchSuggestedProposals       function  src/islands/shared/SuggestedProposals/suggestedProposalService.js:18:23         
getSuggestedProposal          function  src/islands/shared/SuggestedProposals/suggestedProposalService.js:339:23        
PaymentStep                             src/islands/shared/PaymentStep.jsx:257:14                                       
GUEST_REVIEW_CATEGORY_COUNT             src/logic/constants/guestReviewCategories.js:7:14                               
GUEST_RATING_SCALE_LABELS               src/logic/constants/guestReviewCategories.js:42:14                              
PROPOSAL_STAGES                         src/logic/constants/proposalStages.js:16:14                                     
getStageById                  function  src/logic/constants/proposalStages.js:72:17                                     
getStageByName                function  src/logic/constants/proposalStages.js:84:17                                     
getStageProgress              function  src/logic/constants/proposalStages.js:100:17                                    
getCompletedStages            function  src/logic/constants/proposalStages.js:121:17                                    
getRemainingStages            function  src/logic/constants/proposalStages.js:133:17                                    
isStageCompleted              function  src/logic/constants/proposalStages.js:146:17                                    
isCurrentStage                function  src/logic/constants/proposalStages.js:159:17                                    
isStagePending                function  src/logic/constants/proposalStages.js:172:17                                    
getPreviousStage              function  src/logic/constants/proposalStages.js:184:17                                    
getNextStage                  function  src/logic/constants/proposalStages.js:196:17                                    
formatStageDisplay            function  src/logic/constants/proposalStages.js:209:17                                    
REVIEW_CATEGORY_COUNT                   src/logic/constants/reviewCategories.js:6:14                                    
PRICE_TIERS                             src/logic/constants/searchConstants.js:1:14                                     
SORT_OPTIONS                            src/logic/constants/searchConstants.js:11:14                                    
WEEK_PATTERNS                           src/logic/constants/searchConstants.js:20:14                                    
getSimulatedGuestById         function  src/logic/simulators/generateSimulatedGuests.js:68:17                           
getSimulatedGuestByName       function  src/logic/simulators/generateSimulatedGuests.js:79:17                           
default                                 src/logic/simulators/generateSimulatedGuests.js:86:16                           
generateSimulatedListing      function  src/logic/simulators/generateSimulatedProposals.js:41:17                        
updateSimulatedProposal       function  src/logic/simulators/generateSimulatedProposals.js:171:17                       
default                                 src/logic/simulators/generateSimulatedProposals.js:195:16                       
validatePositiveInteger       function  src/logic/validators/pricingValidators.js:21:17                                 
default                                 src/islands/pages/AiToolsPage/types.js:109:16                                   
canCreateDocument             function  src/logic/rules/documents/validateDocumentForm.js:47:17                         
isDocumentTitleValid          function  src/logic/rules/documents/validateDocumentForm.js:57:17                         
getBoroughName                function  src/islands/pages/CreateSuggestedProposalPage/suggestedProposalService.js:492:17
isListingFavorited            function  src/islands/pages/FavoriteListingsPage/favoritesApi.js:43:23                    
addToFavorites                function  src/islands/pages/FavoriteListingsPage/favoritesApi.js:96:23                    
default                                 …nds/pages/GuestExperienceReviewPage/useGuestExperienceReviewPageLogic.js:425:16
formatCurrencyWhole           function  src/islands/pages/HostLeasesPage/formatters.js:25:17                            
ListingTabs                   function  src/islands/pages/HostLeasesPage/components/ListingTabs.jsx:33:17               
LeaseCard                     function  src/islands/pages/HostLeasesPage/components/LeaseCard.jsx:33:17                 
EmptyState                    function  src/islands/pages/HostLeasesPage/components/EmptyState.jsx:15:17                
GuestReviewModal              function  src/islands/pages/HostLeasesPage/modals/GuestReviewModal.jsx:47:17              
DateChangeDetailModal         function  src/islands/pages/HostLeasesPage/modals/DateChangeDetailModal.jsx:20:17         
Card                          function  src/islands/pages/HostOverviewPage/components/HostOverviewCards.jsx:15:17       
Toast                         function  src/islands/pages/HostOverviewPage/components/HostOverviewToast.jsx:18:17       
ActionButtonsRow              function  src/islands/pages/HostProposalsPage/ActionButtonsRow.jsx:83:17                  
AISummaryCard                 function  src/islands/pages/HostProposalsPage/AISummaryCard.jsx:100:17                    
ProposalCardHeader            function  src/islands/pages/HostProposalsPage/ProposalCardHeader.jsx:121:17               
ProposalCardBody              function  src/islands/pages/HostProposalsPage/ProposalCardBody.jsx:80:17                  
PROPOSAL_STATUSES                       src/islands/pages/HostProposalsPage/types.js:55:14                              
getActiveDays                 function  src/islands/pages/HostProposalsPage/types.js:242:17                             
CollapsibleProposalCard       function  src/islands/pages/HostProposalsPage/CollapsibleProposalCard.jsx:26:17           
DayPillsRow                   function  src/islands/pages/HostProposalsPage/DayPillsRow.jsx:26:17                       
formatFullDate                function  src/islands/pages/HostProposalsPage/formatters.js:38:17                         
formatTime                    function  src/islands/pages/HostProposalsPage/formatters.js:73:17                         
formatDateRange               function  src/islands/pages/HostProposalsPage/formatters.js:84:17                         
GuestInfoCard                 function  src/islands/pages/HostProposalsPage/GuestInfoCard.jsx:51:17                     
ListingPillSelector           function  src/islands/pages/HostProposalsPage/ListingPillSelector.jsx:34:17               
ProposalListSection           function  src/islands/pages/HostProposalsPage/ProposalListSection.jsx:55:17               
InfoGrid                      function  src/islands/pages/HostProposalsPage/InfoGrid.jsx:83:17                          
NarrativeProposalBody         function  src/islands/pages/HostProposalsPage/NarrativeProposalBody.jsx:28:17             
PricingRow                    function  src/islands/pages/HostProposalsPage/PricingRow.jsx:25:17                        
ProgressTrackerV7             function  src/islands/pages/HostProposalsPage/ProgressTrackerV7.jsx:123:17                
StatusBanner                  function  src/islands/pages/HostProposalsPage/StatusBanner.jsx:198:17                     
QuickLinksRow                 function  src/islands/pages/HostProposalsPage/QuickLinksRow.jsx:24:17                     
canRequestNewMeeting          function  src/logic/rules/proposals/virtualMeetingRules.js:142:17                         
canRespondToMeeting           function  src/logic/rules/proposals/virtualMeetingRules.js:167:17                         
isVMButtonDisabled            function  src/logic/rules/proposals/virtualMeetingRules.js:187:17                         
canJoinMeeting                function  src/logic/rules/proposals/virtualMeetingRules.js:210:17                         
canViewMeetingDetails         function  src/logic/rules/proposals/virtualMeetingRules.js:228:17                         
canCancelVMRequest            function  src/logic/rules/proposals/virtualMeetingRules.js:243:17                         
ALERT_TYPES                             src/islands/shared/HostEditingProposal/types.js:77:14                           
getNightName                  function  src/islands/shared/HostEditingProposal/types.js:103:17                          
addWeeks                      function  src/islands/shared/HostEditingProposal/types.js:304:17                          
default                                 src/logic/workflows/proposals/hostAcceptProposalWorkflow.js:186:16              
default                                 src/islands/shared/AITools/AIToolsProvider.jsx:66:16                            
useHouseManualPageLogic       function  src/islands/pages/HouseManualPage/useHouseManualPageLogic.js:32:17              
default                                 src/logic/processors/leases/adaptLeaseFromSupabase.js:271:16                    
default                                 src/logic/processors/leases/filterLeases.js:54:16                               
default                                 src/logic/processors/leases/sortLeases.js:73:16                                 
default                                 src/logic/rules/leases/canDeleteLease.js:22:16                                  
getHardDeleteBlockReason      function  src/logic/rules/leases/canHardDeleteLease.js:46:17                              
default                                 src/logic/rules/leases/canHardDeleteLease.js:66:16                              
LISTING_STATUS                          src/islands/pages/ListingsOverviewPage/constants.js:52:14                       
AVAILABILITY_STATUS                     src/islands/pages/ListingsOverviewPage/constants.js:62:14                       
default                                 …islands/pages/ManageLeasesPaymentRecordsPage/useManageLeasesPageLogic.js:577:16
canRescheduleMeeting          function  src/logic/rules/admin/virtualMeetingAdminRules.js:78:17                         
canBlockTimeSlot              function  src/logic/rules/admin/virtualMeetingAdminRules.js:97:17                         
canBlockFullDay               function  src/logic/rules/admin/virtualMeetingAdminRules.js:132:17                        
isPendingAdminAction          function  src/logic/rules/admin/virtualMeetingAdminRules.js:169:17                        
extractUniqueGuests           function  src/logic/processors/meetings/filterMeetings.js:123:17                          
getFullName                   function  src/logic/processors/meetings/filterMeetings.js:161:17                          
formatListingAddress          function  src/logic/processors/meetings/filterMeetings.js:221:17                          
formatSuggestedDates          function  src/logic/processors/meetings/filterMeetings.js:239:17                          
formatBookedDate              function  src/logic/processors/meetings/filterMeetings.js:254:17                          
formatDateTimeForDisplay      function  src/logic/processors/meetings/filterMeetings.js:270:17                          
sortMeetings                  function  src/logic/processors/meetings/filterMeetings.js:327:17                          
groupMeetingsByStatus         function  src/logic/processors/meetings/filterMeetings.js:367:17                          
getTimeSlots                  function  src/logic/calculators/availability/calculateAvailableSlots.js:43:17             
formatTimeSlot                function  src/logic/calculators/availability/calculateAvailableSlots.js:64:17             
formatDate                    function  src/logic/calculators/availability/calculateAvailableSlots.js:77:17             
isSlotBlocked                 function  src/logic/calculators/availability/calculateAvailableSlots.js:100:17            
isFullDayBlocked              function  src/logic/calculators/availability/calculateAvailableSlots.js:120:17            
getAvailableSlotsForDate      function  src/logic/calculators/availability/calculateAvailableSlots.js:135:17            
findBlockedSlotId             function  src/logic/calculators/availability/calculateAvailableSlots.js:196:17            
getBlockedSlotsInRange        function  src/logic/calculators/availability/calculateAvailableSlots.js:240:17            
FormRangeInput                          src/islands/pages/ModifyListingsPage/shared/index.js:11:21                      
SaveButton                              src/islands/pages/ModifyListingsPage/shared/index.js:15:21                      
DAY_NAMES                               src/islands/pages/ProposalManagePage/constants.js:39:14                         
ACTIVE_STATUSES                         src/islands/pages/ProposalManagePage/constants.js:49:14                         
CLOSED_STATUSES                         src/islands/pages/ProposalManagePage/constants.js:65:14                         
formatWeeklyPrice             function  src/islands/pages/proposals/displayUtils.js:205:17                              
getProgressStage              function  src/islands/pages/proposals/displayUtils.js:216:17                              
NarrativeGuestProposalBody    function  src/islands/pages/proposals/NarrativeGuestProposalBody.jsx:27:17                
navigateToListing             function  src/logic/workflows/proposals/navigationWorkflow.js:15:17                       
navigateToRentalApplication   function  src/logic/workflows/proposals/navigationWorkflow.js:64:17                       
navigateToDocumentReview      function  src/logic/workflows/proposals/navigationWorkflow.js:81:17                       
navigateToLeaseDocuments      function  src/logic/workflows/proposals/navigationWorkflow.js:98:17                       
navigateToHouseManual         function  src/logic/workflows/proposals/navigationWorkflow.js:115:17                      
navigateToSearch              function  src/logic/workflows/proposals/navigationWorkflow.js:130:17                      
openExternalLink              function  src/logic/workflows/proposals/navigationWorkflow.js:141:17                      
updateUrlWithProposal         function  src/logic/workflows/proposals/navigationWorkflow.js:156:17                      
getProposalIdFromUrl          function  src/logic/workflows/proposals/navigationWorkflow.js:173:17                      
canModifyProposal             function  src/logic/rules/proposals/proposalRules.js:63:17                                
hasReviewableCounteroffer     function  src/logic/rules/proposals/proposalRules.js:80:17                                
canAcceptCounteroffer         function  src/logic/rules/proposals/proposalRules.js:99:17                                
canDeclineCounteroffer        function  src/logic/rules/proposals/proposalRules.js:109:17                               
canSubmitRentalApplication    function  src/logic/rules/proposals/proposalRules.js:119:17                               
canReviewDocuments            function  src/logic/rules/proposals/proposalRules.js:135:17                               
canRequestVirtualMeeting      function  src/logic/rules/proposals/proposalRules.js:152:17                               
canSendMessage                function  src/logic/rules/proposals/proposalRules.js:174:17                               
isProposalActive              function  src/logic/rules/proposals/proposalRules.js:191:17                               
isProposalCancelled           function  src/logic/rules/proposals/proposalRules.js:207:17                               
isProposalRejected            function  src/logic/rules/proposals/proposalRules.js:226:17                               
isLeaseActivated              function  src/logic/rules/proposals/proposalRules.js:242:17                               
getCancelButtonText           function  src/logic/rules/proposals/proposalRules.js:276:17                               
getCancellationReasonOptions  function  src/logic/rules/proposals/proposalRules.js:298:17                               
needsRentalApplicationSubmi…  function  src/logic/rules/proposals/proposalRules.js:330:17                               
isSLSuggestedProposal                   src/logic/rules/proposals/proposalRules.js:352:33                               
ReviewStarDisplay                       src/islands/pages/ReviewsOverviewPage/components/index.js:6:21                  
RatingBreakdown                         src/islands/pages/ReviewsOverviewPage/components/index.js:8:21                  
validateReviewForm            function  src/logic/workflows/reviews/submitReviewWorkflow.js:104:17                      
MODES                                   src/islands/pages/ScheduleDashboard/components/DashboardModeToggle.jsx:96:10    
MODE_LABELS                             src/islands/pages/ScheduleDashboard/components/DashboardModeToggle.jsx:96:17    
toDateStrings                 function  src/islands/pages/ScheduleDashboard/helpers/dateHelpers.js:25:17                
getTierForNoticeThreshold     function  src/islands/pages/ScheduleDashboard/helpers/priceCalculations.js:120:17         
calculatePriceDeviation       function  src/islands/pages/ScheduleDashboard/helpers/priceCalculations.js:136:17         
getFairnessIndicator          function  src/islands/pages/ScheduleDashboard/helpers/priceCalculations.js:157:17         
AMENITIES_INSIDE                        src/islands/pages/SelfListingPage/types/listing.types.ts:223:14                 
AMENITIES_OUTSIDE                       src/islands/pages/SelfListingPage/types/listing.types.ts:254:14                 
prepareListingSubmission                src/islands/pages/SelfListingPage/store/index.ts:10:3                           
prepareDraftPayload                     src/islands/pages/SelfListingPage/store/index.ts:11:3                           
preparePhotoPayload                     src/islands/pages/SelfListingPage/store/index.ts:12:3                           
validateBubblePayload                   src/islands/pages/SelfListingPage/store/index.ts:13:3                           
default                                 src/islands/pages/SelfListingPageV2/SelfListingPageV2.tsx:2443:16               
isSimulationComplete          function  src/logic/rules/simulation/canProgressToStep.js:54:17                           
isValidStepProgression        function  src/logic/rules/simulation/canProgressToStep.js:82:17                           
groupProposalsByScheduleType  function  src/logic/processors/simulation/selectProposalByScheduleType.js:72:17           
sortProposalsByStartDate      function  src/logic/processors/simulation/selectProposalByScheduleType.js:102:17          
filterValidSimulationPropos…  function  src/logic/processors/simulation/selectProposalByScheduleType.js:121:17          
default                                 …pages/SimulationGuestsideDemoPage/useSimulationGuestsideDemoPageLogic.js:852:16
STEP_STATUS_MAPPING                     src/islands/pages/SimulationGuestsideDemoPage/constants/simulationSteps.js:86:14
TEST_DATA_CLEANUP                       …c/islands/pages/SimulationGuestsideDemoPage/constants/simulationSteps.js:126:14
default                                 …c/islands/pages/SimulationGuestsideDemoPage/constants/simulationSteps.js:194:16
default                                 …islands/pages/SimulationGuestsideDemoPage/components/SimulationHeader.jsx:38:16
default                                 …lands/pages/SimulationGuestsideDemoPage/components/SimulationProgress.jsx:75:16
default                                 …islands/pages/SimulationGuestsideDemoPage/components/StepInstructions.jsx:21:16
default                                 …c/islands/pages/SimulationGuestsideDemoPage/components/EndingScenario.jsx:81:16
default                                 …lands/pages/SimulationGuestsideDemoPage/components/SimulationComplete.jsx:57:16
getStepIndex                  function  src/islands/pages/SimulationHostMobilePage/constants/simulationSteps.js:71:17   
default                                 src/islands/pages/SimulationHostMobilePage/constants/simulationSteps.js:127:16  
default                                 …s/pages/SimulationHostsideDemoPage/useSimulationHostsideDemoPageLogic.js:556:16
default                                 src/islands/pages/SimulationHostsideDemoPage/components/StepButton.jsx:81:16    
default                                 src/islands/pages/SimulationHostsideDemoPage/components/StepIndicator.jsx:80:16 
default                                 …/islands/pages/SimulationHostsideDemoPage/components/StepInstructions.jsx:31:16
default                                 …nds/pages/SimulationHostsideDemoPage/components/SimulatedProposalCard.jsx:93:16
default                                 src/islands/pages/SimulationHostsideDemoPage/constants/simulationSteps.js:139:16
calculateActualWeeks          function  …c/islands/pages/ViewSplitLeasePage/components/SchedulePatternHighlight.jsx:4:17
calculateProratedNightlyRate            src/logic/calculators/pricingList/index.ts:18:10                                
getNightSequence              function  src/islands/shared/HostScheduleSelector/utils.js:48:17                          
sortNights                    function  src/islands/shared/HostScheduleSelector/utils.js:132:17                         
getCheckInDay                 function  src/islands/shared/HostScheduleSelector/utils.js:147:17                         
getCheckOutDay                function  src/islands/shared/HostScheduleSelector/utils.js:173:17                         
getStartNightNumber           function  src/islands/shared/HostScheduleSelector/utils.js:196:17                         
getEndNightNumber             function  src/islands/shared/HostScheduleSelector/utils.js:226:17                         
validateSelection             function  src/islands/shared/HostScheduleSelector/utils.js:268:17                         
NIGHTS_MAP                              src/islands/shared/HostScheduleSelector/constants.js:111:14                     
getNightByNumber              function  src/islands/shared/HostScheduleSelector/constants.js:147:17                     
default                                 src/logic/calculators/payments/calculateGuestPaymentSchedule.js:360:16          
default                                 src/logic/calculators/payments/calculateHostPaymentSchedule.js:356:16           
corporatePages                          src/islands/shared/AdminHeader/config/navigationConfig.js:26:14                 
unitTestPages                           src/islands/shared/AdminHeader/config/navigationConfig.js:181:14                
default                                 src/islands/shared/AITools/useAIToolsState.js:272:16                            
fromISOString                           src/islands/shared/DateChangeRequestManager/dateUtils.js:144:14                 
getExpirationDate                       src/islands/shared/DateChangeRequestManager/dateUtils.js:153:14                 
hasExpired                              src/islands/shared/DateChangeRequestManager/dateUtils.js:178:14                 
transformFromDb                         src/islands/shared/DateChangeRequestManager/dateChangeRequestService.js:46:14   
transformToDb                           src/islands/shared/DateChangeRequestManager/dateChangeRequestService.js:85:14   
createDateChangeRequest       function  src/islands/shared/DateChangeRequestManager/dateChangeRequestService.js:117:23  
getDateChangeRequests         function  src/islands/shared/DateChangeRequestManager/dateChangeRequestService.js:158:23  
acceptDateChangeRequest       function  src/islands/shared/DateChangeRequestManager/dateChangeRequestService.js:194:23  
declineDateChangeRequest      function  src/islands/shared/DateChangeRequestManager/dateChangeRequestService.js:229:23  
cancelDateChangeRequest       function  src/islands/shared/DateChangeRequestManager/dateChangeRequestService.js:263:23  
getThrottleStatus             function  src/islands/shared/DateChangeRequestManager/dateChangeRequestService.js:294:23  
getEnhancedThrottleStatus     function  src/islands/shared/DateChangeRequestManager/dateChangeRequestService.js:327:23  
updateWarningPreference       function  src/islands/shared/DateChangeRequestManager/dateChangeRequestService.js:371:23  
applyHardBlock                function  src/islands/shared/DateChangeRequestManager/dateChangeRequestService.js:402:23  
getLeaseWithDates             function  src/islands/shared/DateChangeRequestManager/dateChangeRequestService.js:433:23  
getRoommateBookedDates        function  src/islands/shared/DateChangeRequestManager/dateChangeRequestService.js:487:23  
dateChangeRequestService                src/islands/shared/DateChangeRequestManager/dateChangeRequestService.js:520:14  
COMMON_RULES                            src/islands/shared/EditListingDetails/constants.js:42:14                        
COMMON_SAFETY_FEATURES                  src/islands/shared/EditListingDetails/constants.js:44:14                        
NEIGHBORHOOD_TEMPLATE                   src/islands/shared/EditListingDetails/constants.js:88:14                        
getCommonAmenitiesByType      function  src/islands/shared/EditListingDetails/services/amenitiesService.js:13:23        
getBoroughIdByZipCode         function  src/islands/shared/EditListingDetails/services/boroughService.js:45:23          
TypingIndicator               function  src/islands/pages/MessagingPage/components/TypingIndicator.jsx:11:17            
DOCUMENT_TYPES                          src/islands/shared/IdentityVerification/DocumentTypeSelect.jsx:48:10            
formatVerificationData        function  src/logic/processors/user/formatVerificationData.js:24:17                       
formatSubmissionPayload       function  src/logic/processors/user/formatVerificationData.js:102:17                      
rentalApplicationLocalStore             src/islands/pages/RentalApplicationPage/store/index.ts:8:3                      
formatTimeOnly                function  src/islands/shared/ScheduleCohost/cohostService.js:83:17                        
formatDateTime                function  src/islands/shared/ScheduleCohost/cohostService.js:96:17                        
formatDateForBubble           function  src/islands/shared/ScheduleCohost/cohostService.js:126:17                       
isDateSelectable              function  src/islands/shared/ScheduleCohost/cohostService.js:299:17                       
isDateInMonth                 function  src/islands/shared/ScheduleCohost/cohostService.js:322:17                       
default                                 src/islands/shared/SignUpTrialHost/useSignUpTrialHostLogic.js:192:16            
validateEmail                 function  src/islands/shared/SignUpTrialHost/validation.js:13:17                          
validatePassword              function  src/islands/shared/SignUpTrialHost/validation.js:25:17                          
validatePhoneNumber           function  src/islands/shared/SignUpTrialHost/validation.js:36:17                          
validatePasswordMatch         function  src/islands/shared/SignUpTrialHost/validation.js:49:17                          
validateFirstName             function  src/islands/shared/SignUpTrialHost/validation.js:58:17                          
validateLastName              function  src/islands/shared/SignUpTrialHost/validation.js:67:17                          
EST_TIMEZONE                            src/islands/shared/VirtualMeetingManager/dateUtils.js:9:14                      
toUTC                                   src/islands/shared/VirtualMeetingManager/dateUtils.js:16:14                     
toEST                                   src/islands/shared/VirtualMeetingManager/dateUtils.js:25:14                     
formatTimeOnlyEST                       src/islands/shared/VirtualMeetingManager/dateUtils.js:45:14                     
formatDateOnlyEST                       src/islands/shared/VirtualMeetingManager/dateUtils.js:55:14                     
fromISOString                           src/islands/shared/VirtualMeetingManager/dateUtils.js:173:14                    
acceptVirtualMeeting          function  src/islands/shared/VirtualMeetingManager/virtualMeetingService.js:16:23         
createVirtualMeetingRequest   function  src/islands/shared/VirtualMeetingManager/virtualMeetingService.js:55:23         
declineVirtualMeeting         function  src/islands/shared/VirtualMeetingManager/virtualMeetingService.js:134:23        
cancelVirtualMeeting          function  src/islands/shared/VirtualMeetingManager/virtualMeetingService.js:168:23        
sendGoogleCalendarInvite      function  src/islands/shared/VirtualMeetingManager/virtualMeetingService.js:203:23        
notifyVirtualMeetingPartici…  function  src/islands/shared/VirtualMeetingManager/virtualMeetingService.js:239:23        
updateVirtualMeetingDirect    function  src/islands/shared/VirtualMeetingManager/virtualMeetingService.js:275:23        
retryApiCall                  function  src/islands/shared/VirtualMeetingManager/virtualMeetingService.js:309:23        
virtualMeetingService                   src/islands/shared/VirtualMeetingManager/virtualMeetingService.js:330:14        
fetchVisitManual              function  src/islands/shared/VisitReviewerHouseManual/visitReviewerService.js:24:23       
validateAccessToken           function  src/islands/shared/VisitReviewerHouseManual/visitReviewerService.js:76:23       
trackEngagement               function  src/islands/shared/VisitReviewerHouseManual/visitReviewerService.js:127:23      
submitGuestReview             function  src/islands/shared/VisitReviewerHouseManual/visitReviewerService.js:196:23      
visitReviewerService                    src/islands/shared/VisitReviewerHouseManual/visitReviewerService.js:267:14      
default                                 src/logic/processors/houseManual/adaptHouseManualForViewer.js:115:16            
isVisitGuest                  function  src/logic/rules/houseManual/canAccessManual.js:101:17                           
default                                 src/logic/rules/houseManual/canAccessManual.js:135:16                           
calculateTokenExpiration      function  src/logic/rules/houseManual/isManualExpired.js:63:17                            
getTimeUntilExpiration        function  src/logic/rules/houseManual/isManualExpired.js:86:17                            
isExpiringSoon                function  src/logic/rules/houseManual/isManualExpired.js:155:17                           
isTokenUsed                   function  src/logic/rules/houseManual/isManualExpired.js:182:17                           
default                                 src/logic/rules/houseManual/isManualExpired.js:231:16                           
PRICING_LIST_ARRAY_LENGTH               src/logic/calculators/pricingList/types.ts:11:14                                
truncateId                    function  src/logic/processors/leases/formatLeaseDisplay.js:48:17                         
formatStatusLabel             function  src/logic/processors/leases/formatLeaseDisplay.js:59:17                         
formatDateRange               function  src/logic/processors/leases/formatLeaseDisplay.js:78:17                         
formatCurrency                function  src/logic/processors/leases/formatLeaseDisplay.js:99:17                         
calculatePaymentProgress      function  src/logic/processors/leases/formatLeaseDisplay.js:116:17                        
maskEmail                     function  src/logic/processors/leases/formatLeaseDisplay.js:129:17                        
formatRelativeDate            function  src/logic/processors/leases/formatLeaseDisplay.js:148:17                        
default                                 src/logic/processors/leases/formatLeaseDisplay.js:179:16                        
adaptPricingListFromSupabase            src/logic/processors/pricingList/index.ts:10:10                                 
adaptPricingListForSupabase             src/logic/processors/pricingList/index.ts:11:10                                 
formatPricingListForDisplay             src/logic/processors/pricingList/index.ts:13:10                                 
adaptRatingDetailsFromApi     function  src/logic/processors/reviews/reviewOverviewAdapter.js:103:17                    
isPricingListValid                      src/logic/rules/pricingList/index.ts:10:10                                      
identityVerificationWorkflow  function  src/logic/workflows/users/identityVerificationWorkflow.js:34:23                 
getVerificationStatusWorkfl…  function  src/logic/workflows/users/identityVerificationWorkflow.js:141:23                
DateChangeSection             function  src/islands/pages/HostLeasesPage/components/DateChangeSection.jsx:19:17         
GuestInfoSection              function  src/islands/pages/HostLeasesPage/components/GuestInfoSection.jsx:30:17          
PaymentRecordsTable           function  src/islands/pages/HostLeasesPage/components/PaymentRecordsTable.jsx:17:17       
StaysTable                    function  src/islands/pages/HostLeasesPage/components/StaysTable.jsx:20:17                
PdfLinksRow                   function  src/islands/pages/HostLeasesPage/components/PdfLinksRow.jsx:23:17               
LEASE_STYLES                            …/ListingDashboardPage/components/PricingEditSection/LeaseStyleSelector.jsx:3:14
photoTypes                              src/islands/pages/ModifyListingsPage/data/dropdownOptions.js:70:14              
usStates                                src/islands/pages/ModifyListingsPage/data/dropdownOptions.js:80:14              
storageOptions                          src/islands/pages/ModifyListingsPage/data/dropdownOptions.js:197:14             
default                       function  src/islands/pages/ModifyListingsPage/shared/FormRangeInput.jsx:19:25            
default                       function  src/islands/pages/ModifyListingsPage/shared/SaveButton.jsx:12:25                
default                       function  src/islands/pages/ReviewsOverviewPage/components/RatingBreakdown.jsx:11:25      
getNightOwner                 function  src/islands/pages/ScheduleDashboard/state/validators.js:3:17                    
EFFECT_TYPES                            src/islands/pages/ScheduleDashboard/actions/transactionActions.js:11:14         
getNeighborhoodByZipCode      function  src/islands/pages/SelfListingPage/utils/neighborhoodService.ts:21:23            
extractZipCode                function  src/islands/pages/SelfListingPage/utils/neighborhoodService.ts:62:17            
getAllAmenitiesByType         function  src/islands/pages/SelfListingPage/utils/amenitiesService.ts:17:23               
getCommonAmenitiesByType      function  src/islands/pages/SelfListingPage/utils/amenitiesService.ts:73:23               
prepareListingSubmission      function  src/islands/pages/SelfListingPage/store/prepareListingSubmission.ts:151:17      
prepareDraftPayload           function  src/islands/pages/SelfListingPage/store/prepareListingSubmission.ts:235:17      
preparePhotoPayload           function  src/islands/pages/SelfListingPage/store/prepareListingSubmission.ts:253:17      
validateBubblePayload         function  src/islands/pages/SelfListingPage/store/prepareListingSubmission.ts:268:17      
useCountdown                  function  src/islands/shared/UrgencyCountdown/hooks/useCountdown.ts:55:17                 
useUrgencyPricingWithCache    function  src/islands/shared/UrgencyCountdown/hooks/useUrgencyPricing.ts:231:17           
useSimplifiedProjections      function  src/islands/shared/UrgencyCountdown/hooks/usePriceProjections.ts:209:17         
useProjectionComparison       function  src/islands/shared/UrgencyCountdown/hooks/usePriceProjections.ts:238:17         
[93m[4mUnused exported types[24m[39m (66)
SavePricingParams                            type       src/logic/workflows/pricingList/index.ts:12:15                  
SavePricingResult                            type       src/logic/workflows/pricingList/index.ts:12:34                  
InitializePricingListParams                  type       src/logic/workflows/pricingList/index.ts:15:15                  
InitializePricingListResult                  type       src/logic/workflows/pricingList/index.ts:15:44                  
RecalculatePricingListParams                 type       src/logic/workflows/pricingList/index.ts:18:15                  
RecalculatePricingListResult                 type       src/logic/workflows/pricingList/index.ts:18:45                  
PricingList                                  type       src/logic/workflows/pricingList/index.ts:21:3                   
PricingArray                                 type       src/logic/workflows/pricingList/index.ts:22:3                   
HostRates                                    type       src/logic/workflows/pricingList/index.ts:23:3                   
PersistCallback                              type       src/logic/workflows/pricingList/index.ts:24:3                   
UpdateInterval                               interface  src/islands/shared/UrgencyCountdown/types.ts:110:18             
LeaseStyle                                   type       src/islands/pages/SelfListingPage/types/listing.types.ts:10:13  
ValidationError                              interface  src/islands/pages/SelfListingPage/types/listing.types.ts:199:18 
SectionStatus                                interface  src/islands/pages/SelfListingPage/types/listing.types.ts:206:18 
FormState                                    interface  src/islands/pages/SelfListingPage/types/listing.types.ts:214:18 
StoreState                                   type       src/islands/pages/SelfListingPage/store/index.ts:7:34           
BubbleListingPayload                         type       src/islands/pages/SelfListingPage/store/index.ts:14:8           
CalculateAverageWeeklyPriceParams            type       src/logic/calculators/pricingList/index.ts:23:3                 
CalculateCombinedMarkupParams                type       src/logic/calculators/pricingList/index.ts:24:3                 
CalculateHostCompensationArrayParams         type       src/logic/calculators/pricingList/index.ts:25:3                 
CalculateLowestNightlyPriceParams            type       src/logic/calculators/pricingList/index.ts:26:3                 
CalculateMonthlyAvgNightlyParams             type       src/logic/calculators/pricingList/index.ts:27:3                 
CalculateMarkupAndDiscountMultipliersArray…  type       src/logic/calculators/pricingList/index.ts:28:3                 
CalculateNightlyPricesArrayParams            type       src/logic/calculators/pricingList/index.ts:29:3                 
CalculateProratedNightlyRateParams           type       src/logic/calculators/pricingList/index.ts:30:3                 
CalculateSlopeParams                         type       src/logic/calculators/pricingList/index.ts:31:3                 
CalculateUnusedNightsDiscountArrayParams     type       src/logic/calculators/pricingList/index.ts:32:3                 
DiscountArray                                type       src/logic/calculators/pricingList/index.ts:33:3                 
DiscountArrayMutable                         type       src/logic/calculators/pricingList/index.ts:34:3                 
HostRates                                    type       src/logic/calculators/pricingList/index.ts:35:3                 
MultiplierArray                              type       src/logic/calculators/pricingList/index.ts:36:3                 
MultiplierArrayMutable                       type       src/logic/calculators/pricingList/index.ts:37:3                 
PricingArray                                 type       src/logic/calculators/pricingList/index.ts:38:3                 
PricingArrayMutable                          type       src/logic/calculators/pricingList/index.ts:39:3                 
RentalType                                   type       src/logic/calculators/pricingList/index.ts:40:3                 
StoreState                                   type       src/islands/pages/RentalApplicationPage/store/index.ts:9:8      
RentalApplicationFormData                    type       src/islands/pages/RentalApplicationPage/store/index.ts:10:8     
Occupant                                     type       src/islands/pages/RentalApplicationPage/store/index.ts:11:8     
VerificationStatus                           type       src/islands/pages/RentalApplicationPage/store/index.ts:12:8     
RentalType                                   type       src/logic/calculators/pricingList/types.ts:16:13                
PricingArray                                 type       src/logic/calculators/pricingList/types.ts:22:13                
MultiplierArray                              type       src/logic/calculators/pricingList/types.ts:32:13                
DiscountArray                                type       src/logic/calculators/pricingList/types.ts:42:13                
DisplayPricingData                           type       src/logic/processors/pricingList/index.ts:16:3                  
ExtractedHostRates                           type       src/logic/processors/pricingList/index.ts:17:3                  
FrontendPricingList                          type       src/logic/processors/pricingList/index.ts:18:3                  
ListingWithPricing                           type       src/logic/processors/pricingList/index.ts:19:3                  
PriceTierDisplay                             type       src/logic/processors/pricingList/index.ts:20:3                  
SupabasePricingRow                           type       src/logic/processors/pricingList/index.ts:21:3                  
PricingListFieldNames                        type       src/logic/rules/pricingList/types.ts:18:13                      
NormalizedRate                               type       src/logic/rules/pricingList/types.ts:132:13                     
CalculationPrerequisites                     type       src/logic/rules/pricingList/index.ts:15:3                       
ListingRateField                             type       src/logic/rules/pricingList/index.ts:16:3                       
ListingWithRates                             type       src/logic/rules/pricingList/index.ts:17:3                       
NormalizedRate                               type       src/logic/rules/pricingList/index.ts:18:3                       
PricingArray                                 type       src/logic/rules/pricingList/index.ts:19:3                       
PricingList                                  type       src/logic/rules/pricingList/index.ts:20:3                       
PricingListFieldNames                        type       src/logic/rules/pricingList/index.ts:21:3                       
PricingValidationCriteria                    type       src/logic/rules/pricingList/index.ts:22:3                       
RateFieldMapping                             type       src/logic/rules/pricingList/index.ts:23:3                       
RecalculationTrigger                         type       src/logic/rules/pricingList/index.ts:24:3                       
HostRates                                    interface  src/logic/workflows/pricingList/types.ts:12:18                  
Neighborhood                                 interface  …islands/pages/SelfListingPage/utils/neighborhoodService.ts:4:18
Amenity                                      interface  src/islands/pages/SelfListingPage/utils/amenitiesService.ts:3:18
SafetyFeature                                interface  src/islands/pages/SelfListingPage/utils/safetyService.ts:8:18   
BubbleListingPayload                         type       …/pages/SelfListingPage/store/prepareListingSubmission.ts:301:15
[93m[4mDuplicate exports[24m[39m (81)
useNotificationSettings|default            src/islands/shared/NotificationSettingsIsland/useNotificationSettings.js     
UrgencyCountdown|default                   src/islands/shared/UrgencyCountdown/components/UrgencyCountdown.tsx          
CountdownTimer|default                     src/islands/shared/UrgencyCountdown/components/CountdownTimer.tsx            
PriceProgression|default                   src/islands/shared/UrgencyCountdown/components/PriceProgression.tsx          
UrgencyIndicator|default                   src/islands/shared/UrgencyCountdown/components/UrgencyIndicator.tsx          
PriceIncreaseRate|default                  src/islands/shared/UrgencyCountdown/components/PriceIncreaseRate.tsx         
ActionPrompt|default                       src/islands/shared/UrgencyCountdown/components/ActionPrompt.tsx              
useCompareTermsModalLogic|default          src/islands/modals/useCompareTermsModalLogic.js                              
useGuestProposalsPageLogic|default         src/islands/pages/proposals/useGuestProposalsPageLogic.js                    
EditListingDetails|default                 src/islands/shared/EditListingDetails/EditListingDetails.jsx                 
useSimulationHostMobilePageLogic|default   …c/islands/pages/SimulationHostMobilePage/useSimulationHostMobilePageLogic.js
useLoggedInAvatarData|default              src/islands/shared/LoggedInAvatar/useLoggedInAvatarData.js                   
useHostMenuData|default                    src/islands/shared/Header/useHostMenuData.js                                 
useGuestMenuData|default                   src/islands/shared/Header/useGuestMenuData.js                                
PaymentStep|default                        src/islands/shared/PaymentStep.jsx                                           
generateSimulatedGuests|default            src/logic/simulators/generateSimulatedGuests.js                              
generateSimulatedProposals|default         src/logic/simulators/generateSimulatedProposals.js                           
useGuestExperienceReviewPageLogic|default  …islands/pages/GuestExperienceReviewPage/useGuestExperienceReviewPageLogic.js
ListingTabs|default                        src/islands/pages/HostLeasesPage/components/ListingTabs.jsx                  
LeaseCard|default                          src/islands/pages/HostLeasesPage/components/LeaseCard.jsx                    
EmptyState|default                         src/islands/pages/HostLeasesPage/components/EmptyState.jsx                   
GuestReviewModal|default                   src/islands/pages/HostLeasesPage/modals/GuestReviewModal.jsx                 
DateChangeDetailModal|default              src/islands/pages/HostLeasesPage/modals/DateChangeDetailModal.jsx            
ActionButtonsRow|default                   src/islands/pages/HostProposalsPage/ActionButtonsRow.jsx                     
AISummaryCard|default                      src/islands/pages/HostProposalsPage/AISummaryCard.jsx                        
ProposalCardHeader|default                 src/islands/pages/HostProposalsPage/ProposalCardHeader.jsx                   
ProposalCardBody|default                   src/islands/pages/HostProposalsPage/ProposalCardBody.jsx                     
CollapsibleProposalCard|default            src/islands/pages/HostProposalsPage/CollapsibleProposalCard.jsx              
DayPillsRow|default                        src/islands/pages/HostProposalsPage/DayPillsRow.jsx                          
GuestInfoCard|default                      src/islands/pages/HostProposalsPage/GuestInfoCard.jsx                        
ListingPillSelector|default                src/islands/pages/HostProposalsPage/ListingPillSelector.jsx                  
ProposalListSection|default                src/islands/pages/HostProposalsPage/ProposalListSection.jsx                  
InfoGrid|default                           src/islands/pages/HostProposalsPage/InfoGrid.jsx                             
NarrativeProposalBody|default              src/islands/pages/HostProposalsPage/NarrativeProposalBody.jsx                
PricingRow|default                         src/islands/pages/HostProposalsPage/PricingRow.jsx                           
ProgressTrackerV7|default                  src/islands/pages/HostProposalsPage/ProgressTrackerV7.jsx                    
StatusBanner|default                       src/islands/pages/HostProposalsPage/StatusBanner.jsx                         
QuickLinksRow|default                      src/islands/pages/HostProposalsPage/QuickLinksRow.jsx                        
hostAcceptProposalWorkflow|default         src/logic/workflows/proposals/hostAcceptProposalWorkflow.js                  
AIToolsProvider|default                    src/islands/shared/AITools/AIToolsProvider.jsx                               
useHouseManualPageLogic|default            src/islands/pages/HouseManualPage/useHouseManualPageLogic.js                 
adaptLeaseFromSupabase|default             src/logic/processors/leases/adaptLeaseFromSupabase.js                        
filterLeases|default                       src/logic/processors/leases/filterLeases.js                                  
sortLeases|default                         src/logic/processors/leases/sortLeases.js                                    
canDeleteLease|default                     src/logic/rules/leases/canDeleteLease.js                                     
canHardDeleteLease|default                 src/logic/rules/leases/canHardDeleteLease.js                                 
useManageLeasesPageLogic|default           src/islands/pages/ManageLeasesPaymentRecordsPage/useManageLeasesPageLogic.js 
NarrativeGuestProposalBody|default         src/islands/pages/proposals/NarrativeGuestProposalBody.jsx                   
SelfListingPageV2|default                  src/islands/pages/SelfListingPageV2/SelfListingPageV2.tsx                    
HostScheduleSelector|default               src/islands/shared/HostScheduleSelector/HostScheduleSelector.jsx             
useSimulationGuestsideDemoPageLogic|defa…  …nds/pages/SimulationGuestsideDemoPage/useSimulationGuestsideDemoPageLogic.js
SIMULATION_STEPS|default                   src/islands/pages/SimulationGuestsideDemoPage/constants/simulationSteps.js   
SimulationHeader|default                   src/islands/pages/SimulationGuestsideDemoPage/components/SimulationHeader.jsx
SimulationProgress|default                 …/islands/pages/SimulationGuestsideDemoPage/components/SimulationProgress.jsx
StepButton|default                         src/islands/pages/SimulationGuestsideDemoPage/components/StepButton.jsx      
StepInstructions|default                   src/islands/pages/SimulationGuestsideDemoPage/components/StepInstructions.jsx
EndingScenario|default                     src/islands/pages/SimulationGuestsideDemoPage/components/EndingScenario.jsx  
SimulationComplete|default                 …/islands/pages/SimulationGuestsideDemoPage/components/SimulationComplete.jsx
useSimulationHostsideDemoPageLogic|defau…  …lands/pages/SimulationHostsideDemoPage/useSimulationHostsideDemoPageLogic.js
StepButton|default                         src/islands/pages/SimulationHostsideDemoPage/components/StepButton.jsx       
StepIndicator|default                      src/islands/pages/SimulationHostsideDemoPage/components/StepIndicator.jsx    
StepInstructions|default                   src/islands/pages/SimulationHostsideDemoPage/components/StepInstructions.jsx 
SimulatedProposalCard|default              …slands/pages/SimulationHostsideDemoPage/components/SimulatedProposalCard.jsx
SIMULATION_STEPS|default                   src/islands/pages/SimulationHostsideDemoPage/constants/simulationSteps.js    
calculateGuestPaymentSchedule|default      src/logic/calculators/payments/calculateGuestPaymentSchedule.js              
calculateHostPaymentSchedule|default       src/logic/calculators/payments/calculateHostPaymentSchedule.js               
useAIToolsState|default                    src/islands/shared/AITools/useAIToolsState.js                                
dateChangeRequestService|default           src/islands/shared/DateChangeRequestManager/dateChangeRequestService.js      
TypingIndicator|default                    src/islands/pages/MessagingPage/components/TypingIndicator.jsx               
useSignUpTrialHostLogic|default            src/islands/shared/SignUpTrialHost/useSignUpTrialHostLogic.js                
virtualMeetingService|default              src/islands/shared/VirtualMeetingManager/virtualMeetingService.js            
visitReviewerService|default               src/islands/shared/VisitReviewerHouseManual/visitReviewerService.js          
adaptHouseManualForViewer|default          src/logic/processors/houseManual/adaptHouseManualForViewer.js                
canAccessManual|default                    src/logic/rules/houseManual/canAccessManual.js                               
isTokenExpired|default                     src/logic/rules/houseManual/isManualExpired.js                               
formatLeaseDisplay|default                 src/logic/processors/leases/formatLeaseDisplay.js                            
DateChangeSection|default                  src/islands/pages/HostLeasesPage/components/DateChangeSection.jsx            
GuestInfoSection|default                   src/islands/pages/HostLeasesPage/components/GuestInfoSection.jsx             
PaymentRecordsTable|default                src/islands/pages/HostLeasesPage/components/PaymentRecordsTable.jsx          
StaysTable|default                         src/islands/pages/HostLeasesPage/components/StaysTable.jsx                   
PdfLinksRow|default                        src/islands/pages/HostLeasesPage/components/PdfLinksRow.jsx                  
[33m[4mConfiguration hints[24m (7)[39m
. [90m(root)[39m                        knip.json  [90mAdd [97mentry[90m and/or refine [97mproject[90m files (227 unused files)[39m
@rollup/rollup-linux-x64-gnu    knip.json  [90mRemove from [97mignoreDependencies[90m[39m                          
lightningcss-linux-x64-gnu      knip.json  [90mRemove from [97mignoreDependencies[90m[39m                          
vite.config.js                  knip.json  [90mRemove redundant [97mentry[90m pattern[39m                          
eslint.config.js                knip.json  [90mRemove redundant [97mentry[90m pattern[39m                          
postcss.config.js               knip.json  [90mRemove redundant [97mentry[90m pattern[39m                          
tailwind.config.js              knip.json  [90mRemove redundant [97mentry[90m pattern[39m                          
[36mvite v5.4.21 [32mbuilding for production...[36m[39m
transforming...

/src/styles/global.css doesn't exist at build time, it will remain unchanged to be resolved at runtime
[32m✓[39m 3637 modules transformed.
node_modules/lottie-web/build/player/lottie.js (14422:32): Use of eval in "node_modules/lottie-web/build/player/lottie.js" is strongly discouraged as it poses security risks and may cause issues with minification.
rendering chunks...
[1m[33m[plugin:vite:reporter][39m[22m [33m[plugin vite:reporter] 
(!) C:/Users/Split Lease/Documents/Split Lease/app/src/islands/pages/CreateSuggestedProposalPage/suggestedProposalService.js is dynamically imported by C:/Users/Split Lease/Documents/Split Lease/app/src/islands/pages/CreateSuggestedProposalPage/components/CallTranscriptionTool.jsx but also statically imported by C:/Users/Split Lease/Documents/Split Lease/app/src/islands/pages/CreateSuggestedProposalPage/components/GuestSearch.jsx, C:/Users/Split Lease/Documents/Split Lease/app/src/islands/pages/CreateSuggestedProposalPage/components/ListingSearch.jsx, C:/Users/Split Lease/Documents/Split Lease/app/src/islands/pages/CreateSuggestedProposalPage/components/ProposalSummary.jsx, C:/Users/Split Lease/Documents/Split Lease/app/src/islands/pages/CreateSuggestedProposalPage/useCreateSuggestedProposalLogic.js, dynamic import will not move module into another chunk.
[39m
computing gzip size...
[2mdist/[22m[32mpublic/contracts/host-payout.html                  [39m[1m[2m  0.33 kB[22m[1m[22m[2m │ gzip:  0.25 kB[22m
[2mdist/[22m[32mpublic/contracts/supplemental.html                 [39m[1m[2m  0.33 kB[22m[1m[22m[2m │ gzip:  0.26 kB[22m
[2mdist/[22m[32mpublic/contracts/credit-card-auth.html             [39m[1m[2m  0.33 kB[22m[1m[22m[2m │ gzip:  0.26 kB[22m
[2mdist/[22m[32mpublic/contracts/periodic-tenancy.html             [39m[1m[2m  0.34 kB[22m[1m[22m[2m │ gzip:  0.26 kB[22m
[2mdist/[22m[32mpublic/test-contracts.html                         [39m[1m[2m  0.67 kB[22m[1m[22m[2m │ gzip:  0.39 kB[22m
[2mdist/[22m[32mpublic/z-sharath-test.html                         [39m[1m[2m  0.76 kB[22m[1m[22m[2m │ gzip:  0.41 kB[22m
[2mdist/[22m[32mpublic/z-unit-chatgpt-models.html                  [39m[1m[2m  0.90 kB[22m[1m[22m[2m │ gzip:  0.46 kB[22m
[2mdist/[22m[32mpublic/z-unit-payment-records-js.html              [39m[1m[2m  0.92 kB[22m[1m[22m[2m │ gzip:  0.47 kB[22m
[2mdist/[22m[32mpublic/z-search-unit-test.html                     [39m[1m[2m  1.06 kB[22m[1m[22m[2m │ gzip:  0.50 kB[22m
[2mdist/[22m[32mpublic/z-emails-unit.html                          [39m[1m[2m  1.09 kB[22m[1m[22m[2m │ gzip:  0.49 kB[22m
[2mdist/[22m[32mpublic/host-experience-review.html                 [39m[1m[2m  1.27 kB[22m[1m[22m[2m │ gzip:  0.50 kB[22m
[2mdist/[22m[32mpublic/z-schedule-test.html                        [39m[1m[2m  1.48 kB[22m[1m[22m[2m │ gzip:  0.55 kB[22m
[2mdist/[22m[32mpublic/qr-code-landing.html                        [39m[1m[2m  1.55 kB[22m[1m[22m[2m │ gzip:  0.76 kB[22m
[2mdist/[22m[32mpublic/visit-manual.html                           [39m[1m[2m  1.68 kB[22m[1m[22m[2m │ gzip:  0.79 kB[22m
[2mdist/[22m[32mpublic/simulation-guest-mobile.html                [39m[1m[2m  2.14 kB[22m[1m[22m[2m │ gzip:  0.64 kB[22m
[2mdist/[22m[32mpublic/verify-users.html                           [39m[1m[2m  2.15 kB[22m[1m[22m[2m │ gzip:  0.66 kB[22m
[2mdist/[22m[32mpublic/co-host-requests.html                       [39m[1m[2m  2.16 kB[22m[1m[22m[2m │ gzip:  0.67 kB[22m
[2mdist/[22m[32mpublic/simulation-admin.html                       [39m[1m[2m  2.16 kB[22m[1m[22m[2m │ gzip:  0.67 kB[22m
[2mdist/[22m[32mpublic/message-curation.html                       [39m[1m[2m  2.16 kB[22m[1m[22m[2m │ gzip:  0.67 kB[22m
[2mdist/[22m[32mpublic/guest-simulation.html                       [39m[1m[2m  2.17 kB[22m[1m[22m[2m │ gzip:  0.66 kB[22m
[2mdist/[22m[32mpublic/send-magic-login-links.html                 [39m[1m[2m  2.18 kB[22m[1m[22m[2m │ gzip:  0.68 kB[22m
[2mdist/[22m[32mpublic/create-document.html                        [39m[1m[2m  2.18 kB[22m[1m[22m[2m │ gzip:  0.66 kB[22m
[2mdist/[22m[32mpublic/listings-overview.html                      [39m[1m[2m  2.19 kB[22m[1m[22m[2m │ gzip:  0.73 kB[22m
[2mdist/[22m[32mpublic/internal-emergency.html                     [39m[1m[2m  2.19 kB[22m[1m[22m[2m │ gzip:  0.68 kB[22m
[2mdist/[22m[32mpublic/ai-tools.html                               [39m[1m[2m  2.20 kB[22m[1m[22m[2m │ gzip:  0.71 kB[22m
[2mdist/[22m[32mpublic/guest-experience-review.html                [39m[1m[2m  2.21 kB[22m[1m[22m[2m │ gzip:  0.70 kB[22m
[2mdist/[22m[32mpublic/proposal-manage.html                        [39m[1m[2m  2.26 kB[22m[1m[22m[2m │ gzip:  0.74 kB[22m
[2mdist/[22m[32mpublic/email-sms-unit.html                         [39m[1m[2m  2.29 kB[22m[1m[22m[2m │ gzip:  0.75 kB[22m
[2mdist/[22m[32mpublic/usability-data-management.html              [39m[1m[2m  2.29 kB[22m[1m[22m[2m │ gzip:  0.75 kB[22m
[2mdist/[22m[32mpublic/simulation-host-mobile.html                 [39m[1m[2m  2.31 kB[22m[1m[22m[2m │ gzip:  0.72 kB[22m
[2mdist/[22m[32mpublic/manage-rental-applications.html             [39m[1m[2m  2.36 kB[22m[1m[22m[2m │ gzip:  0.70 kB[22m
[2mdist/[22m[32mpublic/report-emergency.html                       [39m[1m[2m  2.36 kB[22m[1m[22m[2m │ gzip:  0.73 kB[22m
[2mdist/[22m[32mpublic/modify-listings.html                        [39m[1m[2m  2.40 kB[22m[1m[22m[2m │ gzip:  0.71 kB[22m
[2mdist/[22m[32mpublic/schedule.html                               [39m[1m[2m  2.50 kB[22m[1m[22m[2m │ gzip:  0.74 kB[22m
[2mdist/[22m[32mpublic/manage-informational-texts.html             [39m[1m[2m  2.51 kB[22m[1m[22m[2m │ gzip:  0.79 kB[22m
[2mdist/[22m[32mpublic/experience-responses.html                   [39m[1m[2m  2.59 kB[22m[1m[22m[2m │ gzip:  0.80 kB[22m
[2mdist/[22m[32mpublic/messages.html                               [39m[1m[2m  2.60 kB[22m[1m[22m[2m │ gzip:  0.78 kB[22m
[2mdist/[22m[32mpublic/_pricing-unit-test.html                     [39m[1m[2m  2.63 kB[22m[1m[22m[2m │ gzip:  0.78 kB[22m
[2mdist/[22m[32mpublic/simulation-guestside-demo.html              [39m[1m[2m  2.63 kB[22m[1m[22m[2m │ gzip:  0.74 kB[22m
[2mdist/[22m[32mpublic/leases-overview.html                        [39m[1m[2m  2.64 kB[22m[1m[22m[2m │ gzip:  0.81 kB[22m
[2mdist/[22m[32mpublic/manage-virtual-meetings.html                [39m[1m[2m  2.67 kB[22m[1m[22m[2m │ gzip:  0.82 kB[22m
[2mdist/[22m[32mpublic/quick-price.html                            [39m[1m[2m  2.71 kB[22m[1m[22m[2m │ gzip:  0.83 kB[22m
[2mdist/[22m[32mpublic/internal-test.html                          [39m[1m[2m  2.75 kB[22m[1m[22m[2m │ gzip:  0.99 kB[22m
[2mdist/[22m[32mpublic/create-suggested-proposal.html              [39m[1m[2m  2.83 kB[22m[1m[22m[2m │ gzip:  0.92 kB[22m
[2mdist/[22m[32mpublic/auth-verify.html                            [39m[1m[2m  2.92 kB[22m[1m[22m[2m │ gzip:  1.02 kB[22m
[2mdist/[22m[32mpublic/404.html                                    [39m[1m[2m  2.93 kB[22m[1m[22m[2m │ gzip:  1.02 kB[22m
[2mdist/[22m[32mpublic/simulation-hostside-demo.html               [39m[1m[2m  2.93 kB[22m[1m[22m[2m │ gzip:  0.80 kB[22m
[2mdist/[22m[32mpublic/referral.html                               [39m[1m[2m  3.02 kB[22m[1m[22m[2m │ gzip:  1.08 kB[22m
[2mdist/[22m[32mpublic/reset-password.html                         [39m[1m[2m  3.02 kB[22m[1m[22m[2m │ gzip:  1.04 kB[22m
[2mdist/[22m[32mpublic/reviews-overview.html                       [39m[1m[2m  3.02 kB[22m[1m[22m[2m │ gzip:  0.84 kB[22m
[2mdist/[22m[32mpublic/quick-match.html                            [39m[1m[2m  3.04 kB[22m[1m[22m[2m │ gzip:  1.06 kB[22m
[2mdist/[22m[32mpublic/faq.html                                    [39m[1m[2m  3.06 kB[22m[1m[22m[2m │ gzip:  1.08 kB[22m
[2mdist/[22m[32mpublic/house-manual.html                           [39m[1m[2m  3.08 kB[22m[1m[22m[2m │ gzip:  1.08 kB[22m
[2mdist/[22m[32mpublic/list-with-us.html                           [39m[1m[2m  3.08 kB[22m[1m[22m[2m │ gzip:  1.11 kB[22m
[2mdist/[22m[32mpublic/admin-threads.html                          [39m[1m[2m  3.08 kB[22m[1m[22m[2m │ gzip:  0.88 kB[22m
[2mdist/[22m[32mpublic/host-guarantee.html                         [39m[1m[2m  3.09 kB[22m[1m[22m[2m │ gzip:  1.10 kB[22m
[2mdist/[22m[32mpublic/policies.html                               [39m[1m[2m  3.23 kB[22m[1m[22m[2m │ gzip:  1.15 kB[22m
[2mdist/[22m[32mpublic/guest-success.html                          [39m[1m[2m  3.33 kB[22m[1m[22m[2m │ gzip:  1.23 kB[22m
[2mdist/[22m[32mpublic/why-split-lease.html                        [39m[1m[2m  3.35 kB[22m[1m[22m[2m │ gzip:  1.17 kB[22m
[2mdist/[22m[32mpublic/host-success.html                           [39m[1m[2m  3.38 kB[22m[1m[22m[2m │ gzip:  1.25 kB[22m
[2mdist/[22m[32mpublic/about-us.html                               [39m[1m[2m  3.40 kB[22m[1m[22m[2m │ gzip:  1.19 kB[22m
[2mdist/[22m[32mpublic/host-overview.html                          [39m[1m[2m  3.50 kB[22m[1m[22m[2m │ gzip:  1.19 kB[22m
[2mdist/[22m[32mpublic/careers.html                                [39m[1m[2m  3.51 kB[22m[1m[22m[2m │ gzip:  1.23 kB[22m
[2mdist/[22m[32mpublic/rental-application.html                     [39m[1m[2m  3.55 kB[22m[1m[22m[2m │ gzip:  1.47 kB[22m
[2mdist/[22m[32mpublic/manage-leases-payment-records.html          [39m[1m[2m  3.60 kB[22m[1m[22m[2m │ gzip:  0.92 kB[22m
[2mdist/[22m[32mpublic/list-with-us-v2.html                        [39m[1m[2m  3.71 kB[22m[1m[22m[2m │ gzip:  1.24 kB[22m
[2mdist/[22m[32mpublic/guest-relationships.html                    [39m[1m[2m  3.73 kB[22m[1m[22m[2m │ gzip:  1.06 kB[22m
[2mdist/[22m[32mpublic/help-center.html                            [39m[1m[2m  4.19 kB[22m[1m[22m[2m │ gzip:  1.35 kB[22m
[2mdist/[22m[32mpublic/help-center-category.html                   [39m[1m[2m  4.23 kB[22m[1m[22m[2m │ gzip:  1.37 kB[22m
[2mdist/[22m[32mpublic/host-leases.html                            [39m[1m[2m  4.43 kB[22m[1m[22m[2m │ gzip:  1.31 kB[22m
[2mdist/[22m[32mpublic/index.html                                  [39m[1m[2m  4.83 kB[22m[1m[22m[2m │ gzip:  1.73 kB[22m
[2mdist/[22m[32mpublic/host-proposals.html                         [39m[1m[2m  4.93 kB[22m[1m[22m[2m │ gzip:  1.41 kB[22m
[2mdist/[22m[32mpublic/guest-leases.html                           [39m[1m[2m  5.26 kB[22m[1m[22m[2m │ gzip:  1.50 kB[22m
[2mdist/[22m[32mpublic/self-listing.html                           [39m[1m[2m  5.44 kB[22m[1m[22m[2m │ gzip:  1.90 kB[22m
[2mdist/[22m[32mpublic/self-listing-v2.html                        [39m[1m[2m  5.46 kB[22m[1m[22m[2m │ gzip:  1.91 kB[22m
[2mdist/[22m[32mpublic/preview-split-lease.html                    [39m[1m[2m  5.85 kB[22m[1m[22m[2m │ gzip:  1.89 kB[22m
[2mdist/[22m[32mpublic/view-split-lease.html                       [39m[1m[2m  6.01 kB[22m[1m[22m[2m │ gzip:  1.95 kB[22m
[2mdist/[22m[32mpublic/listing-dashboard.html                      [39m[1m[2m  6.27 kB[22m[1m[22m[2m │ gzip:  2.00 kB[22m
[2mdist/[22m[32mpublic/guest-proposals.html                        [39m[1m[2m  6.42 kB[22m[1m[22m[2m │ gzip:  2.05 kB[22m
[2mdist/[22m[32mpublic/favorite-listings.html                      [39m[1m[2m  6.78 kB[22m[1m[22m[2m │ gzip:  2.22 kB[22m
[2mdist/[22m[32mpublic/account-profile.html                        [39m[1m[2m  6.82 kB[22m[1m[22m[2m │ gzip:  2.11 kB[22m
[2mdist/[22m[32mpublic/search.html                                 [39m[1m[2m  7.26 kB[22m[1m[22m[2m │ gzip:  2.44 kB[22m
[2mdist/[22m[35massets/Toast-CLI5v25F.css                          [39m[1m[2m  2.48 kB[22m[1m[22m[2m │ gzip:  0.97 kB[22m
[2mdist/[22m[35massets/z-sharath-test-LpMbSeW3.css                 [39m[1m[2m  2.58 kB[22m[1m[22m[2m │ gzip:  0.93 kB[22m
[2mdist/[22m[35massets/simulation-admin-DJ5w7VqC.css               [39m[1m[2m  2.96 kB[22m[1m[22m[2m │ gzip:  0.86 kB[22m
[2mdist/[22m[35massets/auth-verify-C1ozC_nF.css                    [39m[1m[2m  2.99 kB[22m[1m[22m[2m │ gzip:  0.85 kB[22m
[2mdist/[22m[35massets/z-unit-chatgpt-models-DgnkjMDq.css          [39m[1m[2m  3.03 kB[22m[1m[22m[2m │ gzip:  1.03 kB[22m
[2mdist/[22m[35massets/search-CD0sK5ul.css                         [39m[1m[2m  3.57 kB[22m[1m[22m[2m │ gzip:  1.10 kB[22m
[2mdist/[22m[35massets/z-search-unit-test-C1h-_EUg.css             [39m[1m[2m  3.87 kB[22m[1m[22m[2m │ gzip:  1.23 kB[22m
[2mdist/[22m[35massets/z-emails-unit-mYl2bzE_.css                  [39m[1m[2m  3.89 kB[22m[1m[22m[2m │ gzip:  1.21 kB[22m
[2mdist/[22m[35massets/HostScheduleSelector-C4kwK__s.css           [39m[1m[2m  3.92 kB[22m[1m[22m[2m │ gzip:  1.19 kB[22m
[2mdist/[22m[35massets/z-schedule-test-BCgrGHMk.css                [39m[1m[2m  3.93 kB[22m[1m[22m[2m │ gzip:  1.26 kB[22m
[2mdist/[22m[35massets/ListingScheduleSelector-BlcSQxYt.css        [39m[1m[2m  4.02 kB[22m[1m[22m[2m │ gzip:  1.39 kB[22m
[2mdist/[22m[35massets/create-document-8GXosc1u.css                [39m[1m[2m  4.07 kB[22m[1m[22m[2m │ gzip:  1.11 kB[22m
[2mdist/[22m[35massets/ResetPasswordPage-wD_sQvHP.css              [39m[1m[2m  4.25 kB[22m[1m[22m[2m │ gzip:  1.16 kB[22m
[2mdist/[22m[35massets/report-emergency-DyYTTEOD.css               [39m[1m[2m  4.64 kB[22m[1m[22m[2m │ gzip:  1.36 kB[22m
[2mdist/[22m[35massets/send-magic-login-links-BfmgS5p9.css         [39m[1m[2m  4.64 kB[22m[1m[22m[2m │ gzip:  1.35 kB[22m
[2mdist/[22m[35massets/modify-listings-C-53--DC.css                [39m[1m[2m  4.91 kB[22m[1m[22m[2m │ gzip:  1.35 kB[22m
[2mdist/[22m[35massets/view-split-lease-Ce5RO-_C.css               [39m[1m[2m  5.12 kB[22m[1m[22m[2m │ gzip:  1.54 kB[22m
[2mdist/[22m[35massets/Footer-BhxXeAMo.css                         [39m[1m[2m  5.47 kB[22m[1m[22m[2m │ gzip:  1.48 kB[22m
[2mdist/[22m[35massets/AdminHeader-DDVruVbg.css                    [39m[1m[2m  5.97 kB[22m[1m[22m[2m │ gzip:  1.43 kB[22m
[2mdist/[22m[35massets/z-unit-payment-records-js-Ds73xuLP.css      [39m[1m[2m  6.27 kB[22m[1m[22m[2m │ gzip:  1.65 kB[22m
[2mdist/[22m[35massets/ai-tools-CR_vSbqB.css                       [39m[1m[2m  6.43 kB[22m[1m[22m[2m │ gzip:  1.84 kB[22m
[2mdist/[22m[35massets/host-experience-review-CUwIptMQ.css         [39m[1m[2m  7.18 kB[22m[1m[22m[2m │ gzip:  1.72 kB[22m
[2mdist/[22m[35massets/usability-data-management-C6rCJ58c.css      [39m[1m[2m  7.59 kB[22m[1m[22m[2m │ gzip:  2.12 kB[22m
[2mdist/[22m[35massets/simulation-guest-mobile-BS_58xJG.css        [39m[1m[2m  7.90 kB[22m[1m[22m[2m │ gzip:  1.80 kB[22m
[2mdist/[22m[35massets/simulation-guestside-demo-Bmhdv-HS.css      [39m[1m[2m  8.37 kB[22m[1m[22m[2m │ gzip:  2.03 kB[22m
[2mdist/[22m[35massets/guest-simulation-5FEBT1gj.css               [39m[1m[2m  8.39 kB[22m[1m[22m[2m │ gzip:  1.87 kB[22m
[2mdist/[22m[35massets/GoogleMap-C1j8jiS2.css                      [39m[1m[2m  8.60 kB[22m[1m[22m[2m │ gzip:  1.87 kB[22m
[2mdist/[22m[35massets/referral-B4ZKYHmx.css                       [39m[1m[2m  8.66 kB[22m[1m[22m[2m │ gzip:  2.04 kB[22m
[2mdist/[22m[35massets/guest-experience-review-BWHprEiX.css        [39m[1m[2m  9.21 kB[22m[1m[22m[2m │ gzip:  2.21 kB[22m
[2mdist/[22m[35massets/simulation-hostside-demo-B3DukUvH.css       [39m[1m[2m  9.21 kB[22m[1m[22m[2m │ gzip:  2.09 kB[22m
[2mdist/[22m[35massets/verify-users-BTiSPPly.css                   [39m[1m[2m  9.50 kB[22m[1m[22m[2m │ gzip:  2.06 kB[22m
[2mdist/[22m[35massets/internal-emergency-CbwYyqb4.css             [39m[1m[2m  9.68 kB[22m[1m[22m[2m │ gzip:  2.32 kB[22m
[2mdist/[22m[35massets/about-us-BLzimUOT.css                       [39m[1m[2m  9.70 kB[22m[1m[22m[2m │ gzip:  2.34 kB[22m
[2mdist/[22m[35massets/faq-B3avYzr7.css                            [39m[1m[2m 10.40 kB[22m[1m[22m[2m │ gzip:  2.58 kB[22m
[2mdist/[22m[35massets/help-center-DCnpaQ6x.css                    [39m[1m[2m 10.67 kB[22m[1m[22m[2m │ gzip:  2.49 kB[22m
[2mdist/[22m[35massets/simulation-host-mobile-CwIiHsd2.css         [39m[1m[2m 11.45 kB[22m[1m[22m[2m │ gzip:  2.38 kB[22m
[2mdist/[22m[35massets/host-guarantee-D6yEoTG2.css                 [39m[1m[2m 11.74 kB[22m[1m[22m[2m │ gzip:  2.59 kB[22m
[2mdist/[22m[35massets/proposal-manage-BqvYjj3t.css                [39m[1m[2m 11.74 kB[22m[1m[22m[2m │ gzip:  2.53 kB[22m
[2mdist/[22m[35massets/quick-price-DyR5zALg.css                    [39m[1m[2m 13.12 kB[22m[1m[22m[2m │ gzip:  2.70 kB[22m
[2mdist/[22m[35massets/visit-manual-CunV9v0m.css                   [39m[1m[2m 13.58 kB[22m[1m[22m[2m │ gzip:  2.15 kB[22m
[2mdist/[22m[35massets/_pricing-unit-test-CFJMHBrk.css             [39m[1m[2m 14.09 kB[22m[1m[22m[2m │ gzip:  3.08 kB[22m
[2mdist/[22m[35massets/experience-responses-WbsJI6_o.css           [39m[1m[2m 14.14 kB[22m[1m[22m[2m │ gzip:  2.68 kB[22m
[2mdist/[22m[35massets/co-host-requests-BGHhVybi.css               [39m[1m[2m 14.17 kB[22m[1m[22m[2m │ gzip:  2.89 kB[22m
[2mdist/[22m[35massets/listings-overview-Cd8qIdwg.css              [39m[1m[2m 14.49 kB[22m[1m[22m[2m │ gzip:  3.07 kB[22m
[2mdist/[22m[35massets/careers-C2Y4GjFb.css                        [39m[1m[2m 14.72 kB[22m[1m[22m[2m │ gzip:  3.36 kB[22m
[2mdist/[22m[35massets/create-suggested-proposal-CxBDCqVo.css      [39m[1m[2m 14.84 kB[22m[1m[22m[2m │ gzip:  3.46 kB[22m
[2mdist/[22m[35massets/leases-overview-CVrCNMiq.css                [39m[1m[2m 15.01 kB[22m[1m[22m[2m │ gzip:  2.76 kB[22m
[2mdist/[22m[35massets/rental-application-CwelPw_q.css             [39m[1m[2m 15.23 kB[22m[1m[22m[2m │ gzip:  3.38 kB[22m
[2mdist/[22m[35massets/manage-rental-applications-B5k-1u2j.css     [39m[1m[2m 15.57 kB[22m[1m[22m[2m │ gzip:  3.40 kB[22m
[2mdist/[22m[35massets/EditListingDetails-BaBJWYF7.css             [39m[1m[2m 16.16 kB[22m[1m[22m[2m │ gzip:  3.26 kB[22m
[2mdist/[22m[35massets/manage-leases-payment-records-CdfTGm3m.css  [39m[1m[2m 16.65 kB[22m[1m[22m[2m │ gzip:  2.95 kB[22m
[2mdist/[22m[35massets/message-curation-DffcwoX9.css               [39m[1m[2m 16.79 kB[22m[1m[22m[2m │ gzip:  3.14 kB[22m
[2mdist/[22m[35massets/admin-threads-B-E72pV2.css                  [39m[1m[2m 17.13 kB[22m[1m[22m[2m │ gzip:  2.72 kB[22m
[2mdist/[22m[35massets/guest-relationships-nJ2y_-3Y.css            [39m[1m[2m 17.35 kB[22m[1m[22m[2m │ gzip:  3.32 kB[22m
[2mdist/[22m[35massets/list-with-us-CP4um_QZ.css                   [39m[1m[2m 17.52 kB[22m[1m[22m[2m │ gzip:  3.48 kB[22m
[2mdist/[22m[35massets/favorite-listings-BUch46ws.css              [39m[1m[2m 18.48 kB[22m[1m[22m[2m │ gzip:  4.04 kB[22m
[2mdist/[22m[35massets/host-leases-BI0LovK1.css                    [39m[1m[2m 18.57 kB[22m[1m[22m[2m │ gzip:  3.38 kB[22m
[2mdist/[22m[35massets/quick-match-DAJ9cl54.css                    [39m[1m[2m 19.07 kB[22m[1m[22m[2m │ gzip:  3.34 kB[22m
[2mdist/[22m[35massets/virtualMeetingRules-B9amxPjp.css            [39m[1m[2m 19.19 kB[22m[1m[22m[2m │ gzip:  4.08 kB[22m
[2mdist/[22m[35massets/Header-CT6apBMb.css                         [39m[1m[2m 21.70 kB[22m[1m[22m[2m │ gzip:  4.35 kB[22m
[2mdist/[22m[35massets/ScheduleCohost-Lb8B1mpK.css                 [39m[1m[2m 23.69 kB[22m[1m[22m[2m │ gzip:  4.37 kB[22m
[2mdist/[22m[35massets/manage-virtual-meetings-0Y_Gx-FD.css        [39m[1m[2m 24.51 kB[22m[1m[22m[2m │ gzip:  3.85 kB[22m
[2mdist/[22m[35massets/why-split-lease-BSRxtFhP.css                [39m[1m[2m 25.05 kB[22m[1m[22m[2m │ gzip:  4.72 kB[22m
[2mdist/[22m[35massets/reviews-overview-CTZdd0VS.css               [39m[1m[2m 25.27 kB[22m[1m[22m[2m │ gzip:  3.50 kB[22m
[2mdist/[22m[35massets/house-manual-mkHgOx0Y.css                   [39m[1m[2m 27.47 kB[22m[1m[22m[2m │ gzip:  4.13 kB[22m
[2mdist/[22m[35massets/self-listing-CDXyU4c2.css                   [39m[1m[2m 28.71 kB[22m[1m[22m[2m │ gzip:  6.03 kB[22m
[2mdist/[22m[35massets/host-overview-BvMuicBU.css                  [39m[1m[2m 31.40 kB[22m[1m[22m[2m │ gzip:  5.30 kB[22m
[2mdist/[22m[35massets/AccountProfilePage-DdsVFsZ9.css             [39m[1m[2m 33.25 kB[22m[1m[22m[2m │ gzip:  6.10 kB[22m
[2mdist/[22m[35massets/account-profile-qNr5y--H.css                [39m[1m[2m 33.46 kB[22m[1m[22m[2m │ gzip:  5.59 kB[22m
[2mdist/[22m[35massets/proposalDataFetcher-C_8idXi5.css            [39m[1m[2m 33.87 kB[22m[1m[22m[2m │ gzip:  6.36 kB[22m
[2mdist/[22m[35massets/list-with-us-v2-Dz7ITkXd.css                [39m[1m[2m 33.97 kB[22m[1m[22m[2m │ gzip:  6.53 kB[22m
[2mdist/[22m[35massets/self-listing-v2-DwOK384N.css                [39m[1m[2m 34.55 kB[22m[1m[22m[2m │ gzip:  6.56 kB[22m
[2mdist/[22m[35massets/messages-Dz1Dix2t.css                       [39m[1m[2m 39.89 kB[22m[1m[22m[2m │ gzip:  6.69 kB[22m
[2mdist/[22m[35massets/listing-dashboard-CA4cfyvu.css              [39m[1m[2m 62.75 kB[22m[1m[22m[2m │ gzip:  9.07 kB[22m
[2mdist/[22m[35massets/host-proposals-CUQUFEQE.css                 [39m[1m[2m 71.48 kB[22m[1m[22m[2m │ gzip: 11.72 kB[22m
[2mdist/[22m[35massets/guest-leases-DWnYhShA.css                   [39m[1m[2m 75.75 kB[22m[1m[22m[2m │ gzip: 13.32 kB[22m
[2mdist/[22m[35massets/schedule-DoKny_jn.css                       [39m[1m[2m 79.38 kB[22m[1m[22m[2m │ gzip: 12.53 kB[22m
[2mdist/[22m[35massets/guest-proposals-C41X_H7n.css                [39m[1m[2m106.40 kB[22m[1m[22m[2m │ gzip: 16.16 kB[22m
[2mdist/[22m[35massets/main-0SdA5Tub.css                           [39m[1m[2m205.70 kB[22m[1m[22m[2m │ gzip: 36.21 kB[22m
[2mdist/[22m[36massets/isGuest-DSCtqO4x.js                         [39m[1m[2m  0.14 kB[22m[1m[22m[2m │ gzip:  0.14 kB[22m
[2mdist/[22m[36massets/isHost-bTARCkET.js                          [39m[1m[2m  0.14 kB[22m[1m[22m[2m │ gzip:  0.14 kB[22m
[2mdist/[22m[36massets/pricingConstants-B1FVgRNI.js                [39m[1m[2m  0.15 kB[22m[1m[22m[2m │ gzip:  0.15 kB[22m
[2mdist/[22m[36massets/session-DmaxfMbZ.js                         [39m[1m[2m  0.19 kB[22m[1m[22m[2m │ gzip:  0.18 kB[22m
[2mdist/[22m[36massets/dayUtils-C3_GW2W5.js                        [39m[1m[2m  0.21 kB[22m[1m[22m[2m │ gzip:  0.17 kB[22m
[2mdist/[22m[36massets/check-BBX-UVYl.js                           [39m[1m[2m  0.29 kB[22m[1m[22m[2m │ gzip:  0.24 kB[22m
[2mdist/[22m[36massets/chevron-up-C7_OPm9E.js                      [39m[1m[2m  0.30 kB[22m[1m[22m[2m │ gzip:  0.24 kB[22m
[2mdist/[22m[36massets/chevron-down-B7KIWqf4.js                    [39m[1m[2m  0.30 kB[22m[1m[22m[2m │ gzip:  0.24 kB[22m
[2mdist/[22m[36massets/chevron-left-D_dat33c.js                    [39m[1m[2m  0.30 kB[22m[1m[22m[2m │ gzip:  0.25 kB[22m
[2mdist/[22m[36massets/chevron-right-DcedK1v8.js                   [39m[1m[2m  0.30 kB[22m[1m[22m[2m │ gzip:  0.25 kB[22m
[2mdist/[22m[36massets/toastService-BG6XElma.js                    [39m[1m[2m  0.30 kB[22m[1m[22m[2m │ gzip:  0.22 kB[22m
[2mdist/[22m[36massets/loader-circle-iQQrpmX_.js                   [39m[1m[2m  0.31 kB[22m[1m[22m[2m │ gzip:  0.25 kB[22m
[2mdist/[22m[36massets/square-DKliCj4y.js                          [39m[1m[2m  0.32 kB[22m[1m[22m[2m │ gzip:  0.25 kB[22m
[2mdist/[22m[36massets/plus-DaTBRXIv.js                            [39m[1m[2m  0.32 kB[22m[1m[22m[2m │ gzip:  0.25 kB[22m
[2mdist/[22m[36massets/clock-teHzlqDP.js                           [39m[1m[2m  0.33 kB[22m[1m[22m[2m │ gzip:  0.27 kB[22m
[2mdist/[22m[36massets/arrow-left-C_jrYMXO.js                      [39m[1m[2m  0.33 kB[22m[1m[22m[2m │ gzip:  0.26 kB[22m
[2mdist/[22m[36massets/arrow-right-CVmUQHIK.js                     [39m[1m[2m  0.33 kB[22m[1m[22m[2m │ gzip:  0.26 kB[22m
[2mdist/[22m[36massets/search-DZmLsY-g.js                          [39m[1m[2m  0.34 kB[22m[1m[22m[2m │ gzip:  0.27 kB[22m
[2mdist/[22m[36massets/circle-check-big-ClpvFraY.js                [39m[1m[2m  0.36 kB[22m[1m[22m[2m │ gzip:  0.28 kB[22m
[2mdist/[22m[36massets/user-PdB-Oaq9.js                            [39m[1m[2m  0.36 kB[22m[1m[22m[2m │ gzip:  0.28 kB[22m
[2mdist/[22m[36massets/info-DmEV_E36.js                            [39m[1m[2m  0.37 kB[22m[1m[22m[2m │ gzip:  0.28 kB[22m
[2mdist/[22m[36massets/circle-x-DIpMrFZS.js                        [39m[1m[2m  0.37 kB[22m[1m[22m[2m │ gzip:  0.28 kB[22m
[2mdist/[22m[36massets/credit-card-Ce7SI5eD.js                     [39m[1m[2m  0.38 kB[22m[1m[22m[2m │ gzip:  0.29 kB[22m
[2mdist/[22m[36massets/mail-DQ9BPTlp.js                            [39m[1m[2m  0.38 kB[22m[1m[22m[2m │ gzip:  0.30 kB[22m
[2mdist/[22m[36massets/moon-Dh4FxFaW.js                            [39m[1m[2m  0.39 kB[22m[1m[22m[2m │ gzip:  0.30 kB[22m
[2mdist/[22m[36massets/dollar-sign-DRaw-7VE.js                     [39m[1m[2m  0.39 kB[22m[1m[22m[2m │ gzip:  0.29 kB[22m
[2mdist/[22m[36massets/briefcase-DqvjcWnv.js                       [39m[1m[2m  0.39 kB[22m[1m[22m[2m │ gzip:  0.30 kB[22m
[2mdist/[22m[36massets/message-square-Ix7tY-Ny.js                  [39m[1m[2m  0.40 kB[22m[1m[22m[2m │ gzip:  0.30 kB[22m
[2mdist/[22m[36massets/message-circle-NRWDr1TC.js                  [39m[1m[2m  0.41 kB[22m[1m[22m[2m │ gzip:  0.31 kB[22m
[2mdist/[22m[36massets/circle-question-mark-DaNPZY4m.js            [39m[1m[2m  0.41 kB[22m[1m[22m[2m │ gzip:  0.31 kB[22m
[2mdist/[22m[36massets/circle-alert-Dl8_mOfg.js                    [39m[1m[2m  0.42 kB[22m[1m[22m[2m │ gzip:  0.29 kB[22m
[2mdist/[22m[36massets/external-link-D9voeY3c.js                   [39m[1m[2m  0.42 kB[22m[1m[22m[2m │ gzip:  0.30 kB[22m
[2mdist/[22m[36massets/eye-rPaasW_a.js                             [39m[1m[2m  0.42 kB[22m[1m[22m[2m │ gzip:  0.30 kB[22m
[2mdist/[22m[36massets/map-pin-Co5vFLrG.js                         [39m[1m[2m  0.42 kB[22m[1m[22m[2m │ gzip:  0.32 kB[22m
[2mdist/[22m[36massets/calendar-CFR-ABgK.js                        [39m[1m[2m  0.43 kB[22m[1m[22m[2m │ gzip:  0.30 kB[22m
[2mdist/[22m[36massets/zap-D4cRWDjF.js                             [39m[1m[2m  0.43 kB[22m[1m[22m[2m │ gzip:  0.31 kB[22m
[2mdist/[22m[36massets/triangle-alert-DDjIaVmR.js                  [39m[1m[2m  0.43 kB[22m[1m[22m[2m │ gzip:  0.31 kB[22m
[2mdist/[22m[36massets/pen-line-XDC3k03e.js                        [39m[1m[2m  0.45 kB[22m[1m[22m[2m │ gzip:  0.33 kB[22m
[2mdist/[22m[36massets/book-open-DZ02AIKC.js                       [39m[1m[2m  0.45 kB[22m[1m[22m[2m │ gzip:  0.31 kB[22m
[2mdist/[22m[36massets/house-C48Kn3vv.js                           [39m[1m[2m  0.45 kB[22m[1m[22m[2m │ gzip:  0.32 kB[22m
[2mdist/[22m[36massets/linkedin-B6Jn_6_o.js                        [39m[1m[2m  0.46 kB[22m[1m[22m[2m │ gzip:  0.33 kB[22m
[2mdist/[22m[36massets/send-DDf4_QPl.js                            [39m[1m[2m  0.46 kB[22m[1m[22m[2m │ gzip:  0.33 kB[22m
[2mdist/[22m[36massets/bell-CHoKHwzj.js                            [39m[1m[2m  0.46 kB[22m[1m[22m[2m │ gzip:  0.34 kB[22m
[2mdist/[22m[36massets/users-BBfrCioJ.js                           [39m[1m[2m  0.48 kB[22m[1m[22m[2m │ gzip:  0.32 kB[22m
[2mdist/[22m[36massets/shield-check-C2dQbjkh.js                    [39m[1m[2m  0.48 kB[22m[1m[22m[2m │ gzip:  0.35 kB[22m
[2mdist/[22m[36massets/file-check-BiE5wa9i.js                      [39m[1m[2m  0.49 kB[22m[1m[22m[2m │ gzip:  0.33 kB[22m
[2mdist/[22m[36massets/phone-C67O9AzV.js                           [39m[1m[2m  0.49 kB[22m[1m[22m[2m │ gzip:  0.33 kB[22m
[2mdist/[22m[36massets/trash-2-B-jBnKvk.js                         [39m[1m[2m  0.50 kB[22m[1m[22m[2m │ gzip:  0.31 kB[22m
[2mdist/[22m[36massets/camera-DGduQIZn.js                          [39m[1m[2m  0.51 kB[22m[1m[22m[2m │ gzip:  0.35 kB[22m
[2mdist/[22m[36massets/informationalTextsFetcher-ScXFRfoH.js       [39m[1m[2m  0.52 kB[22m[1m[22m[2m │ gzip:  0.33 kB[22m
[2mdist/[22m[36massets/file-text-CmCGyo87.js                       [39m[1m[2m  0.55 kB[22m[1m[22m[2m │ gzip:  0.35 kB[22m
[2mdist/[22m[36massets/star-BfuwkgB2.js                            [39m[1m[2m  0.64 kB[22m[1m[22m[2m │ gzip:  0.40 kB[22m
[2mdist/[22m[36massets/subMonths-tXDrhu56.js                       [39m[1m[2m  0.67 kB[22m[1m[22m[2m │ gzip:  0.34 kB[22m
[2mdist/[22m[36massets/faq-GJfiqt2X.js                             [39m[1m[2m  0.77 kB[22m[1m[22m[2m │ gzip:  0.42 kB[22m
[2mdist/[22m[36massets/reset-password-CxH8SLRs.js                  [39m[1m[2m  0.79 kB[22m[1m[22m[2m │ gzip:  0.47 kB[22m
[2mdist/[22m[36massets/ErrorBoundary-Cw0g8hyf.js                   [39m[1m[2m  0.79 kB[22m[1m[22m[2m │ gzip:  0.47 kB[22m
[2mdist/[22m[36massets/index-B1BdFx44.js                           [39m[1m[2m  0.80 kB[22m[1m[22m[2m │ gzip:  0.51 kB[22m
[2mdist/[22m[36massets/upload-BxIVWhDz.js                          [39m[1m[2m  0.84 kB[22m[1m[22m[2m │ gzip:  0.42 kB[22m
[2mdist/[22m[36massets/thumbs-down-C1Qr_fzQ.js                     [39m[1m[2m  0.90 kB[22m[1m[22m[2m │ gzip:  0.43 kB[22m
[2mdist/[22m[36massets/Button-CIaKMeGe.js                          [39m[1m[2m  0.98 kB[22m[1m[22m[2m │ gzip:  0.53 kB[22m
[2mdist/[22m[36massets/user-check-12ISgt5v.js                      [39m[1m[2m  1.02 kB[22m[1m[22m[2m │ gzip:  0.44 kB[22m
[2mdist/[22m[36massets/config-QPKPRtag.js                          [39m[1m[2m  1.05 kB[22m[1m[22m[2m │ gzip:  0.63 kB[22m
[2mdist/[22m[36massets/houseRulesService-DQe_kPwI.js               [39m[1m[2m  1.33 kB[22m[1m[22m[2m │ gzip:  0.46 kB[22m
[2mdist/[22m[36massets/rental-application-T1NNiHDN.js              [39m[1m[2m  1.59 kB[22m[1m[22m[2m │ gzip:  0.89 kB[22m
[2mdist/[22m[36massets/nightCalculations-BvAtd4RD.js               [39m[1m[2m  1.72 kB[22m[1m[22m[2m │ gzip:  0.74 kB[22m
[2mdist/[22m[36massets/emergencyService-D-xVCoyZ.js                [39m[1m[2m  1.75 kB[22m[1m[22m[2m │ gzip:  0.74 kB[22m
[2mdist/[22m[36massets/oauthCallbackHandler-NKI3fEWl.js            [39m[1m[2m  1.82 kB[22m[1m[22m[2m │ gzip:  0.78 kB[22m
[2mdist/[22m[36massets/404-V5ue-qv-.js                             [39m[1m[2m  2.04 kB[22m[1m[22m[2m │ gzip:  0.91 kB[22m
[2mdist/[22m[36massets/x-D48eiS61.js                               [39m[1m[2m  2.14 kB[22m[1m[22m[2m │ gzip:  0.87 kB[22m
[2mdist/[22m[36massets/availabilityValidation-ayHH1sGi.js          [39m[1m[2m  2.22 kB[22m[1m[22m[2m │ gzip:  0.99 kB[22m
[2mdist/[22m[36massets/useFeeCalculation-DgX-11P9.js               [39m[1m[2m  2.94 kB[22m[1m[22m[2m │ gzip:  1.20 kB[22m
[2mdist/[22m[36massets/photoUpload-BRwooUDP.js                     [39m[1m[2m  2.98 kB[22m[1m[22m[2m │ gzip:  1.25 kB[22m
[2mdist/[22m[36massets/useAuthenticatedUser-BRs6O1-r.js            [39m[1m[2m  3.19 kB[22m[1m[22m[2m │ gzip:  1.18 kB[22m
[2mdist/[22m[36massets/supabaseUtils-DfTXAX8n.js                   [39m[1m[2m  3.59 kB[22m[1m[22m[2m │ gzip:  1.53 kB[22m
[2mdist/[22m[36massets/CancelProposalModal-BdY9sbct.js             [39m[1m[2m  3.69 kB[22m[1m[22m[2m │ gzip:  1.61 kB[22m
[2mdist/[22m[36massets/nycZipCodes-DGfN4kWJ.js                     [39m[1m[2m  3.79 kB[22m[1m[22m[2m │ gzip:  1.28 kB[22m
[2mdist/[22m[36massets/Toast-CNfaRmg4.js                           [39m[1m[2m  4.76 kB[22m[1m[22m[2m │ gzip:  1.63 kB[22m
[2mdist/[22m[36massets/proposalStatuses-1Bj0NYR4.js                [39m[1m[2m  4.79 kB[22m[1m[22m[2m │ gzip:  1.26 kB[22m
[2mdist/[22m[36massets/InformationalText-DgHj0gF3.js               [39m[1m[2m  4.84 kB[22m[1m[22m[2m │ gzip:  2.06 kB[22m
[2mdist/[22m[36massets/host-success-CjF6P6-F.js                    [39m[1m[2m  4.85 kB[22m[1m[22m[2m │ gzip:  2.24 kB[22m
[2mdist/[22m[36massets/tokenValidation-DOvRl8Br.js                 [39m[1m[2m  4.93 kB[22m[1m[22m[2m │ gzip:  1.91 kB[22m
[2mdist/[22m[36massets/adaptLeaseFromSupabase-B1uIpZQJ.js          [39m[1m[2m  5.03 kB[22m[1m[22m[2m │ gzip:  1.81 kB[22m
[2mdist/[22m[36massets/aiService-BT8vdJKf.js                       [39m[1m[2m  5.10 kB[22m[1m[22m[2m │ gzip:  1.69 kB[22m
[2mdist/[22m[36massets/ResetPasswordPage-WTpMHmy2.js               [39m[1m[2m  5.11 kB[22m[1m[22m[2m │ gzip:  2.13 kB[22m
[2mdist/[22m[36massets/help-center-category-BwAQN5Ly.js            [39m[1m[2m  5.20 kB[22m[1m[22m[2m │ gzip:  2.14 kB[22m
[2mdist/[22m[36massets/policies-BV6r8S1n.js                        [39m[1m[2m  5.34 kB[22m[1m[22m[2m │ gzip:  2.17 kB[22m
[2mdist/[22m[36massets/displayUtils-BPJiOJaY.js                    [39m[1m[2m  5.35 kB[22m[1m[22m[2m │ gzip:  2.06 kB[22m
[2mdist/[22m[36massets/HostScheduleSelector-DSpAmsgB.js            [39m[1m[2m  5.69 kB[22m[1m[22m[2m │ gzip:  2.20 kB[22m
[2mdist/[22m[36massets/z-unit-chatgpt-models-DmmWX-g3.js           [39m[1m[2m  5.96 kB[22m[1m[22m[2m │ gzip:  1.88 kB[22m
[2mdist/[22m[36massets/auth-verify-DG1aWxI0.js                     [39m[1m[2m  6.33 kB[22m[1m[22m[2m │ gzip:  2.24 kB[22m
[2mdist/[22m[36massets/help-center-BsbruNG1.js                     [39m[1m[2m  6.43 kB[22m[1m[22m[2m │ gzip:  2.53 kB[22m
[2mdist/[22m[36massets/qr-code-landing-BiVOoAse.js                 [39m[1m[2m  6.54 kB[22m[1m[22m[2m │ gzip:  2.46 kB[22m
[2mdist/[22m[36massets/faq-DRAQ47_Z.js                             [39m[1m[2m  7.76 kB[22m[1m[22m[2m │ gzip:  2.85 kB[22m
[2mdist/[22m[36massets/referral-l0qq1BUp.js                        [39m[1m[2m  7.96 kB[22m[1m[22m[2m │ gzip:  2.73 kB[22m
[2mdist/[22m[36massets/z-sharath-test-BOVTQE58.js                  [39m[1m[2m  8.22 kB[22m[1m[22m[2m │ gzip:  2.23 kB[22m
[2mdist/[22m[36massets/create-document-BazVsG22.js                 [39m[1m[2m  8.50 kB[22m[1m[22m[2m │ gzip:  3.03 kB[22m
[2mdist/[22m[36massets/simulation-admin-4NR0tm5w.js                [39m[1m[2m  8.87 kB[22m[1m[22m[2m │ gzip:  3.26 kB[22m
[2mdist/[22m[36massets/jsx-runtime-D57y0dCe.js                     [39m[1m[2m  9.01 kB[22m[1m[22m[2m │ gzip:  3.39 kB[22m
[2mdist/[22m[36massets/host-guarantee-A_Zz7aSj.js                  [39m[1m[2m  9.27 kB[22m[1m[22m[2m │ gzip:  2.39 kB[22m
[2mdist/[22m[36massets/about-us-CMOWeZQV.js                        [39m[1m[2m  9.40 kB[22m[1m[22m[2m │ gzip:  3.18 kB[22m
[2mdist/[22m[36massets/ReferralModal-COeFcZM7.js                   [39m[1m[2m  9.48 kB[22m[1m[22m[2m │ gzip:  3.26 kB[22m
[2mdist/[22m[36massets/z-emails-unit-DX7qK2E8.js                   [39m[1m[2m  9.53 kB[22m[1m[22m[2m │ gzip:  3.58 kB[22m
[2mdist/[22m[36massets/send-magic-login-links-Ds9Sp8Zf.js          [39m[1m[2m 10.00 kB[22m[1m[22m[2m │ gzip:  3.35 kB[22m
[2mdist/[22m[36massets/dataLookups-Cu8VHRDY.js                     [39m[1m[2m 10.17 kB[22m[1m[22m[2m │ gzip:  3.12 kB[22m
[2mdist/[22m[36massets/z-search-unit-test-CGBcWK1P.js              [39m[1m[2m 11.27 kB[22m[1m[22m[2m │ gzip:  3.33 kB[22m
[2mdist/[22m[36massets/experience-responses-DqpRHYRA.js            [39m[1m[2m 11.56 kB[22m[1m[22m[2m │ gzip:  3.48 kB[22m
[2mdist/[22m[36massets/help-center-CsUN002A.js                     [39m[1m[2m 12.12 kB[22m[1m[22m[2m │ gzip:  3.66 kB[22m
[2mdist/[22m[36massets/guest-success-CrCTNmy1.js                   [39m[1m[2m 12.17 kB[22m[1m[22m[2m │ gzip:  4.11 kB[22m
[2mdist/[22m[36massets/Footer-DqJDORnA.js                          [39m[1m[2m 12.66 kB[22m[1m[22m[2m │ gzip:  4.09 kB[22m
[2mdist/[22m[36massets/test-contracts-CWZO9ppT.js                  [39m[1m[2m 13.41 kB[22m[1m[22m[2m │ gzip:  4.75 kB[22m
[2mdist/[22m[36massets/report-emergency-Dx4UjztD.js                [39m[1m[2m 14.36 kB[22m[1m[22m[2m │ gzip:  4.38 kB[22m
[2mdist/[22m[36massets/verify-users-O3E4PxXn.js                    [39m[1m[2m 14.80 kB[22m[1m[22m[2m │ gzip:  4.45 kB[22m
[2mdist/[22m[36massets/AdminHeader-ZweIFCd8.js                     [39m[1m[2m 15.08 kB[22m[1m[22m[2m │ gzip:  4.39 kB[22m
[2mdist/[22m[36massets/list-with-us-Cl52GPMr.js                    [39m[1m[2m 15.66 kB[22m[1m[22m[2m │ gzip:  4.46 kB[22m
[2mdist/[22m[36massets/guest-simulation-DIsnS5IR.js                [39m[1m[2m 17.47 kB[22m[1m[22m[2m │ gzip:  4.97 kB[22m
[2mdist/[22m[36massets/internal-test-mns1p20B.js                   [39m[1m[2m 17.58 kB[22m[1m[22m[2m │ gzip:  5.92 kB[22m
[2mdist/[22m[36massets/z-schedule-test-B8PzT0mL.js                 [39m[1m[2m 17.69 kB[22m[1m[22m[2m │ gzip:  5.05 kB[22m
[2mdist/[22m[36massets/quick-match-qnF_wsig.js                     [39m[1m[2m 18.12 kB[22m[1m[22m[2m │ gzip:  4.99 kB[22m
[2mdist/[22m[36massets/listingService-DeBLBTqP.js                  [39m[1m[2m 18.62 kB[22m[1m[22m[2m │ gzip:  6.00 kB[22m
[2mdist/[22m[36massets/email-sms-unit-CvWkm75E.js                  [39m[1m[2m 19.02 kB[22m[1m[22m[2m │ gzip:  5.87 kB[22m
[2mdist/[22m[36massets/host-experience-review-D5kuz4yB.js          [39m[1m[2m 19.34 kB[22m[1m[22m[2m │ gzip:  4.82 kB[22m
[2mdist/[22m[36massets/format-AibE8BX3.js                          [39m[1m[2m 20.42 kB[22m[1m[22m[2m │ gzip:  5.79 kB[22m
[2mdist/[22m[36massets/simulation-hostside-demo-F1zmC-T1.js        [39m[1m[2m 20.46 kB[22m[1m[22m[2m │ gzip:  5.91 kB[22m
[2mdist/[22m[36massets/manage-informational-texts-DqO9auPz.js      [39m[1m[2m 20.58 kB[22m[1m[22m[2m │ gzip:  6.00 kB[22m
[2mdist/[22m[36massets/ScheduleCohost-DdwgMiLz.js                  [39m[1m[2m 20.59 kB[22m[1m[22m[2m │ gzip:  6.05 kB[22m
[2mdist/[22m[36massets/careers-Tpavqk5R.js                         [39m[1m[2m 21.20 kB[22m[1m[22m[2m │ gzip:  5.57 kB[22m
[2mdist/[22m[36massets/simulation-guest-mobile-BedY4A16.js         [39m[1m[2m 22.19 kB[22m[1m[22m[2m │ gzip:  5.13 kB[22m
[2mdist/[22m[36massets/guest-experience-review-ByeDV4KX.js         [39m[1m[2m 22.78 kB[22m[1m[22m[2m │ gzip:  6.19 kB[22m
[2mdist/[22m[36massets/internal-emergency-Cdlhl-Ut.js              [39m[1m[2m 23.00 kB[22m[1m[22m[2m │ gzip:  5.96 kB[22m
[2mdist/[22m[36massets/usability-data-management-C-_Djxcx.js       [39m[1m[2m 23.04 kB[22m[1m[22m[2m │ gzip:  5.82 kB[22m
[2mdist/[22m[36massets/ProposalSuccessModal-Cc1THBha.js            [39m[1m[2m 23.15 kB[22m[1m[22m[2m │ gzip:  6.77 kB[22m
[2mdist/[22m[36massets/visit-manual-CM9UFvuX.js                    [39m[1m[2m 23.25 kB[22m[1m[22m[2m │ gzip:  6.76 kB[22m
[2mdist/[22m[36massets/GoogleMap-DPVEImeZ.js                       [39m[1m[2m 23.44 kB[22m[1m[22m[2m │ gzip:  8.16 kB[22m
[2mdist/[22m[36massets/admin-threads-icWMUc38.js                   [39m[1m[2m 24.22 kB[22m[1m[22m[2m │ gzip:  6.08 kB[22m
[2mdist/[22m[36massets/ListingScheduleSelector-cb0HK4t5.js         [39m[1m[2m 24.28 kB[22m[1m[22m[2m │ gzip:  7.62 kB[22m
[2mdist/[22m[36massets/simulation-guestside-demo-CQyRJYuc.js       [39m[1m[2m 24.83 kB[22m[1m[22m[2m │ gzip:  7.42 kB[22m
[2mdist/[22m[36massets/auth-0SZFZ1X-.js                            [39m[1m[2m 25.80 kB[22m[1m[22m[2m │ gzip:  6.29 kB[22m
[2mdist/[22m[36massets/z-unit-payment-records-js-BmMUHDTE.js       [39m[1m[2m 26.35 kB[22m[1m[22m[2m │ gzip:  6.29 kB[22m
[2mdist/[22m[36massets/why-split-lease-CdSSjBFv.js                 [39m[1m[2m 26.50 kB[22m[1m[22m[2m │ gzip:  7.05 kB[22m
[2mdist/[22m[36massets/listings-overview-DfR2u4Sw.js               [39m[1m[2m 29.70 kB[22m[1m[22m[2m │ gzip:  8.11 kB[22m
[2mdist/[22m[36massets/leases-overview-Dus8PfMf.js                 [39m[1m[2m 29.72 kB[22m[1m[22m[2m │ gzip:  8.28 kB[22m
[2mdist/[22m[36massets/ai-tools-CEusjbXP.js                        [39m[1m[2m 29.97 kB[22m[1m[22m[2m │ gzip:  6.94 kB[22m
[2mdist/[22m[36massets/message-curation-Bmb7mNx8.js                [39m[1m[2m 30.22 kB[22m[1m[22m[2m │ gzip:  7.54 kB[22m
[2mdist/[22m[36massets/reviews-overview-BYwE-zi5.js                [39m[1m[2m 30.85 kB[22m[1m[22m[2m │ gzip:  8.12 kB[22m
[2mdist/[22m[36massets/simulation-host-mobile-D05Oe1x-.js          [39m[1m[2m 31.13 kB[22m[1m[22m[2m │ gzip:  7.46 kB[22m
[2mdist/[22m[36massets/host-overview-BW6Z3aoG.js                   [39m[1m[2m 33.03 kB[22m[1m[22m[2m │ gzip:  9.07 kB[22m
[2mdist/[22m[36massets/co-host-requests-4v28VmLN.js                [39m[1m[2m 33.07 kB[22m[1m[22m[2m │ gzip:  7.45 kB[22m
[2mdist/[22m[36massets/quick-price-Bx0-kk5z.js                     [39m[1m[2m 33.64 kB[22m[1m[22m[2m │ gzip:  8.09 kB[22m
[2mdist/[22m[36massets/SearchScheduleSelector-B-mr96kt.js          [39m[1m[2m 35.28 kB[22m[1m[22m[2m │ gzip: 13.64 kB[22m
[2mdist/[22m[36massets/manage-rental-applications-DcCSTQ9Q.js      [39m[1m[2m 36.25 kB[22m[1m[22m[2m │ gzip:  8.99 kB[22m
[2mdist/[22m[36massets/virtualMeetingRules-Bu_9MdNH.js             [39m[1m[2m 37.30 kB[22m[1m[22m[2m │ gzip: 10.43 kB[22m
[2mdist/[22m[36massets/preview-split-lease-C9KEKSaV.js             [39m[1m[2m 37.67 kB[22m[1m[22m[2m │ gzip:  9.67 kB[22m
[2mdist/[22m[36massets/_pricing-unit-test-CIhxRrLA.js              [39m[1m[2m 38.02 kB[22m[1m[22m[2m │ gzip:  9.61 kB[22m
[2mdist/[22m[36massets/host-leases-ePsQ8Qtm.js                     [39m[1m[2m 38.43 kB[22m[1m[22m[2m │ gzip: 10.68 kB[22m
[2mdist/[22m[36massets/guest-relationships-DYzje7Hg.js             [39m[1m[2m 38.83 kB[22m[1m[22m[2m │ gzip:  9.79 kB[22m
[2mdist/[22m[36massets/messages-Cz80t5ie.js                        [39m[1m[2m 39.53 kB[22m[1m[22m[2m │ gzip: 11.56 kB[22m
[2mdist/[22m[36massets/proposal-manage-DD_VxeV6.js                 [39m[1m[2m 40.99 kB[22m[1m[22m[2m │ gzip:  9.71 kB[22m
[2mdist/[22m[36massets/create-suggested-proposal-D7yGuGxJ.js       [39m[1m[2m 46.90 kB[22m[1m[22m[2m │ gzip: 12.15 kB[22m
[2mdist/[22m[36massets/favorite-listings-rG9AsWc9.js               [39m[1m[2m 48.69 kB[22m[1m[22m[2m │ gzip: 14.56 kB[22m
[2mdist/[22m[36massets/Header-CB-rRTwo.js                          [39m[1m[2m 50.68 kB[22m[1m[22m[2m │ gzip: 13.75 kB[22m
[2mdist/[22m[36massets/manage-virtual-meetings-BL4PhHNf.js         [39m[1m[2m 52.16 kB[22m[1m[22m[2m │ gzip: 12.26 kB[22m
[2mdist/[22m[36massets/house-manual-NQz5IUeh.js                    [39m[1m[2m 53.44 kB[22m[1m[22m[2m │ gzip: 12.90 kB[22m
[2mdist/[22m[36massets/EditListingDetails-BzaZSOV-.js              [39m[1m[2m 58.34 kB[22m[1m[22m[2m │ gzip: 12.50 kB[22m
[2mdist/[22m[36massets/manage-leases-payment-records-CerMSryg.js   [39m[1m[2m 66.17 kB[22m[1m[22m[2m │ gzip: 15.28 kB[22m
[2mdist/[22m[36massets/view-split-lease-7LS_zxVn.js                [39m[1m[2m 67.65 kB[22m[1m[22m[2m │ gzip: 16.27 kB[22m
[2mdist/[22m[36massets/self-listing-v2-BRJdDkgg.js                 [39m[1m[2m 67.92 kB[22m[1m[22m[2m │ gzip: 20.46 kB[22m
[2mdist/[22m[36massets/modify-listings-C_Gj5YyE.js                 [39m[1m[2m 76.23 kB[22m[1m[22m[2m │ gzip: 18.54 kB[22m
[2mdist/[22m[36massets/search-qIKiOstg.js                          [39m[1m[2m 76.24 kB[22m[1m[22m[2m │ gzip: 22.18 kB[22m
[2mdist/[22m[36massets/self-listing-Dg6aFMEv.js                    [39m[1m[2m 90.82 kB[22m[1m[22m[2m │ gzip: 23.61 kB[22m
[2mdist/[22m[36massets/schedule-DGB7RuJz.js                        [39m[1m[2m 95.57 kB[22m[1m[22m[2m │ gzip: 23.57 kB[22m
[2mdist/[22m[36massets/listing-dashboard-CL8GVahG.js               [39m[1m[2m121.06 kB[22m[1m[22m[2m │ gzip: 28.88 kB[22m
[2mdist/[22m[36massets/proposalDataFetcher-Bsyx6yQL.js             [39m[1m[2m121.17 kB[22m[1m[22m[2m │ gzip: 32.08 kB[22m
[2mdist/[22m[36massets/host-proposals-D27eYfov.js                  [39m[1m[2m128.60 kB[22m[1m[22m[2m │ gzip: 31.43 kB[22m
[2mdist/[22m[36massets/guest-leases-BoyPZKJr.js                    [39m[1m[2m129.46 kB[22m[1m[22m[2m │ gzip: 36.70 kB[22m
[2mdist/[22m[36massets/account-profile-tfUMtzy6.js                 [39m[1m[2m132.22 kB[22m[1m[22m[2m │ gzip: 35.71 kB[22m
[2mdist/[22m[36massets/client-DHlshjDh.js                          [39m[1m[2m133.98 kB[22m[1m[22m[2m │ gzip: 43.14 kB[22m
[2mdist/[22m[36massets/index-FqSEOYrv.js                           [39m[1m[2m139.15 kB[22m[1m[22m[2m │ gzip: 52.73 kB[22m
[2mdist/[22m[36massets/guest-proposals-CL4L6SQU.js                 [39m[1m[2m155.20 kB[22m[1m[22m[2m │ gzip: 39.82 kB[22m
[2mdist/[22m[36massets/list-with-us-v2-D-JqNAGE.js                 [39m[1m[2m170.57 kB[22m[1m[22m[2m │ gzip: 55.53 kB[22m
[2mdist/[22m[36massets/supabase-C0duSxMx.js                        [39m[1m[2m173.42 kB[22m[1m[22m[2m │ gzip: 45.55 kB[22m
[2mdist/[22m[36massets/AiSignupMarketReport-ChcsJQGk.js            [39m[1m[2m358.46 kB[22m[1m[22m[2m │ gzip: 91.99 kB[22m
[32m✓ built in 20.24s[39m
Moved 404.html to dist root
Moved about-us.html to dist root
Moved account-profile.html to dist root
Moved admin-threads.html to dist root
Moved ai-tools.html to dist root
Moved auth-verify.html to dist root
Moved careers.html to dist root
Moved co-host-requests.html to dist root
Moved create-document.html to dist root
Moved create-suggested-proposal.html to dist root
Moved email-sms-unit.html to dist root
Moved experience-responses.html to dist root
Moved faq.html to dist root
Moved favorite-listings.html to dist root
Moved guest-experience-review.html to dist root
Moved guest-leases.html to dist root
Moved guest-proposals.html to dist root
Moved guest-relationships.html to dist root
Moved guest-simulation.html to dist root
Moved guest-success.html to dist root
Moved help-center-category.html to dist root
Moved help-center.html to dist root
Moved host-experience-review.html to dist root
Moved host-guarantee.html to dist root
Moved host-leases.html to dist root
Moved host-overview.html to dist root
Moved host-proposals.html to dist root
Moved host-success.html to dist root
Moved house-manual.html to dist root
Moved index.html to dist root
Moved internal-emergency.html to dist root
Moved internal-test.html to dist root
Moved leases-overview.html to dist root
Moved list-with-us-v2.html to dist root
Moved list-with-us.html to dist root
Moved listing-dashboard.html to dist root
Moved listings-overview.html to dist root
Moved manage-informational-texts.html to dist root
Moved manage-leases-payment-records.html to dist root
Moved manage-rental-applications.html to dist root
Moved manage-virtual-meetings.html to dist root
Moved message-curation.html to dist root
Moved messages.html to dist root
Moved modify-listings.html to dist root
Moved policies.html to dist root
Moved preview-split-lease.html to dist root
Moved proposal-manage.html to dist root
Moved qr-code-landing.html to dist root
Moved quick-match.html to dist root
Moved quick-price.html to dist root
Moved referral.html to dist root
Moved rental-application.html to dist root
Moved report-emergency.html to dist root
Moved reset-password.html to dist root
Moved reviews-overview.html to dist root
Moved schedule.html to dist root
Moved search.html to dist root
Moved self-listing-v2.html to dist root
Moved self-listing.html to dist root
Moved send-magic-login-links.html to dist root
Moved simulation-admin.html to dist root
Moved simulation-guest-mobile.html to dist root
Moved simulation-guestside-demo.html to dist root
Moved simulation-host-mobile.html to dist root
Moved simulation-hostside-demo.html to dist root
Moved test-contracts.html to dist root
Moved usability-data-management.html to dist root
Moved verify-users.html to dist root
Moved view-split-lease.html to dist root
Moved visit-manual.html to dist root
Moved why-split-lease.html to dist root
Moved z-emails-unit.html to dist root
Moved z-schedule-test.html to dist root
Moved z-search-unit-test.html to dist root
Moved z-sharath-test.html to dist root
Moved z-unit-chatgpt-models.html to dist root
Moved z-unit-payment-records-js.html to dist root
Moved _pricing-unit-test.html to dist root
Copied assets directory to dist/assets
Copied _redirects to dist root
Copied _headers to dist root
Copied _routes.json to dist root
Created _internal/search-view for Cloudflare routing
Created _internal/quick-match-view for Cloudflare routing
Created _internal/listing-view for Cloudflare routing
Created _internal/preview-listing-view for Cloudflare routing
Created _internal/guest-proposals-view for Cloudflare routing
Created _internal/account-profile-view for Cloudflare routing
Created _internal/help-center-view for Cloudflare routing
Created _internal/help-center-category-view for Cloudflare routing
Created _internal/faq-view for Cloudflare routing
Created _internal/policies-view for Cloudflare routing
Created _internal/list-with-us-view for Cloudflare routing
Created _internal/list-with-us-v2-view for Cloudflare routing
Created _internal/why-split-lease-view for Cloudflare routing
Created _internal/careers-view for Cloudflare routing
Created _internal/about-us-view for Cloudflare routing
Created _internal/host-guarantee-view for Cloudflare routing
Created _internal/referral-view for Cloudflare routing
Created _internal/guest-success-view for Cloudflare routing
Created _internal/host-success-view for Cloudflare routing
Created _internal/guest-leases-view for Cloudflare routing
Created _internal/schedule-view for Cloudflare routing
Created _internal/host-proposals-view for Cloudflare routing
Created _internal/host-leases-view for Cloudflare routing
Created _internal/self-listing-view for Cloudflare routing
Created _internal/self-listing-v2-view for Cloudflare routing
Created _internal/listing-dashboard-view for Cloudflare routing
Created _internal/host-overview-view for Cloudflare routing
Created _internal/favorite-listings-view for Cloudflare routing
Created _internal/rental-application-view for Cloudflare routing
Created _internal/reset-password-view for Cloudflare routing
Created _internal/auth-verify-view for Cloudflare routing
Created _internal/messages-view for Cloudflare routing
Created _internal/house-manual-view for Cloudflare routing
Created _internal/visit-manual-view for Cloudflare routing
Created _internal/qr-code-landing-view for Cloudflare routing
Created _internal/signup-trial-host-view for Cloudflare routing
Created _internal/internal-test-view for Cloudflare routing
Created _internal/create-suggested-proposal-view for Cloudflare routing
Created _internal/leases-overview-view for Cloudflare routing
Created _internal/email-sms-unit-view for Cloudflare routing
Created _internal/guest-simulation-view for Cloudflare routing
Created _internal/simulation-guest-mobile-view for Cloudflare routing
Created _internal/simulation-guestside-demo-view for Cloudflare routing
Created _internal/simulation-hostside-demo-view for Cloudflare routing
Created _internal/simulation-host-mobile-view for Cloudflare routing
Created _internal/guest-relationships-view for Cloudflare routing
Created _internal/manage-virtual-meetings-view for Cloudflare routing
Created _internal/manage-informational-texts-view for Cloudflare routing
Created _internal/quick-price-view for Cloudflare routing
Created _internal/verify-users-view for Cloudflare routing
Created _internal/co-host-requests-view for Cloudflare routing
Created _internal/simulation-admin-view for Cloudflare routing
Created _internal/send-magic-login-links-view for Cloudflare routing
Created _internal/modify-listings-view for Cloudflare routing
Created _internal/message-curation-view for Cloudflare routing
Created _internal/usability-data-management-view for Cloudflare routing
Created _internal/ai-tools-view for Cloudflare routing
Created _internal/internal-emergency-view for Cloudflare routing
Created _internal/admin-threads-view for Cloudflare routing
Created _internal/manage-rental-applications-view for Cloudflare routing
Created _internal/create-document-view for Cloudflare routing
Created _internal/proposal-manage-view for Cloudflare routing
Created _internal/listings-overview-view for Cloudflare routing
Created _internal/experience-responses-view for Cloudflare routing
Created _internal/guest-experience-review-view for Cloudflare routing
Created _internal/host-experience-review-view for Cloudflare routing
Created _internal/reviews-overview-view for Cloudflare routing
Created _internal/z-search-unit-test-view for Cloudflare routing
Created _internal/z-emails-unit-view for Cloudflare routing
Created _internal/_pricing-unit-test-view for Cloudflare routing
Created _internal/z-schedule-test-view for Cloudflare routing
Created _internal/z-sharath-test-view for Cloudflare routing
Created _internal/z-unit-chatgpt-models-view for Cloudflare routing
Created _internal/report-emergency-view for Cloudflare routing
Created _internal/z-unit-payment-records-js-view for Cloudflare routing
Created _internal/manage-leases-payment-records-view for Cloudflare routing
Created _internal/test-contracts-view for Cloudflare routing
Created _internal/credit-card-auth-view for Cloudflare routing
Created _internal/host-payout-view for Cloudflare routing
Created _internal/periodic-tenancy-view for Cloudflare routing
Created _internal/supplemental-view for Cloudflare routing
Copied images directory to dist root
Copied help-center-articles directory to dist root
Copied functions directory to dist root
